02-19 03:30:22.217  1349  1536 W ActivityManager: Slow operation: 108ms so far, now at startProcess: done updating battery stats
02-19 03:30:22.217  1349  1536 W ActivityManager: Slow operation: 109ms so far, now at startProcess: building log message
02-19 03:30:22.217  1349  1536 I ActivityManager: Start proc 9550:com.microsoft.next:Next_LockScreen_Process/u0a34 for service com.microsoft.next/service.LockScreenService
02-19 03:30:22.217  1349  1536 W ActivityManager: Slow operation: 109ms so far, now at startProcess: starting to update pids map
02-19 03:30:22.217  1349  1536 W ActivityManager: Slow operation: 109ms so far, now at startProcess: done updating pids map
02-19 03:30:22.217  1349  1536 W ActivityManager: Slow operation: 109ms so far, now at startProcess: done starting proc!
02-19 03:30:22.506  1782  1782 W ContextImpl: Calling a method in the system process without a qualified user: android.app.ContextImpl.startService:1357 android.content.ContextWrapper.startService:613 android.content.ContextWrapper.startService:613 com.android.coreservice.CoreBroadcastReceiver.onReceive:53 android.app.ActivityThread.handleReceiver:3045 
02-19 03:30:23.475  1782  1782 W ContextImpl: Calling a method in the system process without a qualified user: android.app.ContextImpl.startService:1357 android.content.ContextWrapper.startService:613 android.content.ContextWrapper.startService:613 com.android.coreservice.CoreBroadcastReceiver.onReceive:53 android.app.ActivityThread.handleReceiver:3045 
02-19 03:30:32.256  1349  1797 W InputMethodManagerService: Window already focused, ignoring focus gain of: com.android.internal.view.IInputMethodClient$Stub$Proxy@ce9954e attribute=null, token = android.os.BinderProxy@63c3508
02-19 03:30:34.269  1349  1349 W WindowManager: Attempted to remove non-existing token: android.os.Binder@a0c2849
02-19 03:36:51.363  1349  1369 I UsageStatsService: User[0] Flushing usage stats to disk
02-19 03:50:43.121  1349  1374 E BatteryStatsService: no controller energy info supplied
02-19 03:50:43.121  1349  1374 E BatteryStatsService: no controller energy info supplied
02-19 03:50:43.128  1349  1374 E KernelCpuSpeedReader: Failed to read cpu-freq: /sys/devices/system/cpu/cpu0/cpufreq/stats/time_in_state (No such file or directory)
02-19 03:50:43.137  1349  1374 E BatteryStatsService: modem info is invalid: ModemActivityInfo{ mTimestamp=0 mSleepTimeMs=0 mIdleTimeMs=0 mTxTimeMs[]=[0, 0, 0, 0, 0] mRxTimeMs=0 mEnergyUsed=0}
02-19 03:57:00.006  1349  1370 I ProcessStatsService: Prepared write state in 0ms
02-19 04:20:43.123  1349  1374 E BatteryStatsService: no controller energy info supplied
02-19 04:20:43.124  1349  1374 E BatteryStatsService: no controller energy info supplied
02-19 04:20:43.129  1349  1374 E KernelCpuSpeedReader: Failed to read cpu-freq: /sys/devices/system/cpu/cpu0/cpufreq/stats/time_in_state (No such file or directory)
02-19 04:20:43.132  1349  1374 E BatteryStatsService: modem info is invalid: ModemActivityInfo{ mTimestamp=0 mSleepTimeMs=0 mIdleTimeMs=0 mTxTimeMs[]=[0, 0, 0, 0, 0] mRxTimeMs=0 mEnergyUsed=0}
02-19 04:27:00.009  1349  1370 I ProcessStatsService: Prepared write state in 0ms
02-19 04:27:33.633  1349  1362 W WindowManager: Attempted to remove non-existing token: android.os.Binder@e0fe19a
02-19 04:31:01.243  1782  1782 W ContextImpl: Calling a method in the system process without a qualified user: android.app.ContextImpl.startService:1357 android.content.ContextWrapper.startService:613 android.content.ContextWrapper.startService:613 com.android.coreservice.CoreBroadcastReceiver.onReceive:44 android.app.ActivityThread.handleReceiver:3045 
02-19 04:31:01.561  1782  1782 W ContextImpl: Calling a method in the system process without a qualified user: android.app.ContextImpl.startService:1357 android.content.ContextWrapper.startService:613 android.content.ContextWrapper.startService:613 com.android.coreservice.CoreBroadcastReceiver.onReceive:53 android.app.ActivityThread.handleReceiver:3045 
02-19 04:31:01.605  1782  1782 W ContextImpl: Calling a method in the system process without a qualified user: android.app.ContextImpl.sendBroadcast:892 android.content.ContextWrapper.sendBroadcast:426 com.android.coreservice.TabManager.notifyClosing:345 com.android.coreservice.TabManager.updateInner:182 com.android.coreservice.TabManager.onUpdate:217 
02-19 04:31:01.727  1349  1370 I ActivityManager: Killing 1856:com.android.keychain/1000 (adj 906): empty for 3656s
02-19 04:31:01.822  1349  1362 D ActivityManager: cleanUpApplicationRecord -- 1856
02-19 04:31:09.103  1349  1363 W BackupManagerService: dataChanged but no participant pkg='com.android.launcher3' uid=10029
02-19 04:31:09.106  1349  1730 W BackupManagerService: dataChanged but no participant pkg='com.android.launcher3' uid=10029
02-19 04:31:09.108  1349  1523 W BackupManagerService: dataChanged but no participant pkg='com.android.launcher3' uid=10029
02-19 04:31:12.545  1782  1782 W PackageParser: Ignoring duplicate uses-permissions/uses-permissions-sdk-m: android.permission.READ_PRIVILEGED_PHONE_STATE in package: com.ximalaya.ting.android at: Binary XML file line #166
02-19 04:31:12.556  1782  1782 W PackageParser: No actions in intent filter at /data/local/file-cache/0.apk Binary XML file line #2601
02-19 04:31:13.602  1349  1403 D PackageManager: trying to move /data/local/file-cache/0.apk to /data/app/vmdl1026516423.tmp/base.apk result=true
02-19 04:31:15.347  1349  1403 W PackageParser: Ignoring duplicate uses-permissions/uses-permissions-sdk-m: android.permission.READ_PRIVILEGED_PHONE_STATE in package: com.ximalaya.ting.android at: Binary XML file line #166
02-19 04:31:15.353  1349  1403 W PackageParser: No actions in intent filter at /data/app/vmdl1026516423.tmp/base.apk Binary XML file line #2601
02-19 04:31:18.224  1349  1403 I PackageManager: do copyNativeBinariesForSupportedAbi copyRet=1
02-19 04:31:18.237  1349  1403 W PackageManager: Package com.ximalaya.ting.android desires unavailable shared library org.simalliance.openmobileapi; ignoring!
02-19 04:31:18.383  1349  1403 W PackageManager: Package com.ximalaya.ting.android desires unavailable shared library org.simalliance.openmobileapi; ignoring!
02-19 04:31:18.502  1349  1403 W PackageManager: Unknown permission com.xiaomi.permission.AUTH_SERVICE in package com.ximalaya.ting.android
02-19 04:31:18.502  1349  1403 W PackageManager: Unknown permission com.android.launcher.permission.READ_SETTINGS in package com.ximalaya.ting.android
02-19 04:31:18.502  1349  1403 W PackageManager: Unknown permission com.huawei.android.launcher.permission.CHANGE_BADGE in package com.ximalaya.ting.android
02-19 04:31:18.502  1349  1403 W PackageManager: Unknown permission org.simalliance.openmobileapi.SMARTCARD in package com.ximalaya.ting.android
02-19 04:31:18.503  1349  1403 W PackageManager: Unknown permission com.vivo.notification.permission.BADGE_ICON in package com.ximalaya.ting.android
02-19 04:31:18.503  1349  1403 W PackageManager: Unknown permission com.huawei.hicar.HICAR_PERMISSION in package com.ximalaya.ting.android
02-19 04:31:18.503  1349  1403 W PackageManager: Unknown permission com.huawei.hicar.APP_RECIEVE_PERMISSION in package com.ximalaya.ting.android
02-19 04:31:18.503  1349  1403 W PackageManager: Unknown permission com.asus.msa.SupplementaryDID.ACCESS in package com.ximalaya.ting.android
02-19 04:31:18.503  1349  1403 W PackageManager: Unknown permission android.permission.FOREGROUND_SERVICE in package com.ximalaya.ting.android
02-19 04:31:18.503  1349  1403 W PackageManager: Unknown permission com.huawei.android.launcher.permission.READ_SETTINGS in package com.ximalaya.ting.android
02-19 04:31:18.503  1349  1403 W PackageManager: Unknown permission com.huawei.android.launcher.permission.WRITE_SETTINGS in package com.ximalaya.ting.android
02-19 04:31:18.503  1349  1403 W PackageManager: Unknown permission com.oppo.launcher.permission.CHANGE_BADGE in package com.ximalaya.ting.android
02-19 04:31:18.503  1349  1403 W PackageManager: Unknown permission com.oppo.launcher.permission.READ_SETTINGS in package com.ximalaya.ting.android
02-19 04:31:18.503  1349  1403 W PackageManager: Unknown permission com.oppo.launcher.permission.WRITE_SETTINGS in package com.ximalaya.ting.android
02-19 04:31:18.503  1349  1403 W PackageManager: Unknown permission com.sec.android.provider.badge.permission.READ in package com.ximalaya.ting.android
02-19 04:31:18.503  1349  1403 W PackageManager: Unknown permission com.sec.android.provider.badge.permission.WRITE in package com.ximalaya.ting.android
02-19 04:31:18.503  1349  1403 W PackageManager: Unknown permission com.sonyericsson.home.permission.BROADCAST_BADGE in package com.ximalaya.ting.android
02-19 04:31:18.503  1349  1403 W PackageManager: Unknown permission com.sonymobile.home.permission.PROVIDER_INSERT_BADGE in package com.ximalaya.ting.android
02-19 04:31:18.503  1349  1403 W PackageManager: Not granting permission android.permission.READ_PRIVILEGED_PHONE_STATE to package com.ximalaya.ting.android (protectionLevel=18 flags=0x38183e44)
02-19 04:31:18.503  1349  1403 W PackageManager: Unknown permission com.coloros.mcs.permission.RECIEVE_MCS_MESSAGE in package com.ximalaya.ting.android
02-19 04:31:18.503  1349  1403 W PackageManager: Unknown permission com.heytap.mcs.permission.RECIEVE_MCS_MESSAGE in package com.ximalaya.ting.android
02-19 04:31:18.503  1349  1403 W PackageManager: Unknown permission com.huawei.appmarket.service.commondata.permission.GET_COMMON_DATA in package com.ximalaya.ting.android
02-19 04:31:19.115  1349  1370 W ActivityManager: Slow operation: 106ms so far, now at startProcess: returned from zygote!
02-19 04:31:19.120  1349  1370 W ActivityManager: Slow operation: 111ms so far, now at startProcess: done updating battery stats
02-19 04:31:19.123  1349  1370 W ActivityManager: Slow operation: 114ms so far, now at startProcess: building log message
02-19 04:31:19.123  1349  1370 I ActivityManager: Start proc 10172:com.android.statementservice/u0a14 for broadcast com.android.statementservice/.IntentFilterVerificationReceiver
02-19 04:31:19.123  1349  1370 W ActivityManager: Slow operation: 114ms so far, now at startProcess: starting to update pids map
02-19 04:31:19.123  1349  1370 W ActivityManager: Slow operation: 114ms so far, now at startProcess: done updating pids map
02-19 04:31:19.124  1349  1370 W ActivityManager: Slow operation: 127ms so far, now at startProcess: done starting proc!
02-19 04:31:19.864  1782  1782 W ContextImpl: Calling a method in the system process without a qualified user: android.app.ContextImpl.startService:1357 android.content.ContextWrapper.startService:613 android.content.ContextWrapper.startService:613 com.android.coreservice.CoreBroadcastReceiver.onReceive:53 android.app.ActivityThread.handleReceiver:3045 
02-19 04:31:20.933  1782  1782 W ContextImpl: Calling a method in the system process without a qualified user: android.app.ContextImpl.startService:1357 android.content.ContextWrapper.startService:613 android.content.ContextWrapper.startService:613 com.android.coreservice.CoreBroadcastReceiver.onReceive:77 android.app.ActivityThread.handleReceiver:3045 
02-19 04:31:24.267  1349  1369 W VoiceInteractionManagerService: no available voice recognition services found for user 0
02-19 04:31:24.591  1349  1730 I ActivityManager: START u0 {act=android.intent.action.MAIN flg=0x10000000 cmp=com.ximalaya.ting.android/.MainActivity bnds=[786,533][1032,791]} from uid 10029 on display 0
02-19 04:31:24.765  1349  1523 W BackupManagerService: dataChanged but no participant pkg='com.android.launcher3' uid=10029
02-19 04:31:29.134  1349  6355 W ActivityManager: Unable to start service Intent { act=com.google.android.gms.ads.identifier.service.START pkg=com.google.android.gms } U=0: not found
02-19 04:31:35.646  1349  1370 I ActivityManager: Waited long enough for: ServiceRecord{44ed122 u0 com.tcl.joylockscreen/com.vlife.TService}
02-19 04:33:00.060  1349  1730 I ActivityManager: START u0 {act=android.intent.action.MAIN cat=[android.intent.category.LAUNCHER] flg=0x10200000 cmp=com.ximalaya.ting.android/.host.activity.WelComeActivity bnds=[786,533][1032,791] (has extras)} from uid 10029 on display 0
02-19 04:33:00.285  1782  1782 W ContextImpl: Calling a method in the system process without a qualified user: android.app.ContextImpl.startService:1357 android.content.ContextWrapper.startService:613 android.content.ContextWrapper.startService:613 com.android.coreservice.CoreBroadcastReceiver.onReceive:44 android.app.ActivityThread.handleReceiver:3045 
02-19 04:33:00.407  1349  1730 W ActivityManager: Slow operation: 91ms so far, now at startProcess: returned from zygote!
02-19 04:33:00.407  1349  1730 W ActivityManager: Slow operation: 92ms so far, now at startProcess: done updating battery stats
02-19 04:33:00.407  1349  1730 W ActivityManager: Slow operation: 92ms so far, now at startProcess: building log message
02-19 04:33:00.408  1349  1730 I ActivityManager: Start proc 10292:com.ximalaya.ting.android/u0a60 for activity com.ximalaya.ting.android/.host.activity.WelComeActivity
02-19 04:33:00.408  1349  1730 W ActivityManager: Slow operation: 92ms so far, now at startProcess: starting to update pids map
02-19 04:33:00.408  1349  1730 W ActivityManager: Slow operation: 92ms so far, now at startProcess: done updating pids map
02-19 04:33:00.408  1349  1730 W ActivityManager: Slow operation: 96ms so far, now at startProcess: done starting proc!
02-19 04:33:01.391  1349  1362 W ActivityManager: Slow operation: 80ms so far, now at attachApplicationLocked: after mServices.attachApplicationLocked
02-19 04:33:01.441  1782  1782 W ContextImpl: Calling a method in the system process without a qualified user: android.app.ContextImpl.startService:1357 android.content.ContextWrapper.startService:613 android.content.ContextWrapper.startService:613 com.android.coreservice.CoreBroadcastReceiver.onReceive:53 android.app.ActivityThread.handleReceiver:3045 
02-19 04:33:06.429  1349  1362 D VoldConnector: SND -> {10 volume mkdirs /storage/emulated/0/Android/data/com.ximalaya.ting.android/files/errorLog/}
02-19 04:33:06.630  1349  1421 D VoldConnector: RCV <- {200 10 Command succeeded}
02-19 04:33:06.824 10292 10318 D ActivityThread: Loading provider com.ximalaya.ting.android.opensdk.util.MultiProcessSharedPreferences: com.ximalaya.ting.android.opensdk.util.MultiProcessSharedPreferences
02-19 04:33:09.537  1782  1782 W ContextImpl: Calling a method in the system process without a qualified user: android.app.ContextImpl.startService:1357 android.content.ContextWrapper.startService:613 android.content.ContextWrapper.startService:613 com.android.coreservice.CoreBroadcastReceiver.onReceive:53 android.app.ActivityThread.handleReceiver:3045 
02-19 04:33:10.215  1349  1370 W ActivityManager: Launch timeout has expired, giving up wake lock!
02-19 04:33:14.995  1349  6356 I ActivityManager: START u0 {act=android.content.pm.action.REQUEST_PERMISSIONS pkg=com.android.packageinstaller cmp=com.android.packageinstaller/.permission.ui.GrantPermissionsActivity (has extras)} from uid 10060 on display 0
02-19 04:33:15.041  1782  1782 W ContextImpl: Calling a method in the system process without a qualified user: android.app.ContextImpl.startService:1357 android.content.ContextWrapper.startService:613 android.content.ContextWrapper.startService:613 com.android.coreservice.CoreBroadcastReceiver.onReceive:44 android.app.ActivityThread.handleReceiver:3045 
02-19 04:33:15.200  1349  1730 W ActivityManager: Slow operation: 126ms so far, now at startProcess: returned from zygote!
02-19 04:33:15.200  1349  1730 W ActivityManager: Slow operation: 126ms so far, now at startProcess: done updating battery stats
02-19 04:33:15.200  1349  1730 W ActivityManager: Slow operation: 126ms so far, now at startProcess: building log message
02-19 04:33:15.200  1349  1730 I ActivityManager: Start proc 10408:com.android.packageinstaller/u0a11 for activity com.android.packageinstaller/.permission.ui.GrantPermissionsActivity
02-19 04:33:15.200  1349  1730 W ActivityManager: Slow operation: 126ms so far, now at startProcess: starting to update pids map
02-19 04:33:15.200  1349  1730 W ActivityManager: Slow operation: 126ms so far, now at startProcess: done updating pids map
02-19 04:33:15.200  1349  1730 W ActivityManager: Slow operation: 127ms so far, now at startProcess: done starting proc!
02-19 04:33:15.401  1782  1782 W ContextImpl: Calling a method in the system process without a qualified user: android.app.ContextImpl.startService:1357 android.content.ContextWrapper.startService:613 android.content.ContextWrapper.startService:613 com.android.coreservice.CoreBroadcastReceiver.onReceive:53 android.app.ActivityThread.handleReceiver:3045 
02-19 04:33:15.788  1782  1782 W ContextImpl: Calling a method in the system process without a qualified user: android.app.ContextImpl.startService:1357 android.content.ContextWrapper.startService:613 android.content.ContextWrapper.startService:613 com.android.coreservice.CoreBroadcastReceiver.onReceive:53 android.app.ActivityThread.handleReceiver:3045 
02-19 04:33:19.227  1782  1782 W ContextImpl: Calling a method in the system process without a qualified user: android.app.ContextImpl.startService:1357 android.content.ContextWrapper.startService:613 android.content.ContextWrapper.startService:613 com.android.coreservice.CoreBroadcastReceiver.onReceive:44 android.app.ActivityThread.handleReceiver:3045 
02-19 04:33:19.442  1782  1782 W ContextImpl: Calling a method in the system process without a qualified user: android.app.ContextImpl.startService:1357 android.content.ContextWrapper.startService:613 android.content.ContextWrapper.startService:613 com.android.coreservice.CoreBroadcastReceiver.onReceive:53 android.app.ActivityThread.handleReceiver:3045 
02-19 04:33:19.706  1349  1819 W ActivityManager: Slow operation: 93ms so far, now at startProcess: returned from zygote!
02-19 04:33:19.707  1349  1819 W ActivityManager: Slow operation: 94ms so far, now at startProcess: done updating battery stats
02-19 04:33:19.707  1349  1819 W ActivityManager: Slow operation: 94ms so far, now at startProcess: building log message
02-19 04:33:19.707  1349  1819 I ActivityManager: Start proc 10458:com.ximalaya.ting.android:patch/u0a60 for service com.ximalaya.ting.android/.host.manager.bundleframework.BundleManager.XMPatchService
02-19 04:33:19.707  1349  1819 W ActivityManager: Slow operation: 95ms so far, now at startProcess: starting to update pids map
02-19 04:33:19.707  1349  1819 W ActivityManager: Slow operation: 95ms so far, now at startProcess: done updating pids map
02-19 04:33:19.707  1349  1819 W ActivityManager: Slow operation: 95ms so far, now at startProcess: done starting proc!
02-19 04:33:19.916  1349  1536 W BackupManagerService: dataChanged but no participant pkg='com.android.launcher3' uid=10029
02-19 04:33:19.972  1782  1782 W ContextImpl: Calling a method in the system process without a qualified user: android.app.ContextImpl.startService:1357 android.content.ContextWrapper.startService:613 android.content.ContextWrapper.startService:613 com.android.coreservice.CoreBroadcastReceiver.onReceive:53 android.app.ActivityThread.handleReceiver:3045 
02-19 04:33:20.203  1349  1730 I ActivityManager: START u0 {cmp=com.ximalaya.ting.android/.host.activity.MainActivity} from uid 10060 on display 0
02-19 04:33:20.220  1782  1782 W ContextImpl: Calling a method in the system process without a qualified user: android.app.ContextImpl.startService:1357 android.content.ContextWrapper.startService:613 android.content.ContextWrapper.startService:613 com.android.coreservice.CoreBroadcastReceiver.onReceive:44 android.app.ActivityThread.handleReceiver:3045 
02-19 04:33:21.653  1349  1363 W ActivityManager: Slow operation: 108ms so far, now at startProcess: returned from zygote!
02-19 04:33:21.653  1349  1363 W ActivityManager: Slow operation: 108ms so far, now at startProcess: done updating battery stats
02-19 04:33:21.653  1349  1363 W ActivityManager: Slow operation: 108ms so far, now at startProcess: building log message
02-19 04:33:21.653  1349  1363 I ActivityManager: Start proc 10505:com.ximalaya.ting.android:player/u0a60 for service com.ximalaya.ting.android/.opensdk.player.service.XmPlayerService
02-19 04:33:21.653  1349  1363 W ActivityManager: Slow operation: 108ms so far, now at startProcess: starting to update pids map
02-19 04:33:21.653  1349  1363 W ActivityManager: Slow operation: 108ms so far, now at startProcess: done updating pids map
02-19 04:33:21.653  1349  1363 W ActivityManager: Slow operation: 109ms so far, now at startProcess: done starting proc!
02-19 04:33:22.223  1782  1782 W ContextImpl: Calling a method in the system process without a qualified user: android.app.ContextImpl.startService:1357 android.content.ContextWrapper.startService:613 android.content.ContextWrapper.startService:613 com.android.coreservice.CoreBroadcastReceiver.onReceive:53 android.app.ActivityThread.handleReceiver:3045 
02-19 04:33:22.475  1782  1782 W ContextImpl: Calling a method in the system process without a qualified user: android.app.ContextImpl.startService:1357 android.content.ContextWrapper.startService:613 android.content.ContextWrapper.startService:613 com.android.coreservice.CoreBroadcastReceiver.onReceive:53 android.app.ActivityThread.handleReceiver:3045 
02-19 04:33:24.726  1349  1819 I ActivityManager: Killing 4805:com.android.documentsui/u0a6 (adj 906): empty for 3799s
02-19 04:33:24.909  1349  1362 D ActivityManager: cleanUpApplicationRecord -- 4805
02-19 04:33:30.304  1349  1797 W ActivityManager: Slow operation: 60ms so far, now at startProcess: getting gids from package manager
02-19 04:33:30.304  1349  1797 W ActivityManager: Slow operation: 60ms so far, now at startProcess: building args
02-19 04:33:30.304  1349  1797 W ActivityManager: Slow operation: 60ms so far, now at startProcess: asking zygote to start proc
02-19 04:33:30.333  1349  1797 W ActivityManager: Slow operation: 89ms so far, now at startProcess: returned from zygote!
02-19 04:33:30.333  1349  1797 W ActivityManager: Slow operation: 89ms so far, now at startProcess: done updating battery stats
02-19 04:33:30.333  1349  1797 W ActivityManager: Slow operation: 89ms so far, now at startProcess: building log message
02-19 04:33:30.333  1349  1797 I ActivityManager: Start proc 10601:com.android.webview:webview_service/u0a33 for service com.android.webview/org.chromium.android_webview.services.VariationsSeedServer
02-19 04:33:30.333  1349  1797 W ActivityManager: Slow operation: 89ms so far, now at startProcess: starting to update pids map
02-19 04:33:30.333  1349  1797 W ActivityManager: Slow operation: 90ms so far, now at startProcess: done updating pids map
02-19 04:33:30.333  1349  1797 W ActivityManager: Slow operation: 124ms so far, now at startProcess: done starting proc!
02-19 04:33:30.912  1782  1782 W ContextImpl: Calling a method in the system process without a qualified user: android.app.ContextImpl.startService:1357 android.content.ContextWrapper.startService:613 android.content.ContextWrapper.startService:613 com.android.coreservice.CoreBroadcastReceiver.onReceive:53 android.app.ActivityThread.handleReceiver:3045 
02-19 04:33:37.482  1349  1370 W ActivityManager: Activity destroy timeout for ActivityRecord{4b1c6d2 u0 com.ximalaya.ting.android/.host.activity.WelComeActivity t24 f}
02-19 04:33:38.782  1349  6356 W WindowManager: Failed looking up window
02-19 04:33:38.782  1349  6356 W WindowManager: java.lang.IllegalArgumentException: Requested window android.os.BinderProxy@636d865 does not exist
02-19 04:33:38.782  1349  6356 W WindowManager: 	at com.android.server.wm.WindowManagerService.windowForClientLocked(WindowManagerService.java:9459)
02-19 04:33:38.782  1349  6356 W WindowManager: 	at com.android.server.wm.WindowManagerService.windowForClientLocked(WindowManagerService.java:9450)
02-19 04:33:38.782  1349  6356 W WindowManager: 	at com.android.server.wm.WindowManagerService.removeWindow(WindowManagerService.java:2410)
02-19 04:33:38.782  1349  6356 W WindowManager: 	at com.android.server.wm.Session.remove(Session.java:202)
02-19 04:33:38.782  1349  6356 W WindowManager: 	at android.view.IWindowSession$Stub.onTransact(IWindowSession.java:242)
02-19 04:33:38.782  1349  6356 W WindowManager: 	at com.android.server.wm.Session.onTransact(Session.java:145)
02-19 04:33:38.782  1349  6356 W WindowManager: 	at android.os.Binder.execTransact(Binder.java:565)
02-19 04:33:38.936  1349  1362 I ActivityManager: Killing 1794:android.process.media/u0a7 (adj 906): empty for 3813s
02-19 04:33:39.011  1349  1820 D ActivityManager: cleanUpApplicationRecord -- 1794
02-19 04:33:39.933  1349  1370 W ActivityManager: Timeout executing service: ServiceRecord{47c4743 u0 com.ximalaya.ting.android/.host.manager.bundleframework.BundleManager.XMPatchService}
02-19 04:33:40.947  1349  1370 E ActivityManager: ANR in com.ximalaya.ting.android:patch
02-19 04:33:40.947  1349  1370 E ActivityManager: PID: 10458
02-19 04:33:40.947  1349  1370 E ActivityManager: Reason: executing service com.ximalaya.ting.android/.host.manager.bundleframework.BundleManager.XMPatchService
02-19 04:33:40.947  1349  1370 E ActivityManager: Load: 0.0 / 0.0 / 0.0
02-19 04:33:40.947  1349  1370 E ActivityManager: CPU usage from 721118ms to 0ms ago (2021-02-19 04:21:38.835 to 2021-02-19 04:33:39.953):
02-19 04:33:40.947  1349  1370 E ActivityManager:   2.7% 1349/system_server: 0.5% user + 2.2% kernel / faults: 20183 minor 730 major
02-19 04:33:40.947  1349  1370 E ActivityManager:   0.5% 9488/io.appium.uiautomator2.server: 0.3% user + 0.1% kernel / faults: 3 minor
02-19 04:33:40.947  1349  1370 E ActivityManager:   0.4% 1183/surfaceflinger: 0% user + 0.3% kernel / faults: 55 minor 9 major
02-19 04:33:40.947  1349  1370 E ActivityManager:   0.3% 1179/ldinit: 0% user + 0.3% kernel / faults: 3805 minor 2 major
02-19 04:33:40.947  1349  1370 E ActivityManager:   0.2% 3/ksoftirqd/0: 0% user + 0.2% kernel
02-19 04:33:40.947  1349  1370 E ActivityManager:   0% 1816/com.android.launcher3: 0% user + 0% kernel / faults: 2973 minor 234 major
02-19 04:33:40.947  1349  1370 E ActivityManager:   0% 1059/kworker/0:1H: 0% user + 0% kernel
02-19 04:33:40.947  1349  1370 E ActivityManager:   0.1% 7/rcu_sched: 0% user + 0.1% kernel
02-19 04:33:40.947  1349  1370 E ActivityManager:   0.1% 1125/logd: 0% user + 0.1% kernel / faults: 40 minor 2 major
02-19 04:33:40.947  1349  1370 E ActivityManager:   0% 1464/sdcard: 0% user + 0% kernel / faults: 273 minor 1 major
02-19 04:33:40.947  1349  1370 E ActivityManager:   0% 4740/com.android.defcontainer: 0% user + 0% kernel / faults: 844 minor 6 major
02-19 04:33:40.947  1349  1370 E ActivityManager:   0.1% 3319/com.tcl.joylockscreen: 0% user + 0% kernel / faults: 879 minor 30 major
02-19 04:33:40.947  1349  1370 E ActivityManager:   0% 1961/com.android.flysilkworm: 0% user + 0% kernel / faults: 4252 minor 133 major
02-19 04:33:40.947  1349  1370 E ActivityManager:   0% 1478/com.android.systemui: 0% user + 0% kernel / faults: 1303 minor 60 major
02-19 04:33:40.947  1349  1370 E ActivityManager:   0% 1516/com.android.phone: 0% user + 0% kernel / faults: 191 minor 40 major
02-19 04:33:40.947  1349  1370 E ActivityManager:   0% 1187/audioserver: 0% user + 0% kernel / faults: 18 minor 16 major
02-19 04:33:40.947  1349  1370 E ActivityManager:   0% 1110/jbd2/sdb2-8: 0% user + 0% kernel
02-19 04:33:40.947  1349  1370 E ActivityManager:   0% 1782/com.android.coreservice: 0% user + 0% kernel / faults: 1466 minor 92 major
02-19 04:33:40.947  1349  1370 E ActivityManager:   0% 1195/keystore: 0% user + 0% kernel / faults: 52 minor 5 major
02-19 04:33:40.947  1349  1370 E ActivityManager:   0% 1200/netd: 0% user + 0% kernel / faults: 951 minor 4 major
02-19 04:33:40.947  1349  1370 E ActivityManager:   0% 7736/kworker/0:2: 0% user + 0% kernel
02-19 04:33:40.947  1349  1370 E ActivityManager:   0% 1136/jbd2/sdc2-8: 0% user + 0% kernel
02-19 04:33:40.947  1349  1370 E ActivityManager:   0% 9530/com.microsoft.next: 0% user + 0% kernel / faults: 798 minor 19 major
02-19 04:33:40.947  1349  1370 E ActivityManager:   0% 1186/zygote: 0% user + 0% kernel / faults: 845 minor 9 major
02-19 04:33:40.947  1349  1370 E ActivityManager:   0% 4954/com.android.settings: 0% user + 0% kernel / faults: 363 minor 17 major
02-19 04:33:40.947  1349  1370 E ActivityManager:   0% 9550/com.microsoft.next:Next_LockScreen_Process: 0% user + 0% kernel / faults: 396 minor 4 major
02-19 04:33:40.947  1349  1370 E ActivityManager:   0% 1945/com.android.printspooler: 0% user + 0% kernel / faults: 282 minor 7 major
02-19 04:33:40.947  1349  1370 E ActivityManager:   0% 3412/com.tcl.joylockscreen:main: 0% user + 0% kernel / faults: 219 minor 6 major
02-19 04:33:40.947  1349  1370 E ActivityManager:   0% 7783/kworker/u2:0: 0% user + 0% kernel
02-19 04:33:40.947  1349  1370 E ActivityManager:   0% 333/kworker/u2:4: 0% user + 0% kernel
02-19 04:33:40.947  1349  1370 E ActivityManager:   0% 1182/servicemanager: 0% user + 0% kernel
02-19 04:33:40.947  1349  1370 E ActivityManager:   0% 1181/lmkd: 0% user + 0% kernel
02-19 04:33:40.947  1349  1370 E ActivityManager:   0% 1199/mediaserver: 0% user + 0% kernel / faults: 10 minor 3 major
02-19 04:33:40.947  1349  1370 E ActivityManager:   0% 1764/io.appium.settings: 0% user + 0% kernel / faults: 56 minor 4 major
02-19 04:33:40.947  1349  1370 E ActivityManager:   0% 4760/com.android.gallery3d: 0% user + 0% kernel / faults: 77 minor 7 major
02-19 04:33:40.947  1349  1370 E ActivityManager:   0% 4783/android.process.acore: 0% user + 0% kernel / faults: 76 minor 9 major
02-19 04:33:40.947  1349  1370 E ActivityManager:   0% 1184/adbd: 0% user + 0% kernel / faults: 41 minor
02-19 04:33:40.947  1349  1370 E ActivityManager:   0% 1//init: 0% user + 0% kernel
02-19 04:33:40.947  1349  1370 E ActivityManager:   0% 1134/vold: 0% user + 0% kernel / faults: 11 minor 4 major
02-19 04:33:40.947  1349  1370 E ActivityManager:   0% 1191/installd: 0% user + 0% kernel / faults: 1 minor 3 major
02-19 04:33:40.947  1349  1370 E ActivityManager:  +0% 10157/kworker/0:1: 0% user + 0% kernel
02-19 04:33:40.947  1349  1370 E ActivityManager:  +0% 10167/kworker/u2:1: 0% user + 0% kernel
02-19 04:33:40.947  1349  1370 E ActivityManager:  +0% 10172/com.android.statementservice: 0% user + 0% kernel
02-19 04:33:40.947  1349  1370 E ActivityManager:  +0% 10292/com.ximalaya.ting.android: 0% user + 0% kernel
02-19 04:33:40.947  1349  1370 E ActivityManager:  +0% 10408/com.android.packageinstaller: 0% user + 0% kernel
02-19 04:33:40.947  1349  1370 E ActivityManager:  +0% 10458/com.ximalaya.ting.android:patch: 0% user + 0% kernel
02-19 04:33:40.947  1349  1370 E ActivityManager:  +0% 10505/com.ximalaya.ting.android:player: 0% user + 0% kernel
02-19 04:33:40.947  1349  1370 E ActivityManager:  +0% 10601/com.android.webview:webview_service: 0% user + 0% kernel
02-19 04:33:40.947  1349  1370 E ActivityManager:  +0% 10653/getprop: 0% user + 0% kernel
02-19 04:33:40.947  1349  1370 E ActivityManager:  +0% 10654/com.ximalaya.ting.android: 0% user + 0% kernel
02-19 04:33:40.947  1349  1370 E ActivityManager:  +0% 10668/dex2oat: 0% user + 0% kernel
02-19 04:33:40.947  1349  1370 E ActivityManager: 10% TOTAL: 2.3% user + 6.9% kernel + 0% iowait + 0.7% softirq
02-19 04:33:40.947  1349  1370 E ActivityManager: CPU usage from 38576955ms to 38576955ms ago (1970-01-01 08:00:00.000 to 1970-01-01 08:00:00.000) with 0% awake:
02-19 04:33:40.947  1349  1370 E ActivityManager: 0% TOTAL: 0% user + 0% kernel
02-19 04:33:40.966  1349  1370 I ActivityManager: Killing 10458:com.ximalaya.ting.android:patch/u0a60 (adj 0): bg anr
02-19 04:33:41.369  1349  1820 D ActivityManager: cleanUpApplicationRecord -- 10458
02-19 04:33:41.369  1349  1820 W ActivityManager: Scheduling restart of crashed service com.ximalaya.ting.android/.host.manager.bundleframework.BundleManager.XMPatchService in 42872ms
02-19 04:33:54.563  1349  1370 W ActivityManager: Timeout executing service: ServiceRecord{364cea2 u0 com.ximalaya.ting.android/.opensdk.player.service.XmPlayerService}
02-19 04:33:55.803  1349  1370 E ActivityManager: ANR in com.ximalaya.ting.android:player
02-19 04:33:55.803  1349  1370 E ActivityManager: PID: 10505
02-19 04:33:55.803  1349  1370 E ActivityManager: Reason: executing service com.ximalaya.ting.android/.opensdk.player.service.XmPlayerService
02-19 04:33:55.803  1349  1370 E ActivityManager: Load: 0.0 / 0.0 / 0.0
02-19 04:33:55.803  1349  1370 E ActivityManager: CPU usage from 14628ms to 0ms ago (2021-02-19 04:33:39.953 to 2021-02-19 04:33:54.580):
02-19 04:33:55.803  1349  1370 E ActivityManager:   53% 10292/com.ximalaya.ting.android: 19% user + 33% kernel / faults: 13536 minor 373 major
02-19 04:33:55.803  1349  1370 E ActivityManager:   26% 10505/com.ximalaya.ting.android:player: 8.3% user + 18% kernel / faults: 28881 minor 115 major
02-19 04:33:55.803  1349  1370 E ActivityManager:   3.2% 10654/com.ximalaya.ting.android: 0.5% user + 2.7% kernel / faults: 726 minor 1 major
02-19 04:33:55.803  1349  1370 E ActivityManager:   2.6% 1059/kworker/0:1H: 0% user + 2.6% kernel
02-19 04:33:55.803  1349  1370 E ActivityManager:   2.3% 1349/system_server: 0.2% user + 2.1% kernel / faults: 316 minor 51 major
02-19 04:33:55.803  1349  1370 E ActivityManager:   1.7% 1110/jbd2/sdb2-8: 0% user + 1.7% kernel
02-19 04:33:55.803  1349  1370 E ActivityManager:   1.2% 7/rcu_sched: 0% user + 1.2% kernel
02-19 04:33:55.803  1349  1370 E ActivityManager:   1.1% 3/ksoftirqd/0: 0% user + 1.1% kernel
02-19 04:33:55.803  1349  1370 E ActivityManager:   1% 1187/audioserver: 0.4% user + 0.6% kernel / faults: 4 major
02-19 04:33:55.803  1349  1370 E ActivityManager:   0.4% 1199/mediaserver: 0% user + 0.3% kernel / faults: 66 minor
02-19 04:33:55.803  1349  1370 E ActivityManager:   0.4% 1464/sdcard: 0% user + 0.4% kernel / faults: 68 minor
02-19 04:33:55.803  1349  1370 E ActivityManager:   0.3% 1200/netd: 0% user + 0.2% kernel / faults: 89 minor
02-19 04:33:55.803  1349  1370 E ActivityManager:   0.2% 1125/logd: 0% user + 0.2% kernel / faults: 3 minor
02-19 04:33:55.803  1349  1370 E ActivityManager:   0.2% 9488/io.appium.uiautomator2.server: 0% user + 0.1% kernel
02-19 04:33:55.803  1349  1370 E ActivityManager:   0.1% 1516/com.android.phone: 0% user + 0.1% kernel / faults: 1 minor 9 major
02-19 04:33:55.803  1349  1370 E ActivityManager:   0.1% 7783/kworker/u2:0: 0% user + 0.1% kernel
02-19 04:33:55.803  1349  1370 E ActivityManager:   0.1% 10601/com.android.webview:webview_service: 0% user + 0.1% kernel / faults: 176 minor 7 major
02-19 04:33:55.803  1349  1370 E ActivityManager:   0% 1136/jbd2/sdc2-8: 0% user + 0% kernel
02-19 04:33:55.803  1349  1370 E ActivityManager:   0% 1182/servicemanager: 0% user + 0% kernel
02-19 04:33:55.803  1349  1370 E ActivityManager:   0% 1183/surfaceflinger: 0% user + 0% kernel
02-19 04:33:55.803  1349  1370 E ActivityManager:   0% 3319/com.tcl.joylockscreen: 0% user + 0% kernel / faults: 4 minor
02-19 04:33:55.803  1349  1370 E ActivityManager:   0% 10157/kworker/0:1: 0% user + 0% kernel
02-19 04:33:55.803  1349  1370 E ActivityManager:   0% 10167/kworker/u2:1: 0% user + 0% kernel
02-19 04:33:55.803  1349  1370 E ActivityManager: 100% TOTAL: 31% user + 58% kernel + 9.3% softirq
02-19 04:33:55.803  1349  1370 E ActivityManager: CPU usage from 38591583ms to 38591583ms ago (1970-01-01 08:00:00.000 to 1970-01-01 08:00:00.000) with 0% awake:
02-19 04:33:55.803  1349  1370 E ActivityManager: 0% TOTAL: 0% user + 0% kernel
02-19 04:33:55.803  1349  1370 I ActivityManager: Killing 10505:com.ximalaya.ting.android:player/u0a60 (adj 0): bg anr
02-19 04:33:56.592  1349  1372 E libprocessgroup: failed to kill 1 processes for processgroup 10505
02-19 04:33:57.012  1349  6356 D ActivityManager: cleanUpApplicationRecord -- 10505
02-19 04:33:57.014  1349  6356 W ActivityManager: Scheduling restart of crashed service com.ximalaya.ting.android/.opensdk.player.service.XmPlayerService in 69216ms
02-19 04:33:58.489  1349  1363 W ActivityManager: Slow operation: 129ms so far, now at startProcess: returned from zygote!
02-19 04:33:58.490  1349  1363 W ActivityManager: Slow operation: 129ms so far, now at startProcess: done updating battery stats
02-19 04:33:58.516  1349  1363 W ActivityManager: Slow operation: 155ms so far, now at startProcess: building log message
02-19 04:33:58.516  1349  1363 I ActivityManager: Start proc 10776:com.ximalaya.ting.android:player/u0a60 for service com.ximalaya.ting.android/.opensdk.player.service.XmPlayerService
02-19 04:33:58.516  1349  1363 W ActivityManager: Slow operation: 155ms so far, now at startProcess: starting to update pids map
02-19 04:33:58.516  1349  1363 W ActivityManager: Slow operation: 155ms so far, now at startProcess: done updating pids map
02-19 04:33:58.516  1349  1363 W ActivityManager: Slow operation: 155ms so far, now at startProcess: done starting proc!
02-19 04:33:58.688  1782  1782 W ContextImpl: Calling a method in the system process without a qualified user: android.app.ContextImpl.startService:1357 android.content.ContextWrapper.startService:613 android.content.ContextWrapper.startService:613 com.android.coreservice.CoreBroadcastReceiver.onReceive:53 android.app.ActivityThread.handleReceiver:3045 
02-19 04:34:24.303  1349  1370 W ActivityManager: Slow operation: 59ms so far, now at startProcess: returned from zygote!
02-19 04:34:24.303  1349  1370 W ActivityManager: Slow operation: 59ms so far, now at startProcess: done updating battery stats
02-19 04:34:24.304  1349  1370 W ActivityManager: Slow operation: 59ms so far, now at startProcess: building log message
02-19 04:34:24.304  1349  1370 I ActivityManager: Start proc 10954:com.ximalaya.ting.android:patch/u0a60 for service com.ximalaya.ting.android/.host.manager.bundleframework.BundleManager.XMPatchService
02-19 04:34:24.304  1349  1370 W ActivityManager: Slow operation: 59ms so far, now at startProcess: starting to update pids map
02-19 04:34:24.304  1349  1370 W ActivityManager: Slow operation: 59ms so far, now at startProcess: done updating pids map
02-19 04:34:24.304  1349  1370 W ActivityManager: Slow operation: 60ms so far, now at startProcess: done starting proc!
02-19 04:34:24.542  1782  1782 W ContextImpl: Calling a method in the system process without a qualified user: android.app.ContextImpl.startService:1357 android.content.ContextWrapper.startService:613 android.content.ContextWrapper.startService:613 com.android.coreservice.CoreBroadcastReceiver.onReceive:53 android.app.ActivityThread.handleReceiver:3045 
--------- beginning of crash
02-19 04:34:24.572 10959 10532 F libc    : Fatal signal 11 (SIGSEGV), code 1, fault addr 0xdead0000 in tid 10532 (initApplication)
02-19 04:34:24.581 10959 10532 F libc    : failed to resend signal during crash: Operation not permitted
02-19 04:34:34.307  1349  6355 I ActivityManager: Process com.ximalaya.ting.android (pid 10292) has died
02-19 04:34:34.308  1349  6355 D ActivityManager: cleanUpApplicationRecord -- 10292
02-19 04:34:34.584  1349  1820 D ConnectivityService: ConnectivityService NetworkRequestInfo binderDied(NetworkRequest [ LISTEN id=9, [ Capabilities: INTERNET&NOT_RESTRICTED&TRUSTED] ], android.os.BinderProxy@ad1931b)
02-19 04:34:34.588  1349  6355 W ActivityManager: Scheduling restart of crashed service com.ximalaya.ting.android/com.ss.android.socialbase.downloader.notification.DownloadNotificationService in 28418ms
02-19 04:34:34.588  1349  6355 W ActivityManager: Scheduling restart of crashed service com.ximalaya.ting.android/.host.XiMaLaYaService in 1000ms
02-19 04:34:34.608  1349  6355 W ActivityManager: Force removing ActivityRecord{772f1c0 u0 com.ximalaya.ting.android/.host.activity.MainActivity t24}: app died, no saved state
02-19 04:34:34.631  1349  1819 I WindowManager: WIN DEATH: Window{bfde26d u0 com.ximalaya.ting.android/com.ximalaya.ting.android.host.activity.MainActivity}
02-19 04:34:35.212  1782  1782 W ContextImpl: Calling a method in the system process without a qualified user: android.app.ContextImpl.startService:1357 android.content.ContextWrapper.startService:613 android.content.ContextWrapper.startService:613 com.android.coreservice.CoreBroadcastReceiver.onReceive:44 android.app.ActivityThread.handleReceiver:3045 
02-19 04:34:35.593  1782  1782 W ContextImpl: Calling a method in the system process without a qualified user: android.app.ContextImpl.startService:1357 android.content.ContextWrapper.startService:613 android.content.ContextWrapper.startService:613 com.android.coreservice.CoreBroadcastReceiver.onReceive:53 android.app.ActivityThread.handleReceiver:3045 
02-19 04:34:35.654  1349  1433 E ConnectivityService: RemoteException caught trying to send a callback msg for NetworkRequest [ LISTEN id=9, [ Capabilities: INTERNET&NOT_RESTRICTED&TRUSTED] ]
02-19 04:34:35.705  1349  1370 W ActivityManager: Slow operation: 108ms so far, now at startProcess: returned from zygote!
02-19 04:34:35.705  1349  1370 W ActivityManager: Slow operation: 109ms so far, now at startProcess: done updating battery stats
02-19 04:34:35.705  1349  1370 W ActivityManager: Slow operation: 109ms so far, now at startProcess: building log message
02-19 04:34:35.705  1349  1370 I ActivityManager: Start proc 11014:com.ximalaya.ting.android/u0a60 for service com.ximalaya.ting.android/.host.XiMaLaYaService
02-19 04:34:35.705  1349  1370 W ActivityManager: Slow operation: 109ms so far, now at startProcess: starting to update pids map
02-19 04:34:35.706  1349  1370 W ActivityManager: Slow operation: 109ms so far, now at startProcess: done updating pids map
02-19 04:34:35.706  1349  1370 W ActivityManager: Slow operation: 109ms so far, now at startProcess: done starting proc!
02-19 04:34:35.746  1349  1536 I ActivityManager: Killing 11014:com.ximalaya.ting.android/u0a60 (adj -10000): remove task
02-19 04:34:35.748  1349  1362 I ActivityManager: Killing 10954:com.ximalaya.ting.android:patch/u0a60 (adj 500): remove task
02-19 04:34:35.763  1349  1362 I ActivityManager: Killing 10776:com.ximalaya.ting.android:player/u0a60 (adj 500): remove task
02-19 04:34:35.798  1782  1782 W ContextImpl: Calling a method in the system process without a qualified user: android.app.ContextImpl.sendBroadcast:892 android.content.ContextWrapper.sendBroadcast:426 com.android.coreservice.TabManager.notifyClosing:345 com.android.coreservice.TabManager.updateInner:182 com.android.coreservice.TabManager.onUpdate:217 
02-19 04:34:36.088  1349  1523 D ActivityManager: cleanUpApplicationRecord -- 10776
02-19 04:34:36.088  1349  1523 W ActivityManager: Scheduling restart of crashed service com.ximalaya.ting.android/.opensdk.player.service.XmPlayerService in 1000ms
02-19 04:34:36.116  1349  6356 D ActivityManager: cleanUpApplicationRecord -- 10954
02-19 04:34:36.116  1349  6356 W ActivityManager: Scheduling restart of crashed service com.ximalaya.ting.android/.host.manager.bundleframework.BundleManager.XMPatchService in 1000ms
02-19 04:34:45.712  1349  1370 W ActivityManager: Process ProcessRecord{365aa91 11014:com.ximalaya.ting.android/u0a60} failed to attach
02-19 04:34:45.713  1349  1370 W ActivityManager: Forcing bringing down service: ServiceRecord{66532ee u0 com.ximalaya.ting.android/.host.XiMaLaYaService}
02-19 04:35:03.038  1349  1370 I ActivityManager: Start proc 11024:com.ximalaya.ting.android/u0a60 for service com.ximalaya.ting.android/com.ss.android.socialbase.downloader.notification.DownloadNotificationService
02-19 04:35:03.210  1782  1782 W ContextImpl: Calling a method in the system process without a qualified user: android.app.ContextImpl.startService:1357 android.content.ContextWrapper.startService:613 android.content.ContextWrapper.startService:613 com.android.coreservice.CoreBroadcastReceiver.onReceive:53 android.app.ActivityThread.handleReceiver:3045 
02-19 04:35:06.484 11024 11049 D ActivityThread: Loading provider com.ximalaya.ting.android.opensdk.util.MultiProcessSharedPreferences: com.ximalaya.ting.android.opensdk.util.MultiProcessSharedPreferences
02-19 04:35:10.766  1349  1363 W ActivityManager: Slow operation: 197ms so far, now at startProcess: returned from zygote!
02-19 04:35:10.766  1349  1363 W ActivityManager: Slow operation: 197ms so far, now at startProcess: done updating battery stats
02-19 04:35:10.766  1349  1363 W ActivityManager: Slow operation: 197ms so far, now at startProcess: building log message
02-19 04:35:10.766  1349  1363 I ActivityManager: Start proc 11154:com.ximalaya.ting.android:patch/u0a60 for service com.ximalaya.ting.android/.host.manager.bundleframework.BundleManager.XMPatchService
02-19 04:35:10.766  1349  1363 W ActivityManager: Slow operation: 197ms so far, now at startProcess: starting to update pids map
02-19 04:35:10.766  1349  1363 W ActivityManager: Slow operation: 197ms so far, now at startProcess: done updating pids map
02-19 04:35:10.766  1349  1363 W ActivityManager: Slow operation: 197ms so far, now at startProcess: done starting proc!
02-19 04:35:11.347  1782  1782 W ContextImpl: Calling a method in the system process without a qualified user: android.app.ContextImpl.startService:1357 android.content.ContextWrapper.startService:613 android.content.ContextWrapper.startService:613 com.android.coreservice.CoreBroadcastReceiver.onReceive:53 android.app.ActivityThread.handleReceiver:3045 
02-19 04:35:25.720  1349  6356 W ActivityManager: Unable to start service Intent { act=com.ss.android.message.action.PUSH_SERVICE pkg=com.ss.android.article.calendar } U=0: not found
02-19 04:35:25.770  1349  1370 I ActivityManager: Waited long enough for: ServiceRecord{5504e7e u0 com.ximalaya.ting.android/.host.manager.bundleframework.BundleManager.XMPatchService}
02-19 04:36:21.306  1349  1370 I ActivityManager: Force stopping io.appium.uiautomator2.server.test appid=10059 user=-1: deletePackageX
02-19 04:36:26.681  1782  1782 W ContextImpl: Calling a method in the system process without a qualified user: android.app.ContextImpl.startService:1357 android.content.ContextWrapper.startService:613 android.content.ContextWrapper.startService:613 com.android.coreservice.CoreBroadcastReceiver.onReceive:53 android.app.ActivityThread.handleReceiver:3045 
02-19 04:36:26.731  1349  1370 I ActivityManager: Force stopping io.appium.uiautomator2.server appid=10058 user=-1: deletePackageX
02-19 04:36:26.738  1349  1370 I ActivityManager: Killing 9488:io.appium.uiautomator2.server/u0a58 (adj 0): stop io.appium.uiautomator2.server
02-19 04:36:26.739  1349  1370 D ActivityManager: cleanUpApplicationRecord -- 9488
02-19 04:36:26.756  1349  1370 W ActivityManager: Crash of app io.appium.uiautomator2.server running instrumentation ComponentInfo{io.appium.uiautomator2.server.test/androidx.test.runner.AndroidJUnitRunner}
02-19 04:36:26.762  1349  1370 I ActivityManager: Force stopping io.appium.uiautomator2.server appid=-1 user=0: finished inst
02-19 04:36:26.795  1349  1370 W ActivityManager: Error shutting down UiAutomationConnection
02-19 04:36:26.815  1349 11458 I ActivityManager: Failure reporting to instrumentation watcher: comp=ComponentInfo{io.appium.uiautomator2.server.test/androidx.test.runner.AndroidJUnitRunner} results=Bundle[{shortMsg=Process crashed.}]
02-19 04:36:27.144  1349  1372 E libprocessgroup: failed to kill 1 processes for processgroup 9488
02-19 04:36:31.144  1782  1782 W ContextImpl: Calling a method in the system process without a qualified user: android.app.ContextImpl.startService:1357 android.content.ContextWrapper.startService:613 android.content.ContextWrapper.startService:613 com.android.coreservice.CoreBroadcastReceiver.onReceive:53 android.app.ActivityThread.handleReceiver:3045 
02-19 04:36:31.675  1349  1403 I ActivityManager: Force stopping io.appium.uiautomator2.server.test appid=10059 user=0: pkg removed
02-19 04:36:32.016  1782  1782 W ContextImpl: Calling a method in the system process without a qualified user: android.app.ContextImpl.startService:1357 android.content.ContextWrapper.startService:613 android.content.ContextWrapper.startService:613 com.android.coreservice.CoreBroadcastReceiver.onReceive:85 android.app.ActivityThread.handleReceiver:3045 
