02-19 04:50:11.654 13722 13834 W art     : Verification of void com.ss.android.socialbase.downloader.impls.d.<init>() took 364.473ms
02-19 04:50:11.880 13722 13834 W art     : Verification of boolean com.ss.android.socialbase.downloader.i.d.b(java.io.File, java.io.File) took 100.487ms
02-19 04:50:11.894 13722 13833 D houdini : [13833] Added shared library /data/app/com.ximalaya.ting.android-1/lib/arm/libnms.so for ClassLoader by Native Bridge.
02-19 04:50:11.894 13722 13833 V libnb   : enter native_bridge2_getTrampoline JNI_OnLoad, trampoline_addr 0xb92398c4
02-19 04:50:11.895 13722 13833 I CZL_META(LITE): 
02-19 04:50:11.895 13722 13833 I CZL_META(LITE): [13722]    meta(101)
02-19 04:50:11.896 13722 13833 I CZL_META(LITE): 
02-19 04:50:11.896 13722 13833 I CZL_META(LITE): [13722]    meta(1020)
02-19 04:50:11.897 13722 13779 W art     : Long monitor contention with owner tt_pangle_thread_io_1 (13833) at java.lang.String java.lang.Runtime.nativeLoad(java.lang.String, java.lang.ClassLoader, java.lang.String)(Runtime.java:-2) waiters=0 in void java.lang.Runtime.loadLibrary0(java.lang.ClassLoader, java.lang.String) for 447ms
02-19 04:50:11.899 13722 13779 V libnb   : enter native_bridge2_isSupported /data/app/com.ximalaya.ting.android-1/lib/arm/libcrashsdk.so
02-19 04:50:11.899 13722 13779 V libnb   : enter native_bridge2_loadLibrary /data/app/com.ximalaya.ting.android-1/lib/arm/libcrashsdk.so
02-19 04:50:11.902 13841 13955 V libnb   : enter native_bridge2_isSupported /data/app/com.ximalaya.ting.android-1/lib/arm/libBugly.so
02-19 04:50:11.902 13841 13955 V libnb   : enter native_bridge2_loadLibrary /data/app/com.ximalaya.ting.android-1/lib/arm/libBugly.so
02-19 04:50:11.990 13722 13833 I CZL_META(LITE): 
02-19 04:50:11.990 13722 13833 I CZL_META(LITE): [13722]    meta(105)
02-19 04:50:11.990 13722 13833 I CZL_META(LITE): 
02-19 04:50:11.990 13722 13833 I CZL_META(LITE): [13722]    meta(106)
02-19 04:50:11.991 13722 13833 I CZL_META(LITE): 
02-19 04:50:11.991 13722 13833 I CZL_META(LITE): [13722]    meta(107)
02-19 04:50:11.991 13722 13833 I CZL_META(LITE): 
02-19 04:50:11.991 13722 13833 I CZL_META(LITE): [13722]    meta(108)
02-19 04:50:12.009 13722 13928 D VNetLog : [588] a.a: HTTP response for request=<[ ] https://api-access.pangolin-sdk-toutiao.com/api/ad/union/sdk/stats/batch/ 0x5d2d44b3 NORMAL 1> [lifetime=4551], [size=26], [rc=200], [retryCount=0]
02-19 04:50:12.055 13722 13779 D houdini : [13779] Added shared library /data/app/com.ximalaya.ting.android-1/lib/arm/libcrashsdk.so for ClassLoader by Native Bridge.
02-19 04:50:12.055 13722 13779 V libnb   : enter native_bridge2_getTrampoline JNI_OnLoad, trampoline_addr 0xb9239854
02-19 04:50:12.071 13722 13833 I CZL_META(LITE): 
02-19 04:50:12.071 13722 13833 I CZL_META(LITE): [13722]    meta(109)
02-19 04:50:12.071 13722 13833 I CZL_META(LITE): 
02-19 04:50:12.071 13722 13833 I CZL_META(LITE): [13722]    meta(110)
02-19 04:50:12.090 13841 13955 D houdini : [13955] Added shared library /data/app/com.ximalaya.ting.android-1/lib/arm/libBugly.so for ClassLoader by Native Bridge.
02-19 04:50:12.091 13841 13955 V libnb   : enter native_bridge2_getTrampoline JNI_OnLoad, trampoline_addr 0xbd148a84
02-19 04:50:12.097 13722 13834 W art     : Verification of java.util.List com.ss.android.socialbase.downloader.b.e.a(java.lang.String) took 130.318ms
02-19 04:50:12.133 13722 13722 I crashsdk: Catcher mask: 1000, 4096
02-19 04:50:12.145 13722 13722 I crashsdk: Catcher thread 13728
02-19 04:50:12.145 13722 13722 D crashsdk: Register ANR handler ...
02-19 04:50:12.177 13722 13833 W art     : Verification of void com.bytedance.sdk.openadsdk.core.f.d.c() took 103.717ms
02-19 04:50:12.251 13722 13928 E ignored : java.lang.NullPointerException: Attempt to invoke virtual method 'java.lang.Object android.content.Context.getSystemService(java.lang.String)' on a null object reference
02-19 04:50:12.282 13722 13928 E ignored : java.lang.NullPointerException: Attempt to invoke virtual method 'java.lang.Object android.content.Context.getSystemService(java.lang.String)' on a null object reference
02-19 04:50:12.360 13722 13986 D crashsdk: Native log stat thread 13986 setup, waiting
02-19 04:50:12.697 13722 13834 W art     : Verification of void com.ss.android.socialbase.downloader.impls.a.c(int, boolean) took 107.328ms
02-19 04:50:12.781 13722 13833 W art     : Long monitor contention with owner tt_pangle_thread_io_2 (13834) at void com.ss.android.socialbase.downloader.downloader.d.a(com.ss.android.socialbase.downloader.downloader.b)(DownloadComponentManager.java:192) waiters=0 in void com.ss.android.socialbase.downloader.downloader.a.a(com.ss.android.socialbase.downloader.downloader.b) for 197ms
02-19 04:50:12.782 13722 13833 E Downloader-DownloadComponentManager: component has init
02-19 04:50:12.933 13841 13857 I art     : Do partial code cache collection, code=30KB, data=30KB
02-19 04:50:12.960 13841 13857 I art     : After code cache collection, code=29KB, data=30KB
02-19 04:50:12.960 13841 13857 I art     : Increasing code cache capacity to 128KB
02-19 04:50:12.979 13722 13834 I DelegateRunnable: run: pool  = io waitTime =133 taskCost = 13049
02-19 04:50:13.023 13722 13779 I crashsdk: begin hack android.os.Process
02-19 04:50:13.070 13722 13779 I crashsdk: end hack android.os.Process
02-19 04:50:13.273 13841 13863 W art     : Suspending all threads took: 18.765ms
02-19 04:50:13.477 13722 13779 W art     : Verification of void com.umeng.cconfig.UMRemoteConfig.a(com.umeng.analytics.pro.ae) took 114.069ms
02-19 04:50:13.631 13722 13999 I DelegateRunnable: run: pool  = io waitTime =11918 taskCost = 55
02-19 04:50:13.761 13722 14009 I DelegateRunnable: run: pool  = io waitTime =10023 taskCost = 74
02-19 04:50:13.861 13722 14008 I DelegateRunnable: run: pool  = io waitTime =11107 taskCost = 94
02-19 04:50:13.972  1349  1523 D sensor_hal: cb_activate handle=5 enabled=1
02-19 04:50:13.972  1349  1523 D sensor_hal: cb_setDelay handle=5 delay-ns=200000000
02-19 04:50:13.991 13722 13999 I DelegateRunnable: run: pool  = io waitTime =7564 taskCost = 359
02-19 04:50:14.029 13722 14006 I DelegateRunnable: run: pool  = io waitTime =371 taskCost = 470
02-19 04:50:14.038 13841 13863 W art     : Suspending all threads took: 14.781ms
02-19 04:50:14.061 13722 13779 W art     : Verification of java.util.Map com.ximalaya.ting.android.host.manager.application.e.a(java.util.Map) took 133.901ms
02-19 04:50:14.374 13722 13833 W art     : Verification of void com.bytedance.sdk.adnet.a.a.<init>(android.content.Context, boolean) took 209.796ms
02-19 04:50:14.411 13722 13779 W art     : Verification of byte[] com.tencent.bugly.proguard.z.a(int) took 209.519ms
02-19 04:50:14.623 13722 13833 D InitHelper: do async task: 14625
02-19 04:50:14.697 13722 13833 I DelegateRunnable: run: pool  = io waitTime =147 taskCost = 14694
02-19 04:50:14.744 13722 13779 W art     : Verification of boolean com.tencent.bugly.crashreport.common.info.b.s() took 111.101ms
02-19 04:50:14.757 13722 14009 I DelegateRunnable: run: pool  = io waitTime =9368 taskCost = 967
02-19 04:50:14.897 13722 13733 W art     : Suspending all threads took: 11.821ms
02-19 04:50:14.986 13722 13779 W art     : Verification of void com.tencent.bugly.proguard.q.onCreate(android.database.sqlite.SQLiteDatabase) took 133.504ms
02-19 04:50:15.128 13722 13779 W art     : Verification of void com.tencent.bugly.proguard.u.a(int, int, byte[], java.lang.String, java.lang.String, com.tencent.bugly.proguard.t, int, int, boolean, java.util.Map) took 138.701ms
02-19 04:50:15.198 13722 13918 V libnb   : enter native_bridge2_getTrampoline Java_com_umeng_umzid_Spy_getNativeLibraryVersion, trampoline_addr 0x0
02-19 04:50:15.199 13722 13918 V libnb   : enter native_bridge2_getTrampoline Java_com_umeng_umzid_Spy_getNativeLibraryVersion__, trampoline_addr 0x0
02-19 04:50:15.199 13722 13918 V libnb   : enter native_bridge2_getTrampoline Java_com_umeng_umzid_Spy_getNativeLibraryVersion, trampoline_addr 0x0
02-19 04:50:15.199 13722 13918 V libnb   : enter native_bridge2_getTrampoline Java_com_umeng_umzid_Spy_getNativeLibraryVersion__, trampoline_addr 0x0
02-19 04:50:15.199 13722 13918 V libnb   : enter native_bridge2_getTrampoline Java_com_umeng_umzid_Spy_getNativeLibraryVersion, trampoline_addr 0x0
02-19 04:50:15.199 13722 13918 V libnb   : enter native_bridge2_getTrampoline Java_com_umeng_umzid_Spy_getNativeLibraryVersion__, trampoline_addr 0x0
02-19 04:50:15.199 13722 13918 V libnb   : enter native_bridge2_getTrampoline Java_com_umeng_umzid_Spy_getNativeLibraryVersion, trampoline_addr 0x0
02-19 04:50:15.199 13722 13918 V libnb   : enter native_bridge2_getTrampoline Java_com_umeng_umzid_Spy_getNativeLibraryVersion__, trampoline_addr 0x0
02-19 04:50:15.199 13722 13918 V libnb   : enter native_bridge2_getTrampoline Java_com_umeng_umzid_Spy_getNativeLibraryVersion, trampoline_addr 0x0
02-19 04:50:15.199 13722 13918 V libnb   : enter native_bridge2_getTrampoline Java_com_umeng_umzid_Spy_getNativeLibraryVersion__, trampoline_addr 0x0
02-19 04:50:15.199 13722 13918 V libnb   : enter native_bridge2_getTrampoline Java_com_umeng_umzid_Spy_getNativeLibraryVersion, trampoline_addr 0x0
02-19 04:50:15.199 13722 13918 V libnb   : enter native_bridge2_getTrampoline Java_com_umeng_umzid_Spy_getNativeLibraryVersion__, trampoline_addr 0x0
02-19 04:50:15.199 13722 13918 V libnb   : enter native_bridge2_getTrampoline Java_com_umeng_umzid_Spy_getNativeLibraryVersion, trampoline_addr 0x0
02-19 04:50:15.199 13722 13918 V libnb   : enter native_bridge2_getTrampoline Java_com_umeng_umzid_Spy_getNativeLibraryVersion__, trampoline_addr 0x0
02-19 04:50:15.199 13722 13918 V libnb   : enter native_bridge2_getTrampoline Java_com_umeng_umzid_Spy_getNativeLibraryVersion, trampoline_addr 0x0
02-19 04:50:15.199 13722 13918 V libnb   : enter native_bridge2_getTrampoline Java_com_umeng_umzid_Spy_getNativeLibraryVersion__, trampoline_addr 0x0
02-19 04:50:15.199 13722 13918 V libnb   : enter native_bridge2_getTrampoline Java_com_umeng_umzid_Spy_getNativeLibraryVersion, trampoline_addr 0xb92392dc
02-19 04:50:15.291 13722 13779 W art     : Verification of void com.tencent.bugly.crashreport.common.strategy.a.a(com.tencent.bugly.proguard.as) took 101.235ms
02-19 04:50:15.294 13722 14007 I DelegateRunnable: run: pool  = io waitTime =12429 taskCost = 1692
02-19 04:50:15.454 13722 14008 I DelegateRunnable: run: pool  = io waitTime =2 taskCost = 1
02-19 04:50:15.468  1349  1370 I ActivityManager: Waited long enough for: ServiceRecord{3b11052 u0 com.ximalaya.ting.android/.host.manager.bundleframework.BundleManager.XMPatchService}
02-19 04:50:15.607 13722 13779 W art     : Verification of void com.tencent.bugly.crashreport.crash.c.a(java.lang.Thread, java.lang.Throwable, boolean, java.lang.String, byte[], boolean) took 147.016ms
02-19 04:50:16.019 13841 13857 I art     : Do partial code cache collection, code=61KB, data=54KB
02-19 04:50:16.051 13841 13857 I art     : After code cache collection, code=52KB, data=48KB
02-19 04:50:16.051 13841 13857 I art     : Increasing code cache capacity to 256KB
02-19 04:50:16.068 13722 13779 V libnb   : enter native_bridge2_isSupported /data/app/com.ximalaya.ting.android-1/lib/arm/libBugly.so
02-19 04:50:16.068 13722 13779 V libnb   : enter native_bridge2_loadLibrary /data/app/com.ximalaya.ting.android-1/lib/arm/libBugly.so
02-19 04:50:16.508 13722 13733 W art     : Suspending all threads took: 14.948ms
02-19 04:50:17.440 13722 13779 D houdini : [13779] Added shared library /data/app/com.ximalaya.ting.android-1/lib/arm/libBugly.so for ClassLoader by Native Bridge.
02-19 04:50:17.441 13722 13774 V libnb   : enter native_bridge2_getTrampoline Java_com_ximalaya_ting_android_xmlog_manager_Xlog_appenderFlush, trampoline_addr 0x0
02-19 04:50:17.441 13722 13774 V libnb   : enter native_bridge2_getTrampoline Java_com_ximalaya_ting_android_xmlog_manager_Xlog_appenderFlush__Z, trampoline_addr 0x0
02-19 04:50:17.441 13722 13774 V libnb   : enter native_bridge2_getTrampoline Java_com_ximalaya_ting_android_xmlog_manager_Xlog_appenderFlush, trampoline_addr 0x0
02-19 04:50:17.441 13722 13774 V libnb   : enter native_bridge2_getTrampoline Java_com_ximalaya_ting_android_xmlog_manager_Xlog_appenderFlush__Z, trampoline_addr 0x0
02-19 04:50:17.441 13722 13774 V libnb   : enter native_bridge2_getTrampoline Java_com_ximalaya_ting_android_xmlog_manager_Xlog_appenderFlush, trampoline_addr 0x0
02-19 04:50:17.441 13722 13774 V libnb   : enter native_bridge2_getTrampoline Java_com_ximalaya_ting_android_xmlog_manager_Xlog_appenderFlush__Z, trampoline_addr 0x0
02-19 04:50:17.441 13722 13774 V libnb   : enter native_bridge2_getTrampoline Java_com_ximalaya_ting_android_xmlog_manager_Xlog_appenderFlush, trampoline_addr 0xb92392a4
02-19 04:50:17.444 13722 13779 V libnb   : enter native_bridge2_getTrampoline JNI_OnLoad, trampoline_addr 0xb923926c
02-19 04:50:18.345 13722 14005 I DelegateRunnable: run: pool  = io waitTime =267 taskCost = 4968
02-19 04:50:19.364 13722 13727 I art     : Do full code cache collection, code=118KB, data=121KB
02-19 04:50:19.365 13722 13727 I art     : Starting a blocking GC JitCodeCache
02-19 04:50:19.365 13722 13727 I art     : After code cache collection, code=104KB, data=98KB
02-19 04:50:20.407 13722 13779 W art     : Verification of void com.ximalaya.ting.android.framework.e.b(android.content.Context) took 195.463ms
02-19 04:50:20.956 13841 13857 I art     : Do full code cache collection, code=118KB, data=116KB
02-19 04:50:20.998 13841 13857 I art     : Starting a blocking GC JitCodeCache
02-19 04:50:20.998 13841 13857 I art     : After code cache collection, code=64KB, data=63KB
02-19 04:50:21.104 13722 13733 W art     : Suspending all threads took: 39.404ms
02-19 04:50:21.674 13722 13733 W art     : Suspending all threads took: 29.971ms
02-19 04:50:21.791 13722 13733 W art     : Suspending all threads took: 40.027ms
02-19 04:50:21.923 13841 13857 I art     : Do partial code cache collection, code=69KB, data=68KB
02-19 04:50:21.964 13841 13857 I art     : After code cache collection, code=68KB, data=68KB
02-19 04:50:21.964 13841 13857 I art     : Increasing code cache capacity to 512KB
02-19 04:50:22.309 13722 13834 I DelegateRunnable: run: pool  = io waitTime =12806 taskCost = 9330
02-19 04:50:23.715 13841 13937 I AppMethodBeat: [startExpired] timestamp:1613681423714 status:1
02-19 04:50:24.095  1349  1730 D sensor_hal: cb_activate handle=5 enabled=0
02-19 04:50:24.952 13722 13727 I art     : Do partial code cache collection, code=123KB, data=92KB
02-19 04:50:24.981 13722 13727 I art     : After code cache collection, code=121KB, data=90KB
02-19 04:50:24.982 13722 13727 I art     : Increasing code cache capacity to 512KB
02-19 04:50:25.297 13722 13733 W art     : Suspending all threads took: 32.179ms
02-19 04:50:26.379 13841 13954 I System.out: patch  end
02-19 04:50:26.429 13841 13954 I System.out: patch newDexFile /data/user/0/com.ximalaya.ting.android/app_dex/dispatch_bundle/7.3.12.3_4.0/dex/classes7.dex
02-19 04:50:26.429 13841 13954 I System.out: patch diffPatchFile /data/user/0/com.ximalaya.ting.android/app_dex/dispatch_bundle/7.3.12.3_4.0/patch/dex/classes7.patch
02-19 04:50:26.558 13722 13779 V IMT     : IMT SDK start, v:1.0.6.2, iv:5
02-19 04:50:27.400 13722 13779 W art     : Verification of kotlin.h.m kotlin.h.t.a(kotlin.h.m, java.lang.Class) took 384.993ms
02-19 04:50:27.477 13841 13863 W art     : Suspending all threads took: 6.708ms
02-19 04:50:27.517 13841 13863 W art     : Suspending all threads took: 7.046ms
02-19 04:50:27.674 13722 13779 W Settings: Setting android_id has moved from android.provider.Settings.System to android.provider.Settings.Secure, returning read-only value.
02-19 04:50:27.740  1349  1370 I ActivityManager: Waited long enough for: ServiceRecord{21df34f u0 com.ximalaya.ting.android/com.ss.android.socialbase.downloader.notification.DownloadNotificationService}
02-19 04:50:28.105 13722 13973 I crashsdk: crashsdk uploading logs
02-19 04:50:28.105 13722 13973 D crashsdk: file: 516f69a256240b561e021be4_7.3.12.3_59e60a57_MI-9_7.1.2_161368133468062073_20210219044930_fg_jni.log.gz, modify interval: 50 s, safe upload: true
02-19 04:50:28.194 13722 13973 D crashsdk: Uploading to https://errlog.umeng.com/upload
02-19 04:50:28.898 13722 13973 I crashsdk: Response code: 200
02-19 04:50:28.898 13722 13973 I crashsdk: Log upload response: succeed
02-19 04:50:28.899 13722 13973 E crashsdk: Uploaded log: 516f69a256240b561e021be4_7.3.12.3_59e60a57_MI-9_7.1.2_161368133468062073_20210219044930_fg_jni.log.gz
02-19 04:50:29.280 13722 13779 W cr_CrashFileManager: /data/user/0/com.ximalaya.ting.android/cache/WebView/Crash Reports does not exist or is not a directory
02-19 04:50:29.623 13841 13863 W art     : Suspending all threads took: 6.759ms
02-19 04:50:31.011 13841 13857 I art     : Do full code cache collection, code=246KB, data=193KB
02-19 04:50:31.022 13841 13857 I art     : Starting a blocking GC JitCodeCache
02-19 04:50:31.022 13841 13857 I art     : After code cache collection, code=175KB, data=146KB
02-19 04:50:31.551 13841 13954 I System.out: patch  end
02-19 04:50:31.587 13841 13954 I System.out: patch newDexFile /data/user/0/com.ximalaya.ting.android/app_dex/dispatch_bundle/7.3.12.3_4.0/dex/classes6.dex
02-19 04:50:31.587 13841 13954 I System.out: patch diffPatchFile /data/user/0/com.ximalaya.ting.android/app_dex/dispatch_bundle/7.3.12.3_4.0/patch/dex/classes6.patch
02-19 04:50:32.009 13841 13863 W art     : Suspending all threads took: 45.832ms
02-19 04:50:32.958 13841 13954 I System.out: patch  end
02-19 04:50:32.981 13841 13954 I System.out: patch newDexFile /data/user/0/com.ximalaya.ting.android/app_dex/dispatch_bundle/7.3.12.3_4.0/dex/classes.dex
02-19 04:50:32.981 13841 13954 I System.out: patch diffPatchFile /data/user/0/com.ximalaya.ting.android/app_dex/dispatch_bundle/7.3.12.3_4.0/patch/dex/classes.patch
02-19 04:50:35.390 13841 13954 I System.out: patch  end
02-19 04:50:35.425 13841 13954 I System.out: patch newDexFile /data/user/0/com.ximalaya.ting.android/app_dex/dispatch_bundle/7.3.12.3_4.0/dex/classes2.dex
02-19 04:50:35.425 13841 13954 I System.out: patch diffPatchFile /data/user/0/com.ximalaya.ting.android/app_dex/dispatch_bundle/7.3.12.3_4.0/patch/dex/classes2.patch
02-19 04:50:37.498 13841 13954 I System.out: patch  end
02-19 04:50:37.525 13841 13954 I System.out: patch newDexFile /data/user/0/com.ximalaya.ting.android/app_dex/dispatch_bundle/7.3.12.3_4.0/dex/classes11.dex
02-19 04:50:37.525 13841 13954 I System.out: patch diffPatchFile /data/user/0/com.ximalaya.ting.android/app_dex/dispatch_bundle/7.3.12.3_4.0/patch/dex/classes11.patch
02-19 04:50:38.170 13841 13863 W art     : Suspending all threads took: 88.905ms
02-19 04:50:40.066 13841 13954 I System.out: patch  end
02-19 04:50:40.099 13841 13954 I System.out: patch newDexFile /data/user/0/com.ximalaya.ting.android/app_dex/dispatch_bundle/7.3.12.3_4.0/dex/classes10.dex
02-19 04:50:40.099 13841 13954 I System.out: patch diffPatchFile /data/user/0/com.ximalaya.ting.android/app_dex/dispatch_bundle/7.3.12.3_4.0/patch/dex/classes10.patch
02-19 04:50:41.508 13841 13954 I System.out: patch  end
02-19 04:50:41.534 13841 13954 I System.out: patch newDexFile /data/user/0/com.ximalaya.ting.android/app_dex/dispatch_bundle/7.3.12.3_4.0/dex/classes9.dex
02-19 04:50:41.534 13841 13954 I System.out: patch diffPatchFile /data/user/0/com.ximalaya.ting.android/app_dex/dispatch_bundle/7.3.12.3_4.0/patch/dex/classes9.patch
02-19 04:50:43.171  1349  1429 D WifiNative-HAL: Failing getSupportedFeatureset because HAL isn't started
02-19 04:50:43.179  1349  1374 E BatteryStatsService: no controller energy info supplied
02-19 04:50:43.179  1349  1374 E BatteryStatsService: no controller energy info supplied
02-19 04:50:43.207  1516  1516 E PhoneInterfaceManager: [PhoneIntfMgr] queryModemActivityInfo: Empty response
02-19 04:50:43.222  1349  1374 E KernelCpuSpeedReader: Failed to read cpu-freq: /sys/devices/system/cpu/cpu0/cpufreq/stats/time_in_state (No such file or directory)
02-19 04:50:43.226  1349  1374 E BatteryStatsService: modem info is invalid: ModemActivityInfo{ mTimestamp=0 mSleepTimeMs=0 mIdleTimeMs=0 mTxTimeMs[]=[0, 0, 0, 0, 0] mRxTimeMs=0 mEnergyUsed=0}
02-19 04:50:43.650 13841 13954 I System.out: patch  end
02-19 04:50:54.730 14063 14063 W dex2oat : Mismatch between dex2oat instruction set features (ISA: X86 Feature string: smp,ssse3,sse4.1,sse4.2,-avx,-avx2,lock_add,popcnt) and those of dex2oat executable (ISA: X86 Feature string: smp,ssse3,-sse4.1,-sse4.2,-avx,-avx2,-lock_add,-popcnt) for the command line:
02-19 04:50:54.730 14063 14063 W dex2oat : /system/bin/dex2oat --runtime-arg -classpath --runtime-arg & --instruction-set=x86 --instruction-set-features=smp,ssse3,-sse4.1,-sse4.2,-avx,-avx2,-lock_add,-popcnt --runtime-arg -Xrelocate --boot-image=/system/framework/boot.art --runtime-arg -Xms64m --runtime-arg -Xmx512m --instruction-set-variant=silvermont --instruction-set-features=default --dex-file=/data/user/0/com.ximalaya.ting.android/app_dex/dispatch_bundle/7.3.12.3_4.0/dex/dex.apk --oat-fd=59 --oat-location=/data/user/0/com.ximalaya.ting.android/app_dex/dispatch_bundle/7.3.12.3_4.0/oat/dex.dex --compiler-filter=speed
02-19 04:50:54.732 14063 14063 I dex2oat : /system/bin/dex2oat --dex-file=/data/user/0/com.ximalaya.ting.android/app_dex/dispatch_bundle/7.3.12.3_4.0/dex/dex.apk --oat-fd=59 --oat-location=/data/user/0/com.ximalaya.ting.android/app_dex/dispatch_bundle/7.3.12.3_4.0/oat/dex.dex --compiler-filter=speed
02-19 04:50:54.732 14063 14063 E cutils-trace: Error opening trace file: Permission denied (13)
02-19 04:50:56.552  1191  1191 I         : free_cache(1809662) avail 15404621824
02-19 04:50:56.658  1191  1191 I         : free_cache(1554000) avail 15402807296
02-19 04:50:57.467  1349  1370 I ActivityManager: Force stopping io.appium.uiautomator2.server appid=10065 user=-1: deletePackageX
02-19 04:50:58.707 13722 13733 W art     : Suspending all threads took: 6.996ms
02-19 04:50:59.437 13722 13791 W System.err: java.io.FileNotFoundException: /proc/13722/task/13798/stat (No such file or directory)
02-19 04:50:59.459 13722 13791 W System.err: 	at java.io.FileInputStream.open(Native Method)
02-19 04:50:59.459 13722 13791 W System.err: 	at java.io.FileInputStream.<init>(FileInputStream.java:146)
02-19 04:50:59.459 13722 13791 W System.err: 	at com.ximalaya.ting.android.cpumonitor.e.a(CpuUtils.java:372)
02-19 04:50:59.459 13722 13791 W System.err: 	at com.ximalaya.ting.android.cpumonitor.j$a.run(XmBusyThreadTracer.java:135)
02-19 04:50:59.459 13722 13791 W System.err: 	at java.util.concurrent.Executors$RunnableAdapter.call(Executors.java:428)
02-19 04:50:59.459 13722 13791 W System.err: 	at java.util.concurrent.FutureTask.runAndReset(FutureTask.java:278)
02-19 04:50:59.459 13722 13791 W System.err: 	at java.util.concurrent.ScheduledThreadPoolExecutor$ScheduledFutureTask.run(ScheduledThreadPoolExecutor.java:273)
02-19 04:50:59.459 13722 13791 W System.err: 	at java.util.concurrent.ThreadPoolExecutor.runWorker(ThreadPoolExecutor.java:1133)
02-19 04:50:59.459 13722 13791 W System.err: 	at java.util.concurrent.ThreadPoolExecutor$Worker.run(ThreadPoolExecutor.java:607)
02-19 04:50:59.459 13722 13791 W System.err: 	at java.lang.Thread.run(Thread.java:761)
02-19 04:51:00.164  1349  1404 W art     : Long monitor contention with owner PackageManager (1403) at void com.android.server.pm.PackageManagerService.removePackageDataLIF(com.android.server.pm.PackageSetting, int[], com.android.server.pm.PackageManagerService$PackageRemovedInfo, int, boolean)(PackageManagerService.java:16544) waiters=0 in android.content.pm.PackageInfo com.android.server.pm.PackageManagerService.getPackageInfo(java.lang.String, int, int) for 648ms
02-19 04:51:00.167  1349  1411 W art     : Long monitor contention with owner PackageManager (1403) at void com.android.server.pm.PackageManagerService.removePackageDataLIF(com.android.server.pm.PackageSetting, int[], com.android.server.pm.PackageManagerService$PackageRemovedInfo, int, boolean)(PackageManagerService.java:16544) waiters=1 in boolean com.android.server.pm.PackageManagerService.isProtectedBroadcast(java.lang.String) for 148ms
02-19 04:51:00.579  1349  1403 I art     : Starting a blocking GC Explicit
02-19 04:51:00.642  1349  1349 W art     : Long monitor contention with owner AlarmManager (1411) at void com.android.server.AlarmManagerService$AlarmThread.run()(AlarmManagerService.java:2498) waiters=0 in void com.android.server.AlarmManagerService.setImpl(int, long, long, long, android.app.PendingIntent, android.app.IAlarmListener, java.lang.String, int, android.os.WorkSource, android.app.AlarmManager$AlarmClockInfo, int, java.lang.String) for 461ms
02-19 04:51:01.102  1349  1404 D NativeLibraryHelper: call FindSupportedAbi, param: supportedAbisArray=x86 armeabi-v7a armeabi 
02-19 04:51:01.102  1349  1404 D NativeLibraryHelper: cur file-size=1809662
02-19 04:51:01.102  1349  1404 D NativeLibraryHelper: abi-list=x86 armeabi-v7a armeabi 
02-19 04:51:01.102  1349  1404 D NativeLibraryHelper: 
02-19 04:51:01.102  1349  1404 D NativeLibraryHelper: cache file-size=78299738
02-19 04:51:01.102  1349  1404 D NativeLibraryHelper: abi-list=x86 armeabi-v7a armeabi 
02-19 04:51:01.103  1349  1404 D NativeLibraryHelper: native FindSupportedAbi return! ret=-114 abi=NULL
02-19 04:51:01.172  1349  1404 D NativeLibraryHelper: call FindSupportedAbi, param: supportedAbisArray=x86 armeabi-v7a armeabi 
02-19 04:51:01.172  1349  1404 D NativeLibraryHelper: cur file-size=1554000
02-19 04:51:01.172  1349  1404 D NativeLibraryHelper: abi-list=x86 armeabi-v7a armeabi 
02-19 04:51:01.172  1349  1404 D NativeLibraryHelper: 
02-19 04:51:01.172  1349  1404 D NativeLibraryHelper: cache file-size=78299738
02-19 04:51:01.172  1349  1404 D NativeLibraryHelper: abi-list=x86 armeabi-v7a armeabi 
02-19 04:51:01.172  1349  1404 D NativeLibraryHelper: native FindSupportedAbi return! ret=-114 abi=NULL
02-19 04:51:01.773  1349  1369 I UsageStatsService: User[0] Flushing usage stats to disk
02-19 04:51:02.604  1349  1403 I art     : Explicit concurrent mark sweep GC freed 83484(3MB) AllocSpace objects, 28(948KB) LOS objects, 33% free, 17MB/26MB, paused 448us total 1.988s
02-19 04:51:02.994  1349  1370 I ActivityManager: Force stopping io.appium.uiautomator2.server.test appid=10066 user=-1: deletePackageX
02-19 04:51:03.049  1782  1782 W ContextImpl: Calling a method in the system process without a qualified user: android.app.ContextImpl.startService:1357 android.content.ContextWrapper.startService:613 android.content.ContextWrapper.startService:613 com.android.coreservice.CoreBroadcastReceiver.onReceive:53 android.app.ActivityThread.handleReceiver:3045 
02-19 04:51:03.691 13722 13891 I TeaLog  : p worked:true 60000
02-19 04:51:04.626  1349  1819 W art     : Long monitor contention with owner PackageManager (1403) at void com.android.server.pm.PackageManagerService.removePackageDataLIF(com.android.server.pm.PackageSetting, int[], com.android.server.pm.PackageManagerService$PackageRemovedInfo, int, boolean)(PackageManagerService.java:16544) waiters=0 in int com.android.server.pm.PackageManagerService.checkUidPermission(java.lang.String, int) for 904ms
02-19 04:51:04.661 13722 13891 I TeaLog  : s0 0
02-19 04:51:04.661 13722 13891 I TeaLog  : s worked:true 60000
02-19 04:51:04.677  1349  1403 I art     : Starting a blocking GC Explicit
02-19 04:51:06.312 14113 14113 I appproc : exec app_process! cmdline: /system/bin com.android.commands.settings.SettingsCmd get secure default_input_method 
02-19 04:51:06.327 14113 14113 D AndroidRuntime: >>>>>> START com.android.internal.os.RuntimeInit uid 0 <<<<<<
02-19 04:51:06.330  1349  1403 I art     : Explicit concurrent mark sweep GC freed 15653(967KB) AllocSpace objects, 12(6MB) LOS objects, 33% free, 10MB/16MB, paused 625us total 1.615s
02-19 04:51:06.386 14113 14113 D AndroidRuntime: CheckJNI is OFF
02-19 04:51:06.855  1782  1782 W ContextImpl: Calling a method in the system process without a qualified user: android.app.ContextImpl.startService:1357 android.content.ContextWrapper.startService:613 android.content.ContextWrapper.startService:613 com.android.coreservice.CoreBroadcastReceiver.onReceive:53 android.app.ActivityThread.handleReceiver:3045 
02-19 04:51:07.103  1349  1403 I ActivityManager: Force stopping io.appium.uiautomator2.server appid=10065 user=0: pkg removed
02-19 04:51:07.202  1349  1419 I InputReader: Reconfiguring input devices.  changes=0x00000010
02-19 04:51:07.392  1782  1782 W ContextImpl: Calling a method in the system process without a qualified user: android.app.ContextImpl.startService:1357 android.content.ContextWrapper.startService:613 android.content.ContextWrapper.startService:613 com.android.coreservice.CoreBroadcastReceiver.onReceive:85 android.app.ActivityThread.handleReceiver:3045 
02-19 04:51:07.475  1349  1349 D ZenLog  : config: removeAutomaticZenRules,ZenModeConfig[user=0,allowCalls=true,allowRepeatCallers=false,allowMessages=false,allowCallsFrom=contacts,allowMessagesFrom=contacts,allowReminders=true,allowEvents=true,allowWhenScreenOff=true,allowWhenScreenOn=true,automaticRules={4159016469c54c16907ad35953609802=ZenRule[enabled=false,snoozing=false,name=,zenMode=ZEN_MODE_ALARMS,conditionId=condition://android/event?userId=-10000&calendar=&reply=1,condition=Condition[id=condition://android/event?userId=-10000&calendar=&reply=1,summary=...,line1=...,line2=...,icon=0,state=STATE_FALSE,flags=2],component=ComponentInfo{android/com.android.server.notification.EventConditionProvider},id=4159016469c54c16907ad35953609802,creationTime=1612943538992,enabler=null], 885f680b27354587a4052924c361cf90=ZenRule[enabled=false,snoozing=false,name=,zenMode=ZEN_MODE_ALARMS,conditionId=condition://android/schedule?days=1.2.3.4.5&start=22.0&end=7.0&exitAtAlarm=false,condition=Condition[id=condition://android/schedule?days=1.2.3.4.5&start=22.0&end=7.0&exitAtAlarm=false,summary=...,line1=...,line2=...,icon=0,state=STATE_TRUE,flags=2],component=ComponentInfo{android/com.android.server.notification.ScheduleConditionProvider},id=885f680b27354587a4052924c361cf90,creationTime=1612943538991,enabler=null], 7012306ed3144dada676d2f5b0039fb7=ZenRule[enabled=false,snoozing=false,name=,zenMode=ZEN_MODE_ALARMS,conditionId=condition://android/schedule?days=6.7&start=23.30&end=10.0&exitAtAlarm=false,condition=Condition[id=condition://android/schedule?days=6.7&start=23.30&end=10.0&exitAtAlarm=false,summary=...,line1=...,line2=...,icon=0,state=STATE_FALSE,flags=2],component=ComponentInfo{android/com.android.server.notification.ScheduleConditionProvider},id=7012306ed3144dada676d2f5b0039fb7,creationTime=1612943538991,enabler=null]},manualRule=null],Diff[]
02-19 04:51:07.518  1961  1961 I appstore: app Not Started
02-19 04:51:07.600  1516  1516 E PhoneInterfaceManager: [PhoneIntfMgr] getCarrierPackageNamesForIntent: No UICC
02-19 04:51:07.600  1516  1516 D CarrierSvcBindHelper: No carrier app for: 0
02-19 04:51:07.636  1349  1349 D ZenLog  : set_zen_mode: off,removeAutomaticZenRules
02-19 04:51:07.691 11475 11475 W ContextImpl: Calling a method in the system process without a qualified user: android.app.ContextImpl.startService:1357 android.content.ContextWrapper.startService:613 android.content.ContextWrapper.startService:613 com.android.keychain.KeyChainBroadcastReceiver.onReceive:12 android.app.ActivityThread.handleReceiver:3045 
02-19 04:51:07.725  1816  1816 W Launcher: setApplicationContext called twice! old=com.android.launcher3.LauncherApplication@5462273 new=com.android.launcher3.LauncherApplication@5462273
02-19 04:51:07.820  4783 14122 D VoicemailCleanupService: Cleaning up data for package: io.appium.uiautomator2.server
02-19 04:51:07.986  1349  1371 W art     : Long monitor contention with owner android.bg (1369) at void com.android.server.pm.ShortcutService.cleanUpPackageForAllLoadedUsers(java.lang.String, int, boolean)(ShortcutService.java:2200) waiters=0 in void com.android.server.pm.ShortcutService.handleOnUidStateChanged(int, int) for 356ms
02-19 04:51:08.196  1349  1403 I ActivityManager: Force stopping io.appium.uiautomator2.server.test appid=10066 user=0: pkg removed
02-19 04:51:08.259  1349  1349 D ZenLog  : config: removeAutomaticZenRules,ZenModeConfig[user=0,allowCalls=true,allowRepeatCallers=false,allowMessages=false,allowCallsFrom=contacts,allowMessagesFrom=contacts,allowReminders=true,allowEvents=true,allowWhenScreenOff=true,allowWhenScreenOn=true,automaticRules={4159016469c54c16907ad35953609802=ZenRule[enabled=false,snoozing=false,name=,zenMode=ZEN_MODE_ALARMS,conditionId=condition://android/event?userId=-10000&calendar=&reply=1,condition=Condition[id=condition://android/event?userId=-10000&calendar=&reply=1,summary=...,line1=...,line2=...,icon=0,state=STATE_FALSE,flags=2],component=ComponentInfo{android/com.android.server.notification.EventConditionProvider},id=4159016469c54c16907ad35953609802,creationTime=1612943538992,enabler=null], 885f680b27354587a4052924c361cf90=ZenRule[enabled=false,snoozing=false,name=,zenMode=ZEN_MODE_ALARMS,conditionId=condition://android/schedule?days=1.2.3.4.5&start=22.0&end=7.0&exitAtAlarm=false,condition=Condition[id=condition://android/schedule?days=1.2.3.4.5&start=22.0&end=7.0&exitAtAlarm=false,summary=...,line1=...,line2=...,icon=0,state=STATE_TRUE,flags=2],component=ComponentInfo{android/com.android.server.notification.ScheduleConditionProvider},id=885f680b27354587a4052924c361cf90,creationTime=1612943538991,enabler=null], 7012306ed3144dada676d2f5b0039fb7=ZenRule[enabled=false,snoozing=false,name=,zenMode=ZEN_MODE_ALARMS,conditionId=condition://android/schedule?days=6.7&start=23.30&end=10.0&exitAtAlarm=false,condition=Condition[id=condition://android/schedule?days=6.7&start=23.30&end=10.0&exitAtAlarm=false,summary=...,line1=...,line2=...,icon=0,state=STATE_FALSE,flags=2],component=ComponentInfo{android/com.android.server.notification.ScheduleConditionProvider},id=7012306ed3144dada676d2f5b0039fb7,creationTime=1612943538991,enabler=null]},manualRule=null],Diff[]
02-19 04:51:08.264  1349  1419 I InputReader: Reconfiguring input devices.  changes=0x00000010
02-19 04:51:08.283  1349  1349 D ZenLog  : set_zen_mode: off,removeAutomaticZenRules
02-19 04:51:08.289  1516  1516 E PhoneInterfaceManager: [PhoneIntfMgr] getCarrierPackageNamesForIntent: No UICC
02-19 04:51:08.289  1516  1516 D CarrierSvcBindHelper: No carrier app for: 0
02-19 04:51:08.414  1961  1961 D EventBus: No subscribers registered for event class java.lang.Integer
02-19 04:51:08.414  1961  1961 D EventBus: No subscribers registered for event class org.greenrobot.eventbus.h
02-19 04:51:08.419 14113 14113 D ICU     : No timezone override file found: /data/misc/zoneinfo/current/icu/icu_tzdata.dat
02-19 04:51:09.078  1782  1782 W ContextImpl: Calling a method in the system process without a qualified user: android.app.ContextImpl.startService:1357 android.content.ContextWrapper.startService:613 android.content.ContextWrapper.startService:613 com.android.coreservice.CoreBroadcastReceiver.onReceive:85 android.app.ActivityThread.handleReceiver:3045 
02-19 04:51:09.119  1961  1961 I appstore: app Not Started
02-19 04:51:09.180 11475 11475 W ContextImpl: Calling a method in the system process without a qualified user: android.app.ContextImpl.startService:1357 android.content.ContextWrapper.startService:613 android.content.ContextWrapper.startService:613 com.android.keychain.KeyChainBroadcastReceiver.onReceive:12 android.app.ActivityThread.handleReceiver:3045 
02-19 04:51:09.193  1816  1816 W Launcher: setApplicationContext called twice! old=com.android.launcher3.LauncherApplication@5462273 new=com.android.launcher3.LauncherApplication@5462273
02-19 04:51:09.279  1782  1796 I art     : Background partial concurrent mark sweep GC freed 23256(2MB) AllocSpace objects, 26(1288KB) LOS objects, 39% free, 5MB/9MB, paused 214us total 196.909ms
02-19 04:51:09.292  4783 14130 D VoicemailCleanupService: Cleaning up data for package: io.appium.uiautomator2.server.test
02-19 04:51:09.372 14113 14113 D libnativebridge: PreInitializeNativeBridge name=unknown instruction_set=x86
02-19 04:51:09.376  1816  1816 W art     : Long monitor contention with owner AsyncTask #19 (14128) at boolean android.os.MessageQueue.enqueueMessage(android.os.Message, long)(MessageQueue.java:541) waiters=0 in android.os.Message android.os.MessageQueue.next() for 154ms
02-19 04:51:09.382 14113 14113 D libnativebridge: call UnloadNativeBridge! state=1
02-19 04:51:09.522  4740  4756 D NativeLibraryHelper: call FindSupportedAbi, param: supportedAbisArray=x86 armeabi-v7a armeabi 
02-19 04:51:09.522  4740  4756 D NativeLibraryHelper: cur file-size=1809662
02-19 04:51:09.522  4740  4756 D NativeLibraryHelper: abi-list=x86 armeabi-v7a armeabi 
02-19 04:51:09.522  4740  4756 D NativeLibraryHelper: 
02-19 04:51:09.522  4740  4756 D NativeLibraryHelper: cache file-size=78299738
02-19 04:51:09.522  4740  4756 D NativeLibraryHelper: abi-list=x86 armeabi-v7a armeabi 
02-19 04:51:09.523  4740  4756 D NativeLibraryHelper: native FindSupportedAbi return! ret=-114 abi=NULL
02-19 04:51:09.948 14113 14113 E memtrack: Couldn't load memtrack module (No such file or directory)
02-19 04:51:09.948 14113 14113 E android.os.Debug: failed to load memtrack module: -2
02-19 04:51:09.954 14113 14113 I Radio-JNI: register_android_hardware_Radio DONE
02-19 04:51:10.007  1961  1961 D EventBus: No subscribers registered for event class java.lang.Integer
02-19 04:51:10.008  1961  1961 D EventBus: No subscribers registered for event class org.greenrobot.eventbus.h
02-19 04:51:10.078 14113 14113 D AndroidRuntime: Calling main entry com.android.commands.settings.SettingsCmd
02-19 04:51:10.126 14113 14113 D AndroidRuntime: Shutting down VM
02-19 04:51:10.133 14113 14137 W art     : Thread attaching while runtime is shutting down: Binder:14113_2
02-19 04:51:10.133 14113 14137 I AndroidRuntime: NOTE: attach of thread 'Binder:14113_2' failed
02-19 04:51:10.659  1349  1403 D NativeLibraryHelper: call FindSupportedAbi, param: supportedAbisArray=x86 armeabi-v7a armeabi 
02-19 04:51:10.659  1349  1403 D NativeLibraryHelper: cur file-size=1809662
02-19 04:51:10.659  1349  1403 D NativeLibraryHelper: abi-list=x86 armeabi-v7a armeabi 
02-19 04:51:10.659  1349  1403 D NativeLibraryHelper: 
02-19 04:51:10.659  1349  1403 D NativeLibraryHelper: cache file-size=78299738
02-19 04:51:10.659  1349  1403 D NativeLibraryHelper: abi-list=x86 armeabi-v7a armeabi 
02-19 04:51:10.659  1349  1403 D NativeLibraryHelper: native FindSupportedAbi return! ret=-114 abi=NULL
02-19 04:51:10.659  1349  1403 I PackageManager: do copyNativeBinariesForSupportedAbi copyRet=-114
02-19 04:51:12.695  1349  1369 W art     : Long monitor contention with owner PackageManager (1403) at void com.android.server.pm.PackageManagerService.updateSettingsInternalLI(android.content.pm.PackageParser$Package, java.lang.String, int[], int[], com.android.server.pm.PackageManagerService$PackageInstalledInfo, android.os.UserHandle)(PackageManagerService.java:15467) waiters=0 in android.content.pm.ApplicationInfo com.android.server.pm.PackageManagerService.getApplicationInfo(java.lang.String, int, int) for 1.366s
02-19 04:51:12.755 14138 14138 I appproc : exec app_process! cmdline: /system/bin com.android.commands.ime.Ime enable io.appium.settings/.UnicodeIME 
02-19 04:51:12.771 14138 14138 D AndroidRuntime: >>>>>> START com.android.internal.os.RuntimeInit uid 0 <<<<<<
02-19 04:51:12.808 14138 14138 D AndroidRuntime: CheckJNI is OFF
02-19 04:51:13.673 14138 14138 D ICU     : No timezone override file found: /data/misc/zoneinfo/current/icu/icu_tzdata.dat
02-19 04:51:13.789 14138 14138 D libnativebridge: PreInitializeNativeBridge name=unknown instruction_set=x86
02-19 04:51:13.793 14138 14138 D libnativebridge: call UnloadNativeBridge! state=1
02-19 04:51:13.893 14138 14138 E memtrack: Couldn't load memtrack module (No such file or directory)
02-19 04:51:13.903 14138 14138 E android.os.Debug: failed to load memtrack module: -2
02-19 04:51:13.915 14138 14138 I Radio-JNI: register_android_hardware_Radio DONE
02-19 04:51:13.985  1349  1369 W art     : Long monitor contention with owner PackageManager (1403) at void com.android.server.pm.PackageManagerService.updateSettingsInternalLI(android.content.pm.PackageParser$Package, java.lang.String, int[], int[], com.android.server.pm.PackageManagerService$PackageInstalledInfo, android.os.UserHandle)(PackageManagerService.java:15478) waiters=0 in android.content.pm.ApplicationInfo com.android.server.pm.PackageManagerService.getApplicationInfo(java.lang.String, int, int) for 1.290s
02-19 04:51:14.019 14138 14138 D AndroidRuntime: Calling main entry com.android.commands.ime.Ime
02-19 04:51:14.038 14138 14138 D AndroidRuntime: Shutting down VM
02-19 04:51:14.047 14138 14149 W art     : Thread attaching while runtime is shutting down: Binder:14138_2
02-19 04:51:14.047 14138 14149 I AndroidRuntime: NOTE: attach of thread 'Binder:14138_2' failed
02-19 04:51:14.152  1349  1403 V BackupManagerService: restoreAtInstall pkg=io.appium.uiautomator2.server.test token=1b restoreSet=0
02-19 04:51:14.153  1349  1403 W BackupManagerService: Requested unavailable transport: android/com.android.internal.backup.LocalTransport
02-19 04:51:14.153  1349  1403 W BackupManagerService: No transport
02-19 04:51:14.153  1349  1403 V BackupManagerService: Finishing install immediately
02-19 04:51:14.894  4740  4757 D NativeLibraryHelper: call FindSupportedAbi, param: supportedAbisArray=x86 armeabi-v7a armeabi 
02-19 04:51:14.894  4740  4757 D NativeLibraryHelper: cur file-size=1554000
02-19 04:51:14.894  4740  4757 D NativeLibraryHelper: abi-list=x86 armeabi-v7a armeabi 
02-19 04:51:14.894  4740  4757 D NativeLibraryHelper: 
02-19 04:51:14.894  4740  4757 D NativeLibraryHelper: cache file-size=78299738
02-19 04:51:14.894  4740  4757 D NativeLibraryHelper: abi-list=x86 armeabi-v7a armeabi 
02-19 04:51:14.895  4740  4757 D NativeLibraryHelper: native FindSupportedAbi return! ret=-114 abi=NULL
02-19 04:51:14.994  1349  1403 I art     : Starting a blocking GC Explicit
02-19 04:51:15.877 14150 14150 I appproc : exec app_process! cmdline: /system/bin com.android.commands.ime.Ime set io.appium.settings/.UnicodeIME 
02-19 04:51:15.878 14150 14150 D AndroidRuntime: >>>>>> START com.android.internal.os.RuntimeInit uid 0 <<<<<<
02-19 04:51:15.916 14150 14150 D AndroidRuntime: CheckJNI is OFF
02-19 04:51:16.540 14150 14150 D ICU     : No timezone override file found: /data/misc/zoneinfo/current/icu/icu_tzdata.dat
02-19 04:51:16.664 14150 14150 D libnativebridge: PreInitializeNativeBridge name=unknown instruction_set=x86
02-19 04:51:16.665 14150 14150 D libnativebridge: call UnloadNativeBridge! state=1
02-19 04:51:16.747 14150 14150 E memtrack: Couldn't load memtrack module (No such file or directory)
02-19 04:51:16.748 14150 14150 E android.os.Debug: failed to load memtrack module: -2
02-19 04:51:16.757 14150 14150 I Radio-JNI: register_android_hardware_Radio DONE
02-19 04:51:16.820 14150 14150 D AndroidRuntime: Calling main entry com.android.commands.ime.Ime
02-19 04:51:16.842 14150 14150 D AndroidRuntime: Shutting down VM
02-19 04:51:17.726  1349  1369 W Searchables: No global search activity found
02-19 04:51:18.167  1816  1816 D Launcher.Workspace: 11683562 - stripEmptyScreens()
02-19 04:51:18.439  1349  1384 W art     : Long monitor contention with owner AlarmManager (1411) at void com.android.server.power.PowerManagerService.acquireWakeLockInternal(android.os.IBinder, int, java.lang.String, java.lang.String, android.os.WorkSource, java.lang.String, int, int)(PowerManagerService.java:878) waiters=0 in void com.android.server.power.PowerManagerService.handleSandman() for 179ms
02-19 04:51:18.517  1349  1429 D WifiStateMachine: setScanResults mScanResults.size=1
02-19 04:51:18.643  1349  1369 W Searchables: No global search activity found
02-19 04:51:19.186  1816  1816 D Launcher.Workspace: 11683562 - stripEmptyScreens()
02-19 04:51:19.490  1349  1403 I art     : Explicit concurrent mark sweep GC freed 35351(2MB) AllocSpace objects, 15(300KB) LOS objects, 33% free, 11MB/16MB, paused 97.300ms total 174.956ms
02-19 04:51:19.524  1191  1191 E         : Couldn't opendir /data/app/vmdl1811409287.tmp: No such file or directory
02-19 04:51:20.075  1349  1403 D NativeLibraryHelper: call FindSupportedAbi, param: supportedAbisArray=x86 armeabi-v7a armeabi 
02-19 04:51:20.076  1349  1403 D NativeLibraryHelper: cur file-size=1554000
02-19 04:51:20.076  1349  1403 D NativeLibraryHelper: abi-list=x86 armeabi-v7a armeabi 
02-19 04:51:20.076  1349  1403 D NativeLibraryHelper: 
02-19 04:51:20.076  1349  1403 D NativeLibraryHelper: cache file-size=78299738
02-19 04:51:20.076  1349  1403 D NativeLibraryHelper: abi-list=x86 armeabi-v7a armeabi 
02-19 04:51:20.076  1349  1403 D NativeLibraryHelper: native FindSupportedAbi return! ret=-114 abi=NULL
02-19 04:51:20.076  1349  1403 I PackageManager: do copyNativeBinariesForSupportedAbi copyRet=-114
02-19 04:51:21.698 14063 14063 W dex2oat : Before Android 4.1, method int androidx.appcompat.widget.DropDownListView.lookForSelectablePosition(int, boolean) would have incorrectly overridden the package-private method in android.widget.ListView
02-19 04:51:22.260  1349  1370 I ActivityManager: Waited long enough for: ServiceRecord{bbf4a10 u0 com.tcl.joylockscreen/com.vlife.TService}
02-19 04:51:22.301 14063 14176 W dex2oat : Before Android 4.1, method int androidx.appcompat.widget.MenuPopupWindow$MenuDropDownListView.lookForSelectablePosition(int, boolean) would have incorrectly overridden the package-private method in android.widget.ListView
02-19 04:51:22.393 14063 14063 W dex2oat : Before Android 4.1, method android.graphics.PorterDuffColorFilter androidx.vectordrawable.graphics.drawable.VectorDrawableCompat.updateTintFilter(android.graphics.PorterDuffColorFilter, android.content.res.ColorStateList, android.graphics.PorterDuff$Mode) would have incorrectly overridden the package-private method in android.graphics.drawable.Drawable
02-19 04:51:22.434 14063 14063 W dex2oat : Before Android 4.1, method void com.ximalaya.ting.android.reactnative.modules.thirdParty.svg.VirtualView.setPointerEvents(com.facebook.react.uimanager.PointerEvents) would have incorrectly overridden the package-private method in com.facebook.react.views.view.ReactViewGroup
02-19 04:51:22.742  1349  1403 V BackupManagerService: restoreAtInstall pkg=io.appium.uiautomator2.server token=1c restoreSet=0
02-19 04:51:22.742  1349  1403 W BackupManagerService: Requested unavailable transport: android/com.android.internal.backup.LocalTransport
02-19 04:51:22.742  1349  1403 W BackupManagerService: No transport
02-19 04:51:22.742  1349  1403 V BackupManagerService: Finishing install immediately
02-19 04:51:22.751  1349  1797 W art     : Long monitor contention with owner PackageManager (1403) at void com.android.server.pm.PackageManagerService$9.run()(PackageManagerService.java:12972) waiters=0 in void com.android.server.pm.PackageManagerService.freeStorage(java.lang.String, long) for 2.907s
02-19 04:51:22.758  1191  1191 I         : free_cache(2003821) avail 15334559744
02-19 04:51:22.842  1349  1419 I InputReader: Reconfiguring input devices.  changes=0x00000010
02-19 04:51:22.862  1816  1816 D LdHotSeatAdImp: Test: updateAHotSetIcon viewItem=null
02-19 04:51:22.903  1516  1516 E PhoneInterfaceManager: [PhoneIntfMgr] getCarrierPackageNamesForIntent: No UICC
02-19 04:51:22.903  1516  1516 D CarrierSvcBindHelper: No carrier app for: 0
02-19 04:51:22.916  1516  1516 D CarrierConfigLoader: mHandler: 9 phoneId: 0
02-19 04:51:22.927  1349  1403 I art     : Starting a blocking GC Explicit
02-19 04:51:23.031  1349  1369 W art     : Long monitor contention with owner PackageManager (1403) at void com.android.server.pm.PackageManagerService.updateSettingsInternalLI(android.content.pm.PackageParser$Package, java.lang.String, int[], int[], com.android.server.pm.PackageManagerService$PackageInstalledInfo, android.os.UserHandle)(PackageManagerService.java:15478) waiters=0 in void com.android.server.pm.Settings$RuntimePermissionPersistence.writePermissionsSync(int) for 1.002s
02-19 04:51:23.183  1782  1782 W ContextImpl: Calling a method in the system process without a qualified user: android.app.ContextImpl.startService:1357 android.content.ContextWrapper.startService:613 android.content.ContextWrapper.startService:613 com.android.coreservice.CoreBroadcastReceiver.onReceive:77 android.app.ActivityThread.handleReceiver:3045 
02-19 04:51:23.495 14185 14185 D su      : su invoked.
02-19 04:51:23.572 14188 14188 D su      : starting daemon client 10018 10018
02-19 04:51:23.635 14193 14193 D su      : connecting client 14184
02-19 04:51:23.791 14195 14195 D su      : remote pid: 14184
02-19 04:51:23.929 14196 14196 D su      : remote pts_slave: 
02-19 04:51:24.134 14197 14197 D su      : remote uid: 10018
02-19 04:51:24.261 14198 14198 D su      : remote req pid: 1961
02-19 04:51:24.432 14199 14199 D su   