02-19 04:42:49.288  1961  1961 W System.err: 	at java.lang.reflect.Method.invoke(Native Method)
02-19 04:42:49.288  1961  1961 W System.err: 	at com.android.internal.os.ZygoteInit$MethodAndArgsCaller.run(ZygoteInit.java:892)
02-19 04:42:49.288  1961  1961 W System.err: 	at com.android.internal.os.ZygoteInit.main(ZygoteInit.java:782)
02-19 04:42:49.289  1961  1961 W System.err: android.content.pm.PackageManager$NameNotFoundException: com.duoyi.shenwu3
02-19 04:42:49.289  1961  1961 W System.err: 	at android.app.ApplicationPackageManager.getPackageInfoAsUser(ApplicationPackageManager.java:147)
02-19 04:42:49.289  1961  1961 W System.err: 	at android.app.ApplicationPackageManager.getPackageInfo(ApplicationPackageManager.java:132)
02-19 04:42:49.289  1961  1961 W System.err: 	at com.android.flysilkworm.a.c.c(ApkPackageMgr.java:3)
02-19 04:42:49.289  1961  1961 W System.err: 	at com.android.flysilkworm.common.utils.r.b(LdIdUtils.java:41)
02-19 04:42:49.289  1961  1961 W System.err: 	at com.android.flysilkworm.common.utils.r.b(LdIdUtils.java:33)
02-19 04:42:49.289  1961  1961 W System.err: 	at com.android.flysilkworm.app.service.ApkReceiver.a(ApkReceiver.java:12)
02-19 04:42:49.290  1961  1961 W System.err: 	at com.android.flysilkworm.app.service.ApkReceiver.onReceive(ApkReceiver.java:3)
02-19 04:42:49.290  1961  1961 W System.err: 	at android.app.ActivityThread.handleReceiver(ActivityThread.java:3045)
02-19 04:42:49.290  1961  1961 W System.err: 	at android.app.ActivityThread.-wrap18(ActivityThread.java)
02-19 04:42:49.290  1961  1961 W System.err: 	at android.app.ActivityThread$H.handleMessage(ActivityThread.java:1566)
02-19 04:42:49.290  1961  1961 W System.err: 	at android.os.Handler.dispatchMessage(Handler.java:102)
02-19 04:42:49.290  1961  1961 W System.err: 	at android.os.Looper.loop(Looper.java:154)
02-19 04:42:49.290  1961  1961 W System.err: 	at android.app.ActivityThread.main(ActivityThread.java:6146)
02-19 04:42:49.290  1961  1961 W System.err: 	at java.lang.reflect.Method.invoke(Native Method)
02-19 04:42:49.290  1961  1961 W System.err: 	at com.android.internal.os.ZygoteInit$MethodAndArgsCaller.run(ZygoteInit.java:892)
02-19 04:42:49.290  1961  1961 W System.err: 	at com.android.internal.os.ZygoteInit.main(ZygoteInit.java:782)
02-19 04:42:49.291  1961  1961 D EventBus: No subscribers registered for event class java.lang.Integer
02-19 04:42:49.291  1961  1961 D EventBus: No subscribers registered for event class org.greenrobot.eventbus.h
02-19 04:42:49.379  1782  1782 W ContextImpl: Calling a method in the system process without a qualified user: android.app.ContextImpl.startService:1357 android.content.ContextWrapper.startService:613 android.content.ContextWrapper.startService:613 com.android.coreservice.CoreBroadcastReceiver.onReceive:77 android.app.ActivityThread.handleReceiver:3045 
02-19 04:42:49.507 11928 11928 D su      : su invoked.
02-19 04:42:49.556 11932 11932 D su      : starting daemon client 10018 10018
02-19 04:42:49.607 11934 11934 D su      : connecting client 11927
02-19 04:42:49.694 11930 11930 D su      : su invoked.
02-19 04:42:49.735 11937 11937 D su      : remote pid: 11927
02-19 04:42:49.819 11938 11938 D su      : starting daemon client 10018 10018
02-19 04:42:49.873 11939 11939 D su      : remote pts_slave: 
02-19 04:42:49.965 11940 11940 D su      : connecting client 11929
02-19 04:42:50.006 11943 11943 D su      : remote uid: 10018
02-19 04:42:50.024  1349  1369 W Searchables: No global search activity found
02-19 04:42:50.106 11944 11944 D su      : remote pid: 11929
02-19 04:42:50.146  1349  1369 W VoiceInteractionManagerService: no available voice recognition services found for user 0
02-19 04:42:50.195 11945 11945 D su      : remote req pid: 1961
02-19 04:42:50.269 11946 11946 D su      : remote pts_slave: 
02-19 04:42:50.309 11947 11947 D su      : remote args: 1
02-19 04:42:50.464 11948 11948 D su      : remote uid: 10018
02-19 04:42:50.513 11950 11950 D su      : waiting for child exit
02-19 04:42:50.533 11952 11952 D su      : su invoked.
02-19 04:42:50.615 11953 11953 D su      : remote req pid: 1961
02-19 04:42:50.729 11954 11954 D su      : db allowed
02-19 04:42:50.774 11955 11955 D su      : remote args: 1
02-19 04:42:50.781 11907 11907 I appproc : exec app_process! cmdline: /system/bin com.android.commands.am.Am broadcast -n com.android.settings/com.android.settings.cyanogenmod.superuser.SuReceiver --ei binary_version 16 --es from_name u0_a18 --es desired_name  --ei uid 10018 --ei desired_uid 0 --es command /system/bin/sh --es action allow --user 0 
02-19 04:42:50.781 11907 11907 D AndroidRuntime: >>>>>> START com.android.internal.os.RuntimeInit uid 0 <<<<<<
02-19 04:42:50.851 11907 11907 D AndroidRuntime: CheckJNI is OFF
02-19 04:42:50.907 11957 11957 D su      : 10018 /system/bin/app_process32 executing 0 /system/bin/sh using binary /system/bin/sh : sh
02-19 04:42:50.945 11959 11959 D su      : waiting for child exit
02-19 04:42:50.989 11961 11961 D su      : su invoked.
02-19 04:42:51.375 11963 11963 D su      : db allowed
02-19 04:42:51.562 11966 11966 D su      : 10018 /system/bin/app_process32 executing 0 /system/bin/sh using binary /system/bin/sh : sh
02-19 04:42:51.721 11967 11967 D su      : sending code
02-19 04:42:51.808 11970 11970 D su      : client exited 255
02-19 04:42:52.042 11969 11969 D su      : child exited
02-19 04:42:52.060  1961  1961 W System.err: android.content.pm.PackageManager$NameNotFoundException: com.gbits.atm.leiting
02-19 04:42:52.060  1961  1961 W System.err: 	at android.app.ApplicationPackageManager.getPackageInfoAsUser(ApplicationPackageManager.java:147)
02-19 04:42:52.060  1961  1961 W System.err: 	at android.app.ApplicationPackageManager.getPackageInfo(ApplicationPackageManager.java:132)
02-19 04:42:52.060  1961  1961 W System.err: 	at com.android.flysilkworm.a.c.c(ApkPackageMgr.java:3)
02-19 04:42:52.060  1961  1961 W System.err: 	at com.android.flysilkworm.common.utils.r.b(LdIdUtils.java:40)
02-19 04:42:52.060  1961  1961 W System.err: 	at com.android.flysilkworm.common.utils.r.b(LdIdUtils.java:33)
02-19 04:42:52.060  1961  1961 W System.err: 	at com.android.flysilkworm.app.service.ApkReceiver.a(ApkReceiver.java:12)
02-19 04:42:52.060  1961  1961 W System.err: 	at com.android.flysilkworm.app.service.ApkReceiver.onReceive(ApkReceiver.java:3)
02-19 04:42:52.060  1961  1961 W System.err: 	at android.app.ActivityThread.handleReceiver(ActivityThread.java:3045)
02-19 04:42:52.060  1961  1961 W System.err: 	at android.app.ActivityThread.-wrap18(ActivityThread.java)
02-19 04:42:52.060  1961  1961 W System.err: 	at android.app.ActivityThread$H.handleMessage(ActivityThread.java:1566)
02-19 04:42:52.061  1961  1961 W System.err: 	at android.os.Handler.dispatchMessage(Handler.java:102)
02-19 04:42:52.061  1961  1961 W System.err: 	at android.os.Looper.loop(Looper.java:154)
02-19 04:42:52.061  1961  1961 W System.err: 	at android.app.ActivityThread.main(ActivityThread.java:6146)
02-19 04:42:52.061  1961  1961 W System.err: 	at java.lang.reflect.Method.invoke(Native Method)
02-19 04:42:52.061  1961  1961 W System.err: 	at com.android.internal.os.ZygoteInit$MethodAndArgsCaller.run(ZygoteInit.java:892)
02-19 04:42:52.061  1961  1961 W System.err: 	at com.android.internal.os.ZygoteInit.main(ZygoteInit.java:782)
02-19 04:42:52.061  1961  1961 W System.err: android.content.pm.PackageManager$NameNotFoundException: com.duoyi.shenwu3
02-19 04:42:52.062  1961  1961 W System.err: 	at android.app.ApplicationPackageManager.getPackageInfoAsUser(ApplicationPackageManager.java:147)
02-19 04:42:52.062  1961  1961 W System.err: 	at android.app.ApplicationPackageManager.getPackageInfo(ApplicationPackageManager.java:132)
02-19 04:42:52.062  1961  1961 W System.err: 	at com.android.flysilkworm.a.c.c(ApkPackageMgr.java:3)
02-19 04:42:52.062  1961  1961 W System.err: 	at com.android.flysilkworm.common.utils.r.b(LdIdUtils.java:41)
02-19 04:42:52.062  1961  1961 W System.err: 	at com.android.flysilkworm.common.utils.r.b(LdIdUtils.java:33)
02-19 04:42:52.062  1961  1961 W System.err: 	at com.android.flysilkworm.app.service.ApkReceiver.a(ApkReceiver.java:12)
02-19 04:42:52.062  1961  1961 W System.err: 	at com.android.flysilkworm.app.service.ApkReceiver.onReceive(ApkReceiver.java:3)
02-19 04:42:52.062  1961  1961 W System.err: 	at android.app.ActivityThread.handleReceiver(ActivityThread.java:3045)
02-19 04:42:52.062  1961  1961 W System.err: 	at android.app.ActivityThread.-wrap18(ActivityThread.java)
02-19 04:42:52.062  1961  1961 W System.err: 	at android.app.ActivityThread$H.handleMessage(ActivityThread.java:1566)
02-19 04:42:52.062  1961  1961 W System.err: 	at android.os.Handler.dispatchMessage(Handler.java:102)
02-19 04:42:52.062  1961  1961 W System.err: 	at android.os.Looper.loop(Looper.java:154)
02-19 04:42:52.062  1961  1961 W System.err: 	at android.app.ActivityThread.main(ActivityThread.java:6146)
02-19 04:42:52.062  1961  1961 W System.err: 	at java.lang.reflect.Method.invoke(Native Method)
02-19 04:42:52.062  1961  1961 W System.err: 	at com.android.internal.os.ZygoteInit$MethodAndArgsCaller.run(ZygoteInit.java:892)
02-19 04:42:52.062  1961  1961 W System.err: 	at com.android.internal.os.ZygoteInit.main(ZygoteInit.java:782)
02-19 04:42:52.063  1961  1961 D EventBus: No subscribers registered for event class java.lang.Integer
02-19 04:42:52.063  1961  1961 D EventBus: No subscribers registered for event class org.greenrobot.eventbus.h
02-19 04:42:52.267 11976 11976 D su      : su invoked.
02-19 04:42:52.414 11931 11931 I appproc : exec app_process! cmdline: /system/bin com.android.commands.ime.Ime set io.appium.settings/.UnicodeIME 
02-19 04:42:52.415 11931 11931 D AndroidRuntime: >>>>>> START com.android.internal.os.RuntimeInit uid 0 <<<<<<
02-19 04:42:52.528 11978 11978 D su      : starting daemon client 10018 10018
02-19 04:42:52.537 11931 11931 D AndroidRuntime: CheckJNI is OFF
02-19 04:42:52.659 11907 11907 D ICU     : No timezone override file found: /data/misc/zoneinfo/current/icu/icu_tzdata.dat
02-19 04:42:52.736 11979 11979 D su      : connecting client 11975
02-19 04:42:52.949 11907 11907 D libnativebridge: PreInitializeNativeBridge name=unknown instruction_set=x86
02-19 04:42:52.949 11907 11907 D libnativebridge: call UnloadNativeBridge! state=1
02-19 04:42:52.994 11982 11982 D su      : remote pid: 11975
02-19 04:42:53.272 11907 11907 E memtrack: Couldn't load memtrack module (No such file or directory)
02-19 04:42:53.272 11907 11907 E android.os.Debug: failed to load memtrack module: -2
02-19 04:42:53.276 11989 11989 D su      : remote pts_slave: 
02-19 04:42:53.309 11907 11907 I Radio-JNI: register_android_hardware_Radio DONE
02-19 04:42:53.555 11990 11990 D su      : remote uid: 10018
02-19 04:42:53.715 11907 11907 D AndroidRuntime: Calling main entry com.android.commands.am.Am
02-19 04:42:53.948 11991 11991 D su      : remote req pid: 1961
02-19 04:42:53.979 11907 11907 D AndroidRuntime: Shutting down VM
02-19 04:42:54.105 11956 11956 I appproc : exec app_process! cmdline: /system/bin com.android.commands.am.Am broadcast -n com.android.settings/com.android.settings.cyanogenmod.superuser.SuReceiver --ei binary_version 16 --es from_name u0_a18 --es desired_name  --ei uid 10018 --ei desired_uid 0 --es command /system/bin/sh --es action allow --user 0 
02-19 04:42:54.105 11956 11956 D AndroidRuntime: >>>>>> START com.android.internal.os.RuntimeInit uid 0 <<<<<<
02-19 04:42:54.145 11994 11994 D su      : remote args: 1
02-19 04:42:54.189 11956 11956 D AndroidRuntime: CheckJNI is OFF
02-19 04:42:54.345 11996 11996 D su      : waiting for child exit
02-19 04:42:54.382 11998 11998 D su      : su invoked.
02-19 04:42:54.410 11931 11931 D ICU     : No timezone override file found: /data/misc/zoneinfo/current/icu/icu_tzdata.dat
02-19 04:42:54.515  1349  1820 W ActivityManager: Unable to start service Intent { act=com.google.android.gms.ads.identifier.service.START pkg=com.google.android.gms } U=0: not found
02-19 04:42:54.610 11999 11999 D su      : db allowed
02-19 04:42:54.661 11931 11931 D libnativebridge: PreInitializeNativeBridge name=unknown instruction_set=x86
02-19 04:42:54.661 11931 11931 D libnativebridge: call UnloadNativeBridge! state=1
02-19 04:42:54.739 11965 11965 I appproc : exec app_process! cmdline: /system/bin com.android.commands.am.Am broadcast -n com.android.settings/com.android.settings.cyanogenmod.superuser.SuReceiver --ei binary_version 16 --es from_name u0_a18 --es desired_name  --ei uid 10018 --ei desired_uid 0 --es command /system/bin/sh --es action allow --user 0 
02-19 04:42:54.739 11965 11965 D AndroidRuntime: >>>>>> START com.android.internal.os.RuntimeInit uid 0 <<<<<<
02-19 04:42:54.770 12002 12002 D su      : 10018 /system/bin/app_process32 executing 0 /system/bin/sh using binary /system/bin/sh : sh
02-19 04:42:54.844 11965 11965 D AndroidRuntime: CheckJNI is OFF
02-19 04:42:54.855 11931 11931 E memtrack: Couldn't load memtrack module (No such file or directory)
02-19 04:42:54.855 11931 11931 E android.os.Debug: failed to load memtrack module: -2
02-19 04:42:54.888 11931 11931 I Radio-JNI: register_android_hardware_Radio DONE
02-19 04:42:55.027 11931 11931 D AndroidRuntime: Calling main entry com.android.commands.ime.Ime
02-19 04:42:55.070 11931 11931 D AndroidRuntime: Shutting down VM
02-19 04:42:55.532 11956 11956 D ICU     : No timezone override file found: /data/misc/zoneinfo/current/icu/icu_tzdata.dat
02-19 04:42:55.767 11956 11956 D libnativebridge: PreInitializeNativeBridge name=unknown instruction_set=x86
02-19 04:42:55.767 11956 11956 D libnativebridge: call UnloadNativeBridge! state=1
02-19 04:42:55.995 11956 11956 E memtrack: Couldn't load memtrack module (No such file or directory)
02-19 04:42:55.996 11956 11956 E android.os.Debug: failed to load memtrack module: -2
02-19 04:42:56.000 11956 11956 I Radio-JNI: register_android_hardware_Radio DONE
02-19 04:42:56.141 11956 11956 D AndroidRuntime: Calling main entry com.android.commands.am.Am
02-19 04:42:56.234 11965 11965 D ICU     : No timezone override file found: /data/misc/zoneinfo/current/icu/icu_tzdata.dat
02-19 04:42:56.286 11956 11956 D AndroidRuntime: Shutting down VM
02-19 04:42:56.475 11965 11965 D libnativebridge: PreInitializeNativeBridge name=unknown instruction_set=x86
02-19 04:42:56.476 11965 11965 D libnativebridge: call UnloadNativeBridge! state=1
02-19 04:42:56.674 11965 11965 E memtrack: Couldn't load memtrack module (No such file or directory)
02-19 04:42:56.674 11965 11965 E android.os.Debug: failed to load memtrack module: -2
02-19 04:42:56.690 11965 11965 I Radio-JNI: register_android_hardware_Radio DONE
02-19 04:42:56.861 11965 11965 D AndroidRuntime: Calling main entry com.android.commands.am.Am
02-19 04:42:56.989 11965 11965 D AndroidRuntime: Shutting down VM
02-19 04:42:57.091 12001 12001 I appproc : exec app_process! cmdline: /system/bin com.android.commands.am.Am broadcast -n com.android.settings/com.android.settings.cyanogenmod.superuser.SuReceiver --ei binary_version 16 --es from_name u0_a18 --es desired_name  --ei uid 10018 --ei desired_uid 0 --es command /system/bin/sh --es action allow --user 0 
02-19 04:42:57.092 12001 12001 D AndroidRuntime: >>>>>> START com.android.internal.os.RuntimeInit uid 0 <<<<<<
02-19 04:42:57.157 12001 12001 D AndroidRuntime: CheckJNI is OFF
02-19 04:42:57.424  1349  1370 I ActivityManager: Waited long enough for: ServiceRecord{d26125b u0 com.tcl.joylockscreen/com.vlife.TService}
02-19 04:42:57.842 12001 12001 D ICU     : No timezone override file found: /data/misc/zoneinfo/current/icu/icu_tzdata.dat
02-19 04:42:57.947 12001 12001 D libnativebridge: PreInitializeNativeBridge name=unknown instruction_set=x86
02-19 04:42:57.948 12001 12001 D libnativebridge: call UnloadNativeBridge! state=1
02-19 04:42:58.047 12001 12001 E memtrack: Couldn't load memtrack module (No such file or directory)
02-19 04:42:58.047 12001 12001 E android.os.Debug: failed to load memtrack module: -2
02-19 04:42:58.077 12001 12001 I Radio-JNI: register_android_hardware_Radio DONE
02-19 04:42:58.171 12001 12001 D AndroidRuntime: Calling main entry com.android.commands.am.Am
02-19 04:42:58.285 12001 12001 D AndroidRuntime: Shutting down VM
02-19 04:42:59.339 12047 12047 I appproc : exec app_process! cmdline: /system/bin com.android.commands.am.Am force-stop io.appium.uiautomator2.server 
02-19 04:42:59.351 12047 12047 D AndroidRuntime: >>>>>> START com.android.internal.os.RuntimeInit uid 0 <<<<<<
02-19 04:42:59.371 12047 12047 D AndroidRuntime: CheckJNI is OFF
02-19 04:42:59.920 12047 12047 D ICU     : No timezone override file found: /data/misc/zoneinfo/current/icu/icu_tzdata.dat
02-19 04:43:00.079 12047 12047 D libnativebridge: PreInitializeNativeBridge name=unknown instruction_set=x86
02-19 04:43:00.080 12047 12047 D libnativebridge: call UnloadNativeBridge! state=1
02-19 04:43:00.179 12047 12047 E memtrack: Couldn't load memtrack module (No such file or directory)
02-19 04:43:00.179 12047 12047 E android.os.Debug: failed to load memtrack module: -2
02-19 04:43:00.194 12047 12047 I Radio-JNI: register_android_hardware_Radio DONE
02-19 04:43:00.243 12047 12047 D AndroidRuntime: Calling main entry com.android.commands.am.Am
02-19 04:43:00.262  1782  1782 W ContextImpl: Calling a method in the system process without a qualified user: android.app.ContextImpl.startService:1357 android.content.ContextWrapper.startService:613 android.content.ContextWrapper.startService:613 com.android.coreservice.CoreBroadcastReceiver.onReceive:53 android.app.ActivityThread.handleReceiver:3045 
02-19 04:43:00.264  1349  1730 I ActivityManager: Force stopping io.appium.uiautomator2.server appid=10063 user=0: from pid 12047
02-19 04:43:00.268  1516  1516 E PhoneInterfaceManager: [PhoneIntfMgr] getCarrierPackageNamesForIntent: No UICC
02-19 04:43:00.268  1516  1516 D CarrierSvcBindHelper: No carrier app for: 0
02-19 04:43:00.274 12047 12047 D AndroidRuntime: Shutting down VM
02-19 04:43:00.629  1349  1370 I ActivityManager: Force stopping io.appium.uiautomator2.server appid=10063 user=-1: deletePackageX
02-19 04:43:01.512  1349  1403 I art     : Starting a blocking GC Explicit
02-19 04:43:01.877  1349  1403 I art     : Explicit concurrent mark sweep GC freed 20486(1225KB) AllocSpace objects, 17(532KB) LOS objects, 33% free, 10MB/16MB, paused 23.531ms total 340.158ms
02-19 04:43:01.952  1782  1782 W ContextImpl: Calling a method in the system process without a qualified user: android.app.ContextImpl.startService:1357 android.content.ContextWrapper.startService:613 android.content.ContextWrapper.startService:613 com.android.coreservice.CoreBroadcastReceiver.onReceive:53 android.app.ActivityThread.handleReceiver:3045 
02-19 04:43:02.004  1349  1403 I ActivityManager: Force stopping io.appium.uiautomator2.server appid=10063 user=0: pkg removed
02-19 04:43:02.073  1349  1419 I InputReader: Reconfiguring input devices.  changes=0x00000010
02-19 04:43:02.076  1349  1349 D ZenLog  : config: removeAutomaticZenRules,ZenModeConfig[user=0,allowCalls=true,allowRepeatCallers=false,allowMessages=false,allowCallsFrom=contacts,allowMessagesFrom=contacts,allowReminders=true,allowEvents=true,allowWhenScreenOff=true,allowWhenScreenOn=true,automaticRules={4159016469c54c16907ad35953609802=ZenRule[enabled=false,snoozing=false,name=,zenMode=ZEN_MODE_ALARMS,conditionId=condition://android/event?userId=-10000&calendar=&reply=1,condition=Condition[id=condition://android/event?userId=-10000&calendar=&reply=1,summary=...,line1=...,line2=...,icon=0,state=STATE_FALSE,flags=2],component=ComponentInfo{android/com.android.server.notification.EventConditionProvider},id=4159016469c54c16907ad35953609802,creationTime=1612943538992,enabler=null], 885f680b27354587a4052924c361cf90=ZenRule[enabled=false,snoozing=false,name=,zenMode=ZEN_MODE_ALARMS,conditionId=condition://android/schedule?days=1.2.3.4.5&start=22.0&end=7.0&exitAtAlarm=false,condition=Condition[id=condition://android/schedule?days=1.2.3.4.5&start=22.0&end=7.0&exitAtAlarm=false,summary=...,line1=...,line2=...,icon=0,state=STATE_TRUE,flags=2],component=ComponentInfo{android/com.android.server.notification.ScheduleConditionProvider},id=885f680b27354587a4052924c361cf90,creationTime=1612943538991,enabler=null], 7012306ed3144dada676d2f5b0039fb7=ZenRule[enabled=false,snoozing=false,name=,zenMode=ZEN_MODE_ALARMS,conditionId=condition://android/schedule?days=6.7&start=23.30&end=10.0&exitAtAlarm=false,condition=Condition[id=condition://android/schedule?days=6.7&start=23.30&end=10.0&exitAtAlarm=false,summary=...,line1=...,line2=...,icon=0,state=STATE_FALSE,flags=2],component=ComponentInfo{android/com.android.server.notification.ScheduleConditionProvider},id=7012306ed3144dada676d2f5b0039fb7,creationTime=1612943538991,enabler=null]},manualRule=null],Diff[]
02-19 04:43:02.080  1516  1516 E PhoneInterfaceManager: [PhoneIntfMgr] getCarrierPackageNamesForIntent: No UICC
02-19 04:43:02.081  1516  1516 D CarrierSvcBindHelper: No carrier app for: 0
02-19 04:43:02.086  1349  1349 D ZenLog  : set_zen_mode: off,removeAutomaticZenRules
02-19 04:43:02.105  1782  1782 W ContextImpl: Calling a method in the system process without a qualified user: android.app.ContextImpl.startService:1357 android.content.ContextWrapper.startService:613 android.content.ContextWrapper.startService:613 com.android.coreservice.CoreBroadcastReceiver.onReceive:85 android.app.ActivityThread.handleReceiver:3045 
02-19 04:43:02.112  1961  1961 I appstore: app Not Started
02-19 04:43:02.190 11475 11475 W ContextImpl: Calling a method in the system process without a qualified user: android.app.ContextImpl.startService:1357 android.content.ContextWrapper.startService:613 android.content.ContextWrapper.startService:613 com.android.keychain.KeyChainBroadcastReceiver.onReceive:12 android.app.ActivityThread.handleReceiver:3045 
02-19 04:43:02.198  1816  1816 W Launcher: setApplicationContext called twice! old=com.android.launcher3.LauncherApplication@5462273 new=com.android.launcher3.LauncherApplication@5462273
02-19 04:43:02.242  4783 12074 D VoicemailCleanupService: Cleaning up data for package: io.appium.uiautomator2.server
02-19 04:43:02.425  1191  1191 I         : free_cache(2003821) avail 15421452288
02-19 04:43:03.002  1961  1961 D EventBus: No subscribers registered for event class java.lang.Integer
02-19 04:43:03.002  1961  1961 D EventBus: No subscribers registered for event class org.greenrobot.eventbus.h
02-19 04:43:03.482  1349  1369 W Searchables: No global search activity found
02-19 04:43:03.598  1816  1816 D Launcher.Workspace: 11683562 - stripEmptyScreens()
02-19 04:43:03.914  1349  1404 D NativeLibraryHelper: call FindSupportedAbi, param: supportedAbisArray=x86 armeabi-v7a armeabi 
02-19 04:43:03.914  1349  1404 D NativeLibraryHelper: cur file-size=2003821
02-19 04:43:03.914  1349  1404 D NativeLibraryHelper: abi-list=x86 armeabi-v7a armeabi 
02-19 04:43:03.914  1349  1404 D NativeLibraryHelper: 
02-19 04:43:03.914  1349  1404 D NativeLibraryHelper: cache file-size=78299738
02-19 04:43:03.914  1349  1404 D NativeLibraryHelper: abi-list=x86 armeabi-v7a armeabi 
02-19 04:43:03.914  1349  1404 D NativeLibraryHelper: native FindSupportedAbi return! ret=-114 abi=NULL
02-19 04:43:04.072  4740  4757 D NativeLibraryHelper: call FindSupportedAbi, param: supportedAbisArray=x86 armeabi-v7a armeabi 
02-19 04:43:04.072  4740  4757 D NativeLibraryHelper: cur file-size=2003821
02-19 04:43:04.072  4740  4757 D NativeLibraryHelper: abi-list=x86 armeabi-v7a armeabi 
02-19 04:43:04.072  4740  4757 D NativeLibraryHelper: 
02-19 04:43:04.072  4740  4757 D NativeLibraryHelper: cache file-size=78299738
02-19 04:43:04.072  4740  4757 D NativeLibraryHelper: abi-list=x86 armeabi-v7a armeabi 
02-19 04:43:04.135  4740  4757 D NativeLibraryHelper: native FindSupportedAbi return! ret=-114 abi=NULL
02-19 04:43:04.344  1349  1403 D NativeLibraryHelper: call FindSupportedAbi, param: supportedAbisArray=x86 armeabi-v7a armeabi 
02-19 04:43:04.344  1349  1403 D NativeLibraryHelper: cur file-size=2003821
02-19 04:43:04.344  1349  1403 D NativeLibraryHelper: abi-list=x86 armeabi-v7a armeabi 
02-19 04:43:04.344  1349  1403 D NativeLibraryHelper: 
02-19 04:43:04.344  1349  1403 D NativeLibraryHelper: cache file-size=78299738
02-19 04:43:04.344  1349  1403 D NativeLibraryHelper: abi-list=x86 armeabi-v7a armeabi 
02-19 04:43:04.344  1349  1403 D NativeLibraryHelper: native FindSupportedAbi return! ret=-114 abi=NULL
02-19 04:43:04.344  1349  1403 I PackageManager: do copyNativeBinariesForSupportedAbi copyRet=-114
02-19 04:43:05.947  1349  1369 W art     : Long monitor contention with owner PackageManager (1403) at void com.android.server.pm.PackageManagerService.updateSettingsInternalLI(android.content.pm.PackageParser$Package, java.lang.String, int[], int[], com.android.server.pm.PackageManagerService$PackageInstalledInfo, android.os.UserHandle)(PackageManagerService.java:15478) waiters=0 in void com.android.server.pm.Settings$RuntimePermissionPersistence.writePermissionsSync(int) for 218ms
02-19 04:43:05.980  1349  1403 V BackupManagerService: restoreAtInstall pkg=io.appium.uiautomator2.server token=19 restoreSet=0
02-19 04:43:05.980  1349  1403 W BackupManagerService: Requested unavailable transport: android/com.android.internal.backup.LocalTransport
02-19 04:43:05.980  1349  1403 W BackupManagerService: No transport
02-19 04:43:05.980  1349  1403 V BackupManagerService: Finishing install immediately
02-19 04:43:05.981  1349  1403 I art     : Starting a blocking GC Explicit
02-19 04:43:06.290  1349  1403 I art     : Explicit concurrent mark sweep GC freed 28804(1784KB) AllocSpace objects, 19(476KB) LOS objects, 33% free, 10MB/16MB, paused 321us total 296.388ms
02-19 04:43:06.292  1191  1191 E         : Couldn't opendir /data/app/vmdl1828586781.tmp: No such file or directory
02-19 04:43:06.348  1816  1816 D LdHotSeatAdImp: Test: updateAHotSetIcon viewItem=null
02-19 04:43:06.436  1349  1419 I InputReader: Reconfiguring input devices.  changes=0x00000010
02-19 04:43:06.450  1349  1349 W art     : Long monitor contention with owner ActivityManager (1370) at void com.android.server.am.BroadcastQueue.processNextBroadcast(boolean)(BroadcastQueue.java:762) waiters=0 in android.content.pm.UserInfo com.android.server.am.UserController.getCurrentUser() for 101ms
02-19 04:43:06.456  1516  1516 E PhoneInterfaceManager: [PhoneIntfMgr] getCarrierPackageNamesForIntent: No UICC
02-19 04:43:06.456  1516  1516 D CarrierSvcBindHelper: No carrier app for: 0
02-19 04:43:06.457  1516  1516 D CarrierConfigLoader: mHandler: 9 phoneId: 0
02-19 04:43:06.472  1782  1782 W ContextImpl: Calling a method in the system process without a qualified user: android.app.ContextImpl.startService:1357 android.content.ContextWrapper.startService:613 android.content.ContextWrapper.startService:613 com.android.coreservice.CoreBroadcastReceiver.onReceive:77 android.app.ActivityThread.handleReceiver:3045 
02-19 04:43:06.579 12086 12086 D su      : su invoked.
02-19 04:43:06.636 12087 12087 D su      : starting daemon client 10018 10018
02-19 04:43:06.687 12088 12088 D su      : connecting client 12085
02-19 04:43:06.760 12092 12092 D su      : remote pid: 12085
02-19 04:43:06.829 12095 12095 D su      : remote pts_slave: 
02-19 04:43:06.919 12096 12096 D su      : remote uid: 10018
02-19 04:43:07.001 12097 12097 D su      : remote req pid: 1961
02-19 04:43:07.076 12098 12098 D su      : remote args: 1
02-19 04:43:07.204 12100 12100 D su      : waiting for child exit
02-19 04:43:07.220 12102 12102 D su      : su invoked.
02-19 04:43:07.246  1349  1369 W Searchables: No global search activity found
02-19 04:43:07.310  1349  1369 W VoiceInteractionManagerService: no available voice recognition services found for user 0
02-19 04:43:07.332 12103 12103 D su      : db allowed
02-19 04:43:07.420 12105 12105 D su      : 10018 /system/bin/app_process32 executing 0 /system/bin/sh using binary /system/bin/sh : sh
02-19 04:43:07.757 12108 12108 D su      : sending code
02-19 04:43:07.804 12110 12110 D su      : client exited 255
02-19 04:43:07.865 12109 12109 D su      : child exited
02-19 04:43:07.871  1961  1961 W System.err: android.content.pm.PackageManager$NameNotFoundException: com.gbits.atm.leiting
02-19 04:43:07.871  1961  1961 W System.err: 	at android.app.ApplicationPackageManager.getPackageInfoAsUser(ApplicationPackageManager.java:147)
02-19 04:43:07.871  1961  1961 W System.err: 	at android.app.ApplicationPackageManager.getPackageInfo(ApplicationPackageManager.java:132)
02-19 04:43:07.871  1961  1961 W System.err: 	at com.android.flysilkworm.a.c.c(ApkPackageMgr.java:3)
02-19 04:43:07.871  1961  1961 W System.err: 	at com.android.flysilkworm.common.utils.r.b(LdIdUtils.java:40)
02-19 04:43:07.871  1961  1961 W System.err: 	at com.android.flysilkworm.common.utils.r.b(LdIdUtils.java:33)
02-19 04:43:07.871  1961  1961 W System.err: 	at com.android.flysilkworm.app.service.ApkReceiver.a(ApkReceiver.java:12)
02-19 04:43:07.871  1961  1961 W System.err: 	at com.android.flysilkworm.app.service.ApkReceiver.onReceive(ApkReceiver.java:3)
02-19 04:43:07.871  1961  1961 W System.err: 	at android.app.ActivityThread.handleReceiver(ActivityThread.java:3045)
02-19 04:43:07.871  1961  1961 W System.err: 	at android.app.ActivityThread.-wrap18(ActivityThread.java)
02-19 04:43:07.871  1961  1961 W System.err: 	at android.app.ActivityThread$H.handleMessage(ActivityThread.java:1566)
02-19 04:43:07.871  1961  1961 W System.err: 	at android.os.Handler.dispatchMessage(Handler.java:102)
02-19 04:43:07.871  1961  1961 W System.err: 	at android.os.Looper.loop(Looper.java:154)
02-19 04:43:07.871  1961  1961 W System.err: 	at android.app.ActivityThread.main(ActivityThread.java:6146)
02-19 04:43:07.871  1961  1961 W System.err: 	at java.lang.reflect.Method.invoke(Native Method)
02-19 04:43:07.871  1961  1961 W System.err: 	at com.android.internal.os.ZygoteInit$MethodAndArgsCaller.run(ZygoteInit.java:892)
02-19 04:43:07.871  1961  1961 W System.err: 	at com.android.internal.os.ZygoteInit.main(ZygoteInit.java:782)
02-19 04:43:07.872  1961  1961 W System.err: android.content.pm.PackageManager$NameNotFoundException: com.duoyi.shenwu3
02-19 04:43:07.872  1961  1961 W System.err: 	at android.app.ApplicationPackageManager.getPackageInfoAsUser(ApplicationPackageManager.java:147)
02-19 04:43:07.872  1961  1961 W System.err: 	at android.app.ApplicationPackageManager.getPackageInfo(ApplicationPackageManager.java:132)
02-19 04:43:07.872  1961  1961 W System.err: 	at com.android.flysilkworm.a.c.c(ApkPackageMgr.java:3)
02-19 04:43:07.872  1961  1961 W System.err: 	at com.android.flysilkworm.common.utils.r.b(LdIdUtils.java:41)
02-19 04:43:07.872  1961  1961 W System.err: 	at com.android.flysilkworm.common.utils.r.b(LdIdUtils.java:33)
02-19 04:43:07.872  1961  1961 W System.err: 	at com.android.flysilkworm.app.service.ApkReceiver.a(ApkReceiver.java:12)
02-19 04:43:07.872  1961  1961 W System.err: 	at com.android.flysilkworm.app.service.ApkReceiver.onReceive(ApkReceiver.java:3)
02-19 04:43:07.872  1961  1961 W System.err: 	at android.app.ActivityThread.handleReceiver(ActivityThread.java:3045)
02-19 04:43:07.872  1961  1961 W System.err: 	at android.app.ActivityThread.-wrap18(ActivityThread.java)
02-19 04:43:07.872  1961  1961 W System.err: 	at android.app.ActivityThread$H.handleMessage(ActivityThread.java:1566)
02-19 04:43:07.872  1961  1961 W System.err: 	at android.os.Handler.dispatchMessage(Handler.java:102)
02-19 04:43:07.872  1961  1961 W System.err: 	at android.os.Looper.loop(Looper.java:154)
02-19 04:43:07.872  1961  1961 W System.err: 	at android.app.ActivityThread.main(ActivityThread.java:6146)
02-19 04:43:07.872  1961  1961 W System.err: 	at java.lang.reflect.Method.invoke(Native Method)
02-19 04:43:07.872  1961  1961 W System.err: 	at com.android.internal.os.ZygoteInit$MethodAndArgsCaller.run(ZygoteInit.java:892)
02-19 04:43:07.872  1961  1961 W System.err: 	at com.android.internal.os.ZygoteInit.main(ZygoteInit.java:782)
02-19 04:43:07.873  1961  1961 D EventBus: No subscribers registered for event class java.lang.Integer
02-19 04:43:07.873  1961  1961 D EventBus: No subscribers registered for event class org.greenrobot.eventbus.h
02-19 04:43:08.068 12115 12115 D su      : su invoked.
02-19 04:43:08.180 12116 12116 D su      : starting daemon client 10018 10018
02-19 04:43:08.243 12093 12093 I appproc : exec app_process! cmdline: /system/bin com.android.commands.am.Am force-stop io.appium.uiautomator2.server.test 
02-19 04:43:08.244 12093 12093 D AndroidRuntime: >>>>>> START com.android.internal.os.RuntimeInit uid 0 <<<<<<
02-19 04:43:08.289 12117 12117 D su      : connecting client 12114
02-19 04:43:08.312 12093 12093 D AndroidRuntime: CheckJNI is OFF
02-19 04:43:08.395 12120 12120 D su      : remote pid: 12114
02-19 04:43:08.486 12121 12121 D su      : remote pts_slave: 
02-19 04:43:08.605 12122 12122 D su      : remote uid: 10018
02-19 04:43:08.687 12124 12124 D su      : remote req pid: 1961
02-19 04:43:08.774 12125 12125 D su      : remote args: 1
02-19 04:43:08.814 12104 12104 I appproc : exec app_process! cmdline: /system/bin com.android.commands.am.Am broadcast -n com.android.settings/com.android.settings.cyanogenmod.superuser.SuReceiver --ei binary_version 16 --es from_name u0_a18 --es desired_name  --ei uid 10018 --ei desired_uid 0 --es command /system/bin/sh --es action allow --user 0 
02-19 04:43:08.815 12104 12104 D AndroidRuntime: >>>>>> START com.android.internal.os.RuntimeInit uid 0 <<<<<<
02-19 04:43:08.867 12104 12104 D AndroidRuntime: CheckJNI is OFF
02-19 04:43:08.908 12127 12127 D su      : waiting for child exit
02-19 04:43:08.922 12129 12129 D su      : su invoked.
02-19 04:43:09.044 12130 12130 D su      : db allowed
02-19 04:43:09.154 12093 12093 D ICU     : No timezone override file found: /data/misc/zoneinfo/current/icu/icu_tzdata.dat
02-19 04:43:09.159 12132 12132 D su      : 10018 /system/bin/app_process32 executing 0 /system/bin/sh using binary /system/bin/sh : sh
02-19 04:43:09.304 12093 12093 D libnativebridge: PreInitializeNativeBridge name=unknown instruction_set=x86
02-19 04:43:09.304 12093 12093 D libnativebridge: call UnloadNativeBridge! state=1
02-19 04:43:09.419 12093 12093 E memtrack: Couldn't load memtrack module (No such file or directory)
02-19 04:43:09.419 12093 12093 E android.os.Debug: failed to load memtrack module: -2
02-19 04:43:09.427 12093 12093 I Radio-JNI: register_android_hardware_Radio DONE
02-19 04:43:09.524 12093 12093 D AndroidRuntime: Calling main entry com.android.commands.am.Am
02-19 04:43:09.539  1782  1782 W ContextImpl: Calling a method in the system process without a qualified user: android.app.ContextImpl.startService:1357 android.content.ContextWrapper.startService:613 android.content.ContextWrapper.startService:613 com.android.coreservice.CoreBroadcastReceiver.onReceive:53 android.app.ActivityThread.handleReceiver:3045 
02-19 04:43:09.540  1349  1819 I ActivityManager: Force stopping io.appium.uiautomator2.server.test appid=10064 user=0: from pid 12093
02-19 04:43:09.545  1516  1516 E PhoneInterfaceManager: [PhoneIntfMgr] getCarrierPackageNamesForIntent: No UICC
02-19 04:43:09.545  1516  1516 D CarrierSvcBindHelper: No carrier app for: 0
02-19 04:43:09.550 12093 12093 D AndroidRuntime: Shutting down VM
02-19 04:43:09.557 12093 12142 W art     : Thread attaching while runtime is shutting down: Binder:12093_2
02-19 04:43:09.557 12093 12142 I AndroidRuntime: NOTE: attach of thread 'Binder:12093_2' failed
02-19 04:43:09.706 12104 12104 D ICU     : No timezone override file found: /data/misc/zoneinfo/current/icu/icu_tzdata.dat
02-19 04:43:09.821 12104 12104 D libnativebridge: PreInitializeNativeBridge name=unknown instruction_set=x86
02-19 04:43:09.821 12104 12104 D libnativebridge: call UnloadNativeBridge! state=1
02-19 04:43:09.916 12104 12104 E memtrack: Couldn't load memtrack module (No such file or directory)
02-19 04:43:09.916 12104 12104 E android.os.Debug: failed to load memtrack module: -2
02-19 04:43:09.927 12104 12104 I Radio-JNI: register_android_hardware_Radio DONE
02-19 04:43:10.017 12104 12104 D AndroidRuntime: Calling main entry com.android.commands.am.Am
02-19 04:43:10.147 12104 12104 D AndroidRuntime: Shutting down VM
02-19 04:43:10.179  1349  1370 I ActivityManager: Force stopping io.appium.uiautomator2.server.test appid=10064 user=-1: deletePackageX
02-19 04:43:10.406 12131 12131 I appproc : exec app_process! cmdline: /system/bin com.android.commands.am.Am broadcast -n com.android.settings/com.android.settings.cyanogenmod.superuser.SuReceiver --ei binary_version 16 --es from_name u0_a18 --es desired_name  --ei uid 10018 --ei desired_uid 0 --es command /system/bin/sh --es action allow --user 0 
02-19 04:43:10.407 12131 12131 D AndroidRuntime: >>>>>> START com.android.internal.os.RuntimeInit uid 0 <<<<<<
02-19 04:43:10.424 12131 12131 D AndroidRuntime: CheckJNI is OFF
02-19 04:43:10.800  1349  1403 I art     : Starting a blocking GC Explicit
02-19 04:43:10.809 12131 12131 D ICU     : No timezone override file found: /data/misc/zoneinfo/current/icu/icu_tzdata.dat
02-19 04:43:10.874 12131 12131 D libnativebridge: PreInitializeNativeBridge name=unknown instruction_set=x86
02-19 04:43:10.874 12131 12131 D libnativebridge: call UnloadNativeBridge! state=1
02-19 04:43:10.940 12131 12131 E memtrack: Couldn't load memtrack module (No such file or directory)
02-19 04:43:10.940 12131 12131 E android.os.Debug: failed to load memtrack module: -2
02-19 04:43:10.943 12131 12131 I Radio-JNI: register_android_hardware_Radio DONE
02-19 04:43:10.982 12131 12131 D AndroidRuntime: Calling main entry com.android.commands.am.Am
02-19 04:43:11.050 12131 12131 D AndroidRuntime: Shutting down VM
02-19 04:43:11.264  1349  1403 I art     : Explicit concurrent mark sweep GC freed 16433(982KB) AllocSpace objects, 9(228KB) LOS objects, 33% free, 10MB/16MB, paused 6.854ms total 444.671ms
02-19 04:43:11.338  1782  1782 W ContextImpl: Calling a method in the system process without a qualified user: android.app.ContextImpl.startService:1357 android.content.ContextWrapper.startService:613 android.content.ContextWrapper.startService:613 com.android.coreservice.CoreBroadcastReceiver.onReceive:53 android.app.ActivityThread.handleReceiver:3045 
02-19 04:43:11.434  1349  1403 I ActivityManager: Force stopping io.appium.uiautomator2.server.test appid=10064 user=0: pkg removed
02-19 04:43:11.479  1349  1349 D ZenLog  : config: removeAutomaticZenRules,ZenModeConfig[user=0,allowCalls=true,allowRepeatCallers=false,allowMessages=false,allowCallsFrom=contacts,allowMessagesFrom=contacts,allowReminders=true,allowEvents=true,allowWhenScreenOff=true,allowWhenScreenOn=true,automaticRules={4159016469c54c16907ad35953609802=ZenRule[enabled=false,snoozing=false,name=,zenMode=ZEN_MODE_ALARMS,conditionId=condition://android/event?userId=-10000&calendar=&reply=1,condition=Condition[id=condition://android/event?userId=-10000&calendar=&reply=1,summary=...,line1=...,line2=...,icon=0,state=STATE_FALSE,flags=2],component=ComponentInfo{android/com.android.server.notification.EventConditionProvider},id=4159016469c54c16907ad35953609802,creationTime=1612943538992,enabler=null], 885f680b27354587a4052924c361cf90=ZenRule[enabled=false,snoozing=false,name=,zenMode=ZEN_MODE_ALARMS,conditionId=condition://android/schedule?days=1.2.3.4.5&start=22.0&end=7.0&exitAtAlarm=false,condition=Condition[id=condition://android/schedule?days=1.2.3.4.5&start=22.0&end=7.0&exitAtAlarm=false,summary=...,line1=...,line2=...,icon=0,state=STATE_TRUE,flags=2],component=ComponentInfo{android/com.android.server.notification.ScheduleConditionProvider},id=885f680b27354587a4052924c361cf90,creationTime=1612943538991,enabler=null], 7012306ed3144dada676d2f5b0039fb7=ZenRule[enabled=false,snoozing=false,name=,zenMode=ZEN_MODE_ALARMS,conditionId=condition://android/schedule?days=6.7&start=23.30&end=10.0&exitAtAlarm=false,condition=Condition[id=condition://android/schedule?days=6.7&start=23.30&end=10.0&exitAtAlarm=false,summary=...,line1=...,line2=...,icon=0,state=STATE_FALSE,flags=2],component=ComponentInfo{android/com.android.server.notification.ScheduleConditionProvider},id=7012306ed3144dada676d2f5b0039fb7,creationTime=1612943538991,enabler=null]},manualRule=null],Diff[]
02-19 04:43:11.481  1349  1419 I InputReader: Reconfiguring input devices.  changes=0x00000010
02-19 04:43:11.500  1516  1516 E PhoneInterfaceManager: [PhoneIntfMgr] getCarrierPackageNamesForIntent: No UICC
02-19 04:43:11.500  1516  1516 D CarrierSvcBindHelper: No carrier app for: 0
02-19 04:43:11.506  1349  1349 D ZenLog  : set_zen_mode: off,removeAutomaticZenRules
02-19 04:43:11.520  1782  1782 W ContextImpl: Calling a method in the system process without a qualified user: android.app.ContextImpl.startService:1357 android.content.ContextWrapper.startService:613 android.content.ContextWrapper.startService:613 com.android.coreservice.CoreBroadcastReceiver.onReceive:85 android.app.ActivityThread.handleReceiver:3045 
02-19 04:43:11.529  1961  1961 I appstore: app Not Started
02-19 04:43:11.555 11475 11475 W ContextImpl: Calling a method in the system process without a qualified user: android.app.ContextImpl.startService:1357 android.content.ContextWrapper.startService:613 android.content.ContextWrapper.startService:613 com.android.keychain.KeyChainBroadcastReceiver.onReceive:12 android.app.ActivityThread.handleReceiver:3045 
02-19 04:43:11.563  1816  1816 W Launcher: setApplicationContext called twice! old=com.android.launcher3.LauncherApplication@5462273 new=com.android.launcher3.LauncherApplication@5462273
02-19 04:43:11.608  4783 12169 D VoicemailCleanupService: Cleaning up data for package: io.appium.uiautomator2.server.test
02-19 04:43:11.774  1191  1191 I         : free_cache(748426) avail 15421259776
02-19 04:43:12.328  1349  1404 D NativeLibraryHelper: call FindSupportedAbi, param: supportedAbisArray=x86 armeabi-v7a armeabi 
02-19 04:43:12.328  1349  1404 D NativeLibraryHelper: cur file-size=748426
02-19 04:43:12.328  1349  1404 D NativeLibraryHelper: abi-list=x86 armeabi-v7a armeabi 
02-19 04:43:12.328  1349  1404 D NativeLibraryHelper: 
02-19 04:43:12.328  1349  1404 D NativeLibraryHelper: cache file-size=78299738
02-19 04:43:12.328  1349  1404 D NativeLibraryHelper: abi-list=x86 armeabi-v7a armeabi 
02-19 04:43:12.335  1349  1404 D NativeLibraryHelper: native FindSupportedAbi return! ret=-114 abi=NULL
02-19 04:43:12.411  1349  1369 W Searchables: No global search activity found
02-19 04:43:12.418  1961  1961 D EventBus: No subscribers registered for event class java.lang.Integer
02-19 04:43:12.419  1961  1961 D EventBus: No subscribers registered for event class org.greenrobot.eventbus.h
02-19 04:43:12.454  1816  1816 D Launcher.Workspace: 11683562 - stripEmptyScreens()
02-19 04:43:12.622  4740  4756 D NativeLibraryHelper: call FindSupportedAbi, param: supportedAbisArray=x86 armeabi-v7a armeabi 
02-19 04:43:12.655  4740  4756 D NativeLibraryHelper: cur file-size=748426
02-19 04:43:12.655  4740  4756 D NativeLibraryHelper: abi-list=x86 armeabi-v7a armeabi 
02-19 04:43:12.655  4740  4756 D NativeLibraryHelper: 
02-19 04:43:12.655  4740  4756 D NativeLibraryHelper: cache file-size=78299738
02-19 04:43:12.655  4740  4756 D NativeLibraryHelper: abi-list=x86 armeabi-v7a armeabi 
02-19 04:43:12.679  4740  4756 D NativeLibraryHelper: native FindSupportedAbi return! ret=-114 abi=NULL
02-19 04:43:12.789  1349  1403 D NativeLibraryHelper: call FindSupportedAbi, param: supportedAbisArray=x86 armeabi-v7a armeabi 
02-19 04:43:12.790  1349  1403 D NativeLibraryHelper: cur file-size=748426
02-19 04:43:12.790  1349  1403 D NativeLibraryHelper: abi-list=x86 armeabi-v7a armeabi 
02-19 04:43:12.790  1349  1403 D NativeLibraryHelper: 
02-19 04:43:12.790  1349  1403 D NativeLibraryHelper: cache file-size=78299738
02-19 04:43:12.790  1349  1403 D NativeLibraryHelper: abi-list=x86 armeabi-v7a armeabi 
02-19 04:43:12.829  1349  1403 D NativeLibraryHelper: native FindSupportedAbi return! ret=-114 abi=NULL
02-19 04:43:12.829  1349  1403 I PackageManager: do copyNativeBinariesForSupportedAbi copyRet=-114
02-19 04:43:13.382  1349  1362 W ActivityManager: Unable to start service Intent { act=com.google.android.gms.ads.identifier.service.START pkg=com.google.android.gms } U=0: not found
02-19 04:43:13.407  1349  1403 V BackupManagerService: restoreAtInstall pkg=io.appium.uiautomator2.server.test token=1a restoreSet=0
02-19 04:43:13.407  1349  1403 W BackupManagerService: Requested unavailable transport: android/com.android.internal.backup.LocalTransport
02-19 04:43:13.407  1349  1403 W BackupManagerService: No transport
02-19 04:43:13.407  1349  1403 V BackupManagerService: Finishing install immediately
02-19 04:43:13.407  1349  1403 I art     : Starting a blocking GC Explicit
02-19 04:43:13.699  1349  1403 I art     : Explicit concurrent mark sweep GC freed 28322(1733KB) AllocSpace objects, 18(456KB) LOS objects, 33% free, 10MB/16MB, paused 15.644ms total 254.601ms
02-19 04:43:13.706  1191  1191 E         : Couldn't opendir /data/app/vmdl1896940635.tmp: No such file or directory
02-19 04:43:13.758  1349  1419 I InputReader: Reconfiguring input devices.  changes=0x00000010
02-19 04:43:13.759  1816  1816 D LdHotSeatAdImp: Test: updateAHotSetIcon viewItem=null
02-19 04:43:13.787  1782  1782 W ContextImpl: Calling a method in the system process without a qualified user: android.app.ContextImpl.startService:1357 android.content.ContextWrapper.startService:613 android.content.ContextWrapper.startService:613 com.android.coreservice.CoreBroadcastReceiver.onReceive:77 android.app.ActivityThread.handleReceiver:3045 
02-19 04:43:13.798  1516  1516 E PhoneInterfaceManager: [PhoneIntfMgr] getCarrierPackageNamesForIntent: No UICC
02-19 04:43:13.798  1516  1516 D CarrierSvcBindHelper: No carrier app for: 0
02-19 04:43:13.800  1516  1516 D CarrierConfigLoader: mHandler: 9 phoneId: 0
02-19 04:43:13.885 12179 12179 D su      : su invoked.
02-19 04:43:13.924 12181 12181 D su      : starting daemon client 10018 10018
02-19 04:43:13.972 12182 12182 D su      : connecting client 12178
02-19 04:43:14.072 12185 12185 D su      : remote pid: 12178
02-19 04:43:14.141 12186 12186 D su      : remote pts_slave: 
02-19 04:43:14.216 12187 12187 D su      : remote uid: 10018
02-19 04:43:14.292 12188 12188 D su      : remote req pid: 1961
02-19 04:43:14.372 12189 12189 D su      : remote args: 1
02-19 04:43:14.463 12191 12191 D su      : waiting for child exit
02-19 04:43:14.481 12193 12193 D su      : su invoked.
02-19 04:43:14.575 12194 12194 D su      : db allowed
02-19 04:43:14.593  1349  1369 W Searchables: No global search activity found
02-19 04:43:14.687 12196 12196 D su      : 10018 /system/bin/app_process32 executing 0 /system/bin/sh using binary /system/bin/sh : sh
02-19 04:43:14.710  1349  1369 W VoiceInteractionManagerService: no available voice recognition services found for user 0
02-19 04:43:15.052 12199 12199 D su      : sending code
02-19 04:43:15.112 12201 12201 D su      : client exited 255
02-19 04:43:15.189 12200 12200 D su      : child exited
02-19 04:43:15.221  1961  1961 W System.err: android.content.pm.PackageManager$NameNotFoundException: com.gbits.atm.leiting
02-19 04:43:15.221  1961  1961 W System.err: 	at android.app.ApplicationPackageManager.getPackageInfoAsUser(ApplicationPackageManager.java:147)
02-19 04:43:15.221  1961  1961 W System.err: 	at android.app.ApplicationPackageManager.getPackageInfo(ApplicationPackageManager.java:132)
02-19 04:43:15.221  1961  1961 W System.err: 	at com.android.flysilkworm.a.c.c(ApkPackageMgr.java:3)
02-19 04:43:15.221  1961  1961 W System.err: 	at com.android.flysilkworm.common.utils.r.b(LdIdUtils.java:40)
02-19 04:43:15.221  1961  1961 W System.err: 	at com.android.flysilkworm.common.utils.r.b(LdIdUtils.java:33)
02-19 04:43:15.221  1961  1961 W System.err: 	at com.android.flysilkworm.app.service.ApkReceiver.a(ApkReceiver.java:12)
02-19 04:43:15.221  1961  1961 W System.err: 	at com.android.flysilkworm.app.service.ApkReceiver.onReceive(ApkReceiver.java:3)
02-19 04:43:15.221  1961  1961 W System.err: 	at android.app.ActivityThread.handleReceiver(ActivityThread.java:3045)
02-19 04:43:15.221  1961  1961 W System.err: 	at android.app.ActivityThread.-wrap18(ActivityThread.java)
02-19 04:43:15.222  1961  1961 W System.err: 	at android.app.ActivityThread$H.handleMessage(ActivityThread.java:1566)
02-19 04:43:15.222  1961  1961 W System.err: 	at android.os.Handler.dispatchMessage(Handler.java:102)
02-19 04:43:15.222  1961  1961 W System.err: 	at android.os.Looper.loop(Looper.java:154)
02-19 04:43:15.222  1961  1961 W System.err: 	at android.app.ActivityThread.main(ActivityThread.java:6146)
02-19 04:43:15.222  1961  1961 W System.err: 	at java.lang.reflect.Method.invoke(Native Method)
02-19 04:43:15.222  1961  1961 W System.err: 	at com.android.internal.os.ZygoteInit$MethodAndArgsCaller.run(ZygoteInit.java:892)
02-19 04:43:15.222  1961  1961 W System.err: 	at com.android.internal.os.ZygoteInit.main(ZygoteInit.java:782)
02-19 04:43:15.227  1961  1961 W System.err: android.content.pm.PackageManager$NameNotFoundException: com.duoyi.shenwu3
02-19 04:43:15.227  1961  1961 W System.err: 	at android.app.ApplicationPackageManager.getPackageInfoAsUser(ApplicationPackageManager.java:147)
02-19 04:43:15.227  1961  1961 W System.err: 	at android.app.ApplicationPackageManager.getPackageInfo(ApplicationPackageManager.java:132)
02-19 04:43:15.227  1961  1961 W System.err: 	at com.android.flysilkworm.a.c.c(ApkPackageMgr.java:3)
02-19 04:43:15.227  1961  1961 W System.err: 	at com.android.flysilkworm.common.utils.r.b(LdIdUtils.java:41)
02-19 04:43:15.227  1961  1961 W System.err: 	at com.android.flysilkworm.common.utils.r.b(LdIdUtils.java:33)
02-19 04:43:15.227  1961  1961 W System.err: 	at com.android.flysilkworm.app.service.ApkReceiver.a(ApkReceiver.java:12)
