02-19 04:36:32.144  1349  1349 D ZenLog  : config: removeAutomaticZenRules,ZenModeConfig[user=0,allowCalls=true,allowRepeatCallers=false,allowMessages=false,allowCallsFrom=contacts,allowMessagesFrom=contacts,allowReminders=true,allowEvents=true,allowWhenScreenOff=true,allowWhenScreenOn=true,automaticRules={4159016469c54c16907ad35953609802=ZenRule[enabled=false,snoozing=false,name=,zenMode=ZEN_MODE_ALARMS,conditionId=condition://android/event?userId=-10000&calendar=&reply=1,condition=Condition[id=condition://android/event?userId=-10000&calendar=&reply=1,summary=...,line1=...,line2=...,icon=0,state=STATE_FALSE,flags=2],component=ComponentInfo{android/com.android.server.notification.EventConditionProvider},id=4159016469c54c16907ad35953609802,creationTime=1612943538992,enabler=null], 885f680b27354587a4052924c361cf90=ZenRule[enabled=false,snoozing=false,name=,zenMode=ZEN_MODE_ALARMS,conditionId=condition://android/schedule?days=1.2.3.4.5&start=22.0&end=7.0&exitAtAlarm=false,condition=Condition[id=condition://android/schedule?days=1.2.3.4.5&start=22.0&end=7.0&exitAtAlarm=false,summary=...,line1=...,line2=...,icon=0,state=STATE_TRUE,flags=2],component=ComponentInfo{android/com.android.server.notification.ScheduleConditionProvider},id=885f680b27354587a4052924c361cf90,creationTime=1612943538991,enabler=null], 7012306ed3144dada676d2f5b0039fb7=ZenRule[enabled=false,snoozing=false,name=,zenMode=ZEN_MODE_ALARMS,conditionId=condition://android/schedule?days=6.7&start=23.30&end=10.0&exitAtAlarm=false,condition=Condition[id=condition://android/schedule?days=6.7&start=23.30&end=10.0&exitAtAlarm=false,summary=...,line1=...,line2=...,icon=0,state=STATE_FALSE,flags=2],component=ComponentInfo{android/com.android.server.notification.ScheduleConditionProvider},id=7012306ed3144dada676d2f5b0039fb7,creationTime=1612943538991,enabler=null]},manualRule=null],Diff[]
02-19 04:36:32.619  1349  1819 W ActivityManager: Slow operation: 498ms so far, now at startProcess: returned from zygote!
02-19 04:36:32.619  1349  1819 W ActivityManager: Slow operation: 498ms so far, now at startProcess: done updating battery stats
02-19 04:36:32.619  1349  1819 W ActivityManager: Slow operation: 498ms so far, now at startProcess: building log message
02-19 04:36:32.619  1349  1819 I ActivityManager: Start proc 11475:com.android.keychain/1000 for broadcast com.android.keychain/.KeyChainBroadcastReceiver
02-19 04:36:32.619  1349  1819 W ActivityManager: Slow operation: 499ms so far, now at startProcess: starting to update pids map
02-19 04:36:32.619  1349  1819 W ActivityManager: Slow operation: 499ms so far, now at startProcess: done updating pids map
02-19 04:36:32.619  1349  1819 W ActivityManager: Slow operation: 499ms so far, now at startProcess: done starting proc!
02-19 04:36:32.685  1349  1403 I ActivityManager: Force stopping io.appium.uiautomator2.server appid=10058 user=0: pkg removed
02-19 04:36:32.816  1349  1349 D ZenLog  : set_zen_mode: off,removeAutomaticZenRules
02-19 04:36:32.862  1349  1349 D ZenLog  : config: removeAutomaticZenRules,ZenModeConfig[user=0,allowCalls=true,allowRepeatCallers=false,allowMessages=false,allowCallsFrom=contacts,allowMessagesFrom=contacts,allowReminders=true,allowEvents=true,allowWhenScreenOff=true,allowWhenScreenOn=true,automaticRules={4159016469c54c16907ad35953609802=ZenRule[enabled=false,snoozing=false,name=,zenMode=ZEN_MODE_ALARMS,conditionId=condition://android/event?userId=-10000&calendar=&reply=1,condition=Condition[id=condition://android/event?userId=-10000&calendar=&reply=1,summary=...,line1=...,line2=...,icon=0,state=STATE_FALSE,flags=2],component=ComponentInfo{android/com.android.server.notification.EventConditionProvider},id=4159016469c54c16907ad35953609802,creationTime=1612943538992,enabler=null], 885f680b27354587a4052924c361cf90=ZenRule[enabled=false,snoozing=false,name=,zenMode=ZEN_MODE_ALARMS,conditionId=condition://android/schedule?days=1.2.3.4.5&start=22.0&end=7.0&exitAtAlarm=false,condition=Condition[id=condition://android/schedule?days=1.2.3.4.5&start=22.0&end=7.0&exitAtAlarm=false,summary=...,line1=...,line2=...,icon=0,state=STATE_TRUE,flags=2],component=ComponentInfo{android/com.android.server.notification.ScheduleConditionProvider},id=885f680b27354587a4052924c361cf90,creationTime=1612943538991,enabler=null], 7012306ed3144dada676d2f5b0039fb7=ZenRule[enabled=false,snoozing=false,name=,zenMode=ZEN_MODE_ALARMS,conditionId=condition://android/schedule?days=6.7&start=23.30&end=10.0&exitAtAlarm=false,condition=Condition[id=condition://android/schedule?days=6.7&start=23.30&end=10.0&exitAtAlarm=false,summary=...,line1=...,line2=...,icon=0,state=STATE_FALSE,flags=2],component=ComponentInfo{android/com.android.server.notification.ScheduleConditionProvider},id=7012306ed3144dada676d2f5b0039fb7,creationTime=1612943538991,enabler=null]},manualRule=null],Diff[]
02-19 04:36:32.885  1349  1349 D ZenLog  : set_zen_mode: off,removeAutomaticZenRules
02-19 04:36:34.092 11475 11475 W ContextImpl: Calling a method in the system process without a qualified user: android.app.ContextImpl.startService:1357 android.content.ContextWrapper.startService:613 android.content.ContextWrapper.startService:613 com.android.keychain.KeyChainBroadcastReceiver.onReceive:12 android.app.ActivityThread.handleReceiver:3045 
02-19 04:36:34.242  1349  1523 W ActivityManager: Slow operation: 80ms so far, now at startProcess: returned from zygote!
02-19 04:36:34.242  1349  1523 W ActivityManager: Slow operation: 80ms so far, now at startProcess: done updating battery stats
02-19 04:36:34.242  1349  1523 W ActivityManager: Slow operation: 80ms so far, now at startProcess: building log message
02-19 04:36:34.242  1349  1523 I ActivityManager: Start proc 11498:com.android.documentsui/u0a6 for broadcast com.android.documentsui/.PackageReceiver
02-19 04:36:34.242  1349  1523 W ActivityManager: Slow operation: 80ms so far, now at startProcess: starting to update pids map
02-19 04:36:34.242  1349  1523 W ActivityManager: Slow operation: 80ms so far, now at startProcess: done updating pids map
02-19 04:36:34.243  1349  1523 W ActivityManager: Slow operation: 80ms so far, now at startProcess: done starting proc!
02-19 04:36:35.380  1349  1349 W ActivityManager: Slow operation: 69ms so far, now at startProcess: returned from zygote!
02-19 04:36:35.380  1349  1349 W ActivityManager: Slow operation: 69ms so far, now at startProcess: done updating battery stats
02-19 04:36:35.380  1349  1349 W ActivityManager: Slow operation: 69ms so far, now at startProcess: building log message
02-19 04:36:35.380  1349  1349 I ActivityManager: Start proc 11521:android.process.media/u0a7 for broadcast com.android.providers.downloads/.DownloadReceiver
02-19 04:36:35.380  1349  1349 W ActivityManager: Slow operation: 69ms so far, now at startProcess: starting to update pids map
02-19 04:36:35.380  1349  1349 W ActivityManager: Slow operation: 69ms so far, now at startProcess: done updating pids map
02-19 04:36:35.380  1349  1349 W ActivityManager: Slow operation: 69ms so far, now at startProcess: done starting proc!
02-19 04:36:35.788  1349  1403 I PackageManager: do copyNativeBinariesForSupportedAbi copyRet=-114
02-19 04:36:48.075  1349  1403 V BackupManagerService: restoreAtInstall pkg=io.appium.uiautomator2.server.test token=14 restoreSet=0
02-19 04:36:48.076  1349  1403 W BackupManagerService: Requested unavailable transport: android/com.android.internal.backup.LocalTransport
02-19 04:36:48.076  1349  1403 W BackupManagerService: No transport
02-19 04:36:48.076  1349  1403 V BackupManagerService: Finishing install immediately
02-19 04:36:48.152  1349  1370 I ActivityManager: Waited long enough for: ServiceRecord{bf7328f u0 com.tcl.joylockscreen/com.vlife.TService}
02-19 04:36:49.303  1782  1782 W ContextImpl: Calling a method in the system process without a qualified user: android.app.ContextImpl.startService:1357 android.content.ContextWrapper.startService:613 android.content.ContextWrapper.startService:613 com.android.coreservice.CoreBroadcastReceiver.onReceive:85 android.app.ActivityThread.handleReceiver:3045 
02-19 04:36:50.077 11475 11475 W ContextImpl: Calling a method in the system process without a qualified user: android.app.ContextImpl.startService:1357 android.content.ContextWrapper.startService:613 android.content.ContextWrapper.startService:613 com.android.keychain.KeyChainBroadcastReceiver.onReceive:12 android.app.ActivityThread.handleReceiver:3045 
02-19 04:36:50.767  1782  1782 W ContextImpl: Calling a method in the system process without a qualified user: android.app.ContextImpl.startService:1357 android.content.ContextWrapper.startService:613 android.content.ContextWrapper.startService:613 com.android.coreservice.CoreBroadcastReceiver.onReceive:53 android.app.ActivityThread.handleReceiver:3045 
02-19 04:36:50.778  1782  1782 W ContextImpl: Calling a method in the system process without a qualified user: android.app.ContextImpl.startService:1357 android.content.ContextWrapper.startService:613 android.content.ContextWrapper.startService:613 com.android.coreservice.CoreBroadcastReceiver.onReceive:53 android.app.ActivityThread.handleReceiver:3045 
02-19 04:36:50.789  1782  1782 W ContextImpl: Calling a method in the system process without a qualified user: android.app.ContextImpl.startService:1357 android.content.ContextWrapper.startService:613 android.content.ContextWrapper.startService:613 com.android.coreservice.CoreBroadcastReceiver.onReceive:53 android.app.ActivityThread.handleReceiver:3045 
02-19 04:36:53.257  1349  1403 I PackageManager: do copyNativeBinariesForSupportedAbi copyRet=-114
02-19 04:36:56.158  1349  1403 V BackupManagerService: restoreAtInstall pkg=io.appium.uiautomator2.server token=15 restoreSet=0
02-19 04:36:56.158  1349  1403 W BackupManagerService: Requested unavailable transport: android/com.android.internal.backup.LocalTransport
02-19 04:36:56.158  1349  1403 W BackupManagerService: No transport
02-19 04:36:56.158  1349  1403 V BackupManagerService: Finishing install immediately
02-19 04:36:56.276  1782  1782 W ContextImpl: Calling a method in the system process without a qualified user: android.app.ContextImpl.startService:1357 android.content.ContextWrapper.startService:613 android.content.ContextWrapper.startService:613 com.android.coreservice.CoreBroadcastReceiver.onReceive:77 android.app.ActivityThread.handleReceiver:3045 
02-19 04:37:11.856  1782  1782 W ContextImpl: Calling a method in the system process without a qualified user: android.app.ContextImpl.startService:1357 android.content.ContextWrapper.startService:613 android.content.ContextWrapper.startService:613 com.android.coreservice.CoreBroadcastReceiver.onReceive:77 android.app.ActivityThread.handleReceiver:3045 
02-19 04:37:13.010  1349  1403 W PackageManager: Package io.appium.uiautomator2.server signatures do not match the previously installed version; ignoring!
02-19 04:37:13.057  1349  1369 W VoiceInteractionManagerService: no available voice recognition services found for user 0
02-19 04:37:13.212  1349  1523 D PackageInstaller: Ignoring abandon after commit relinquished control
--------- beginning of main
02-19 04:37:14.359  1961  1961 W System.err: 	at com.android.flysilkworm.common.utils.r.b(LdIdUtils.java:33)
02-19 04:37:14.359  1961  1961 W System.err: 	at com.android.flysilkworm.app.service.ApkReceiver.a(ApkReceiver.java:12)
02-19 04:37:14.359  1961  1961 W System.err: 	at com.android.flysilkworm.app.service.ApkReceiver.onReceive(ApkReceiver.java:3)
02-19 04:37:14.359  1961  1961 W System.err: 	at android.app.ActivityThread.handleReceiver(ActivityThread.java:3045)
02-19 04:37:14.360  1961  1961 W System.err: 	at android.app.ActivityThread.-wrap18(ActivityThread.java)
02-19 04:37:14.360  1961  1961 W System.err: 	at android.app.ActivityThread$H.handleMessage(ActivityThread.java:1566)
02-19 04:37:14.360  1961  1961 W System.err: 	at android.os.Handler.dispatchMessage(Handler.java:102)
02-19 04:37:14.360  1961  1961 W System.err: 	at android.os.Looper.loop(Looper.java:154)
02-19 04:37:14.360  1961  1961 W System.err: 	at android.app.ActivityThread.main(ActivityThread.java:6146)
02-19 04:37:14.360  1961  1961 W System.err: 	at java.lang.reflect.Method.invoke(Native Method)
02-19 04:37:14.360  1961  1961 W System.err: 	at com.android.internal.os.ZygoteInit$MethodAndArgsCaller.run(ZygoteInit.java:892)
02-19 04:37:14.360  1961  1961 W System.err: 	at com.android.internal.os.ZygoteInit.main(ZygoteInit.java:782)
02-19 04:37:14.361  1961  1961 W System.err: android.content.pm.PackageManager$NameNotFoundException: com.duoyi.shenwu3
02-19 04:37:14.361  1961  1961 W System.err: 	at android.app.ApplicationPackageManager.getPackageInfoAsUser(ApplicationPackageManager.java:147)
02-19 04:37:14.361  1961  1961 W System.err: 	at android.app.ApplicationPackageManager.getPackageInfo(ApplicationPackageManager.java:132)
02-19 04:37:14.361  1961  1961 W System.err: 	at com.android.flysilkworm.a.c.c(ApkPackageMgr.java:3)
02-19 04:37:14.361  1961  1961 W System.err: 	at com.android.flysilkworm.common.utils.r.b(LdIdUtils.java:41)
02-19 04:37:14.361  1961  1961 W System.err: 	at com.android.flysilkworm.common.utils.r.b(LdIdUtils.java:33)
02-19 04:37:14.361  1961  1961 W System.err: 	at com.android.flysilkworm.app.service.ApkReceiver.a(ApkReceiver.java:12)
02-19 04:37:14.361  1961  1961 W System.err: 	at com.android.flysilkworm.app.service.ApkReceiver.onReceive(ApkReceiver.java:3)
02-19 04:37:14.361  1961  1961 W System.err: 	at android.app.ActivityThread.handleReceiver(ActivityThread.java:3045)
02-19 04:37:14.361  1961  1961 W System.err: 	at android.app.ActivityThread.-wrap18(ActivityThread.java)
02-19 04:37:14.361  1961  1961 W System.err: 	at android.app.ActivityThread$H.handleMessage(ActivityThread.java:1566)
02-19 04:37:14.361  1961  1961 W System.err: 	at android.os.Handler.dispatchMessage(Handler.java:102)
02-19 04:37:14.361  1961  1961 W System.err: 	at android.os.Looper.loop(Looper.java:154)
02-19 04:37:14.361  1961  1961 W System.err: 	at android.app.ActivityThread.main(ActivityThread.java:6146)
02-19 04:37:14.361  1961  1961 W System.err: 	at java.lang.reflect.Method.invoke(Native Method)
02-19 04:37:14.361  1961  1961 W System.err: 	at com.android.internal.os.ZygoteInit$MethodAndArgsCaller.run(ZygoteInit.java:892)
02-19 04:37:14.361  1961  1961 W System.err: 	at com.android.internal.os.ZygoteInit.main(ZygoteInit.java:782)
02-19 04:37:14.362  1961  1961 D EventBus: No subscribers registered for event class java.lang.Integer
02-19 04:37:14.362  1961  1961 D EventBus: No subscribers registered for event class org.greenrobot.eventbus.h
02-19 04:37:14.666 11694 11694 D su      : su invoked.
02-19 04:37:14.866 11695 11695 D su      : starting daemon client 10018 10018
02-19 04:37:15.059 11697 11697 D su      : connecting client 11693
02-19 04:37:15.264 11700 11700 D su      : remote pid: 11693
02-19 04:37:15.448 11701 11701 D su      : remote pts_slave: 
02-19 04:37:15.573  1349  6355 W ActivityManager: Unable to start service Intent { act=com.google.android.gms.ads.identifier.service.START pkg=com.google.android.gms } U=0: not found
02-19 04:37:15.659 11702 11702 D su      : remote uid: 10018
02-19 04:37:15.670 11658 11658 D ICU     : No timezone override file found: /data/misc/zoneinfo/current/icu/icu_tzdata.dat
02-19 04:37:15.900 11703 11703 D su      : remote req pid: 1961
02-19 04:37:15.919 11658 11658 D libnativebridge: PreInitializeNativeBridge name=unknown instruction_set=x86
02-19 04:37:15.920 11658 11658 D libnativebridge: call UnloadNativeBridge! state=1
02-19 04:37:16.071 11683 11683 I appproc : exec app_process! cmdline: /system/bin com.android.commands.am.Am broadcast -n com.android.settings/com.android.settings.cyanogenmod.superuser.SuReceiver --ei binary_version 16 --es from_name u0_a18 --es desired_name  --ei uid 10018 --ei desired_uid 0 --es command /system/bin/sh --es action allow --user 0 
02-19 04:37:16.072 11683 11683 D AndroidRuntime: >>>>>> START com.android.internal.os.RuntimeInit uid 0 <<<<<<
02-19 04:37:16.086 11705 11705 D su      : remote args: 1
02-19 04:37:16.120 11658 11658 E memtrack: Couldn't load memtrack module (No such file or directory)
02-19 04:37:16.143 11658 11658 E android.os.Debug: failed to load memtrack module: -2
02-19 04:37:16.146 11658 11658 I Radio-JNI: register_android_hardware_Radio DONE
02-19 04:37:16.160 11683 11683 D AndroidRuntime: CheckJNI is OFF
02-19 04:37:16.337 11712 11712 D su      : waiting for child exit
02-19 04:37:16.387 11714 11714 D su      : su invoked.
02-19 04:37:16.405 11658 11658 D AndroidRuntime: Calling main entry com.android.commands.ime.Ime
02-19 04:37:16.433 11658 11658 D AndroidRuntime: Shutting down VM
02-19 04:37:16.677 11717 11717 D su      : db allowed
02-19 04:37:16.902 11719 11719 D su      : 10018 /system/bin/app_process32 executing 0 /system/bin/sh using binary /system/bin/sh : sh
02-19 04:37:18.001  1349  1369 W Searchables: No global search activity found
02-19 04:37:18.003 11683 11683 D ICU     : No timezone override file found: /data/misc/zoneinfo/current/icu/icu_tzdata.dat
02-19 04:37:18.088  1349  1369 W VoiceInteractionManagerService: no available voice recognition services found for user 0
02-19 04:37:18.197 11683 11683 D libnativebridge: PreInitializeNativeBridge name=unknown instruction_set=x86
02-19 04:37:18.198 11683 11683 D libnativebridge: call UnloadNativeBridge! state=1
02-19 04:37:18.423 11683 11683 E memtrack: Couldn't load memtrack module (No such file or directory)
02-19 04:37:18.423 11683 11683 E android.os.Debug: failed to load memtrack module: -2
02-19 04:37:18.446 11683 11683 I Radio-JNI: register_android_hardware_Radio DONE
02-19 04:37:18.614 11024 11295 I chatty  : uid=10060(com.ximalaya.ting.android) expire 1 line
02-19 04:37:18.631 11683 11683 D AndroidRuntime: Calling main entry com.android.commands.am.Am
02-19 04:37:18.817 11683 11683 D AndroidRuntime: Shutting down VM
02-19 04:37:19.400 11718 11718 I appproc : exec app_process! cmdline: /system/bin com.android.commands.am.Am broadcast -n com.android.settings/com.android.settings.cyanogenmod.superuser.SuReceiver --ei binary_version 16 --es from_name u0_a18 --es desired_name  --ei uid 10018 --ei desired_uid 0 --es command /system/bin/sh --es action allow --user 0 
02-19 04:37:19.435 11718 11718 D AndroidRuntime: >>>>>> START com.android.internal.os.RuntimeInit uid 0 <<<<<<
02-19 04:37:19.516 11718 11718 D AndroidRuntime: CheckJNI is OFF
02-19 04:37:20.120 11722 11722 I appproc : exec app_process! cmdline: /system/bin com.android.commands.am.Am force-stop com.ximalaya.ting.android 
02-19 04:37:20.121 11722 11722 D AndroidRuntime: >>>>>> START com.android.internal.os.RuntimeInit uid 0 <<<<<<
02-19 04:37:20.202 11722 11722 D AndroidRuntime: CheckJNI is OFF
02-19 04:37:20.719 11718 11718 D ICU     : No timezone override file found: /data/misc/zoneinfo/current/icu/icu_tzdata.dat
02-19 04:37:20.927 11718 11718 D libnativebridge: PreInitializeNativeBridge name=unknown instruction_set=x86
02-19 04:37:20.928 11718 11718 D libnativebridge: call UnloadNativeBridge! state=1
02-19 04:37:21.276 11718 11718 E memtrack: Couldn't load memtrack module (No such file or directory)
02-19 04:37:21.276 11718 11718 E android.os.Debug: failed to load memtrack module: -2
02-19 04:37:21.293 11718 11718 I Radio-JNI: register_android_hardware_Radio DONE
02-19 04:37:21.435 11722 11722 D ICU     : No timezone override file found: /data/misc/zoneinfo/current/icu/icu_tzdata.dat
02-19 04:37:21.439 11718 11718 D AndroidRuntime: Calling main entry com.android.commands.am.Am
02-19 04:37:21.636 11718 11718 D AndroidRuntime: Shutting down VM
02-19 04:37:21.664 11722 11722 D libnativebridge: PreInitializeNativeBridge name=unknown instruction_set=x86
02-19 04:37:21.664 11722 11722 D libnativebridge: call UnloadNativeBridge! state=1
02-19 04:37:21.867 11722 11722 E memtrack: Couldn't load memtrack module (No such file or directory)
02-19 04:37:21.867 11722 11722 E android.os.Debug: failed to load memtrack module: -2
02-19 04:37:21.895 11722 11722 I Radio-JNI: register_android_hardware_Radio DONE
02-19 04:37:22.047 11722 11722 D AndroidRuntime: Calling main entry com.android.commands.am.Am
02-19 04:37:22.071  1782  1782 W ContextImpl: Calling a method in the system process without a qualified user: android.app.ContextImpl.startService:1357 android.content.ContextWrapper.startService:613 android.content.ContextWrapper.startService:613 com.android.coreservice.CoreBroadcastReceiver.onReceive:53 android.app.ActivityThread.handleReceiver:3045 
02-19 04:37:22.072  1349  6356 I ActivityManager: Force stopping com.ximalaya.ting.android appid=10060 user=0: from pid 11722
02-19 04:37:22.081  1349  6356 I ActivityManager: Killing 11154:com.ximalaya.ting.android:patch/u0a60 (adj 800): stop com.ximalaya.ting.android
02-19 04:37:22.091  1349  6356 D ActivityManager: cleanUpApplicationRecord -- 11154
02-19 04:37:22.091  1349  6356 W ActivityManager: Scheduling restart of crashed service com.ximalaya.ting.android/.host.manager.bundleframework.BundleManager.XMPatchService in 1000ms
02-19 04:37:22.097  1349  1372 I libprocessgroup: Killing pid 11410 in uid 10060 as part of process group 11154
02-19 04:37:22.099  1349  6356 I ActivityManager: Killing 11024:com.ximalaya.ting.android/u0a60 (adj 500): stop com.ximalaya.ting.android
02-19 04:37:22.134  1349  6356 D ActivityManager: cleanUpApplicationRecord -- 11024
02-19 04:37:22.159  1349  6356 W ActivityManager: Scheduling restart of crashed service com.ximalaya.ting.android/com.ss.android.socialbase.downloader.notification.DownloadNotificationService in 1000ms
02-19 04:37:22.200  1349  1372 I libprocessgroup: Killing pid 11410 in uid 10060 as part of process group 11154
02-19 04:37:22.254  1349  1372 I libprocessgroup: Killing pid 11410 in uid 10060 as part of process group 11154
02-19 04:37:22.298  1349  1372 I libprocessgroup: Killing pid 11410 in uid 10060 as part of process group 11154
02-19 04:37:22.338  1349  1372 I libprocessgroup: Killing pid 11410 in uid 10060 as part of process group 11154
02-19 04:37:22.358  1349  1730 W art     : Long monitor contention with owner Binder:1349_A (6356) at void com.android.server.am.ActivityManagerService.forceStopPackage(java.lang.String, int)(ActivityManagerService.java:5841) waiters=1 in android.content.pm.UserInfo com.android.server.am.UserController.getCurrentUser() for 276ms
02-19 04:37:22.366  1516  1516 E PhoneInterfaceManager: [PhoneIntfMgr] getCarrierPackageNamesForIntent: No UICC
02-19 04:37:22.366  1516  1516 D CarrierSvcBindHelper: No carrier app for: 0
02-19 04:37:22.370  1349  1372 I libprocessgroup: Killing pid 11410 in uid 10060 as part of process group 11154
02-19 04:37:22.371 11722 11722 D AndroidRuntime: Shutting down VM
02-19 04:37:22.396  1349  1369 W art     : Long monitor contention with owner Binder:1349_A (6356) at void com.android.server.am.ActivityManagerService.forceStopPackage(java.lang.String, int)(ActivityManagerService.java:5841) waiters=3 in void com.android.server.am.ActivityManagerService$3.handleMessage(android.os.Message) for 147ms
02-19 04:37:22.426  1349  1372 I libprocessgroup: Killing pid 11410 in uid 10060 as part of process group 11154
02-19 04:37:22.472  1349  1372 I libprocessgroup: Killing pid 11410 in uid 10060 as part of process group 11154
02-19 04:37:22.545  1349  1372 I libprocessgroup: Killing pid 11410 in uid 10060 as part of process group 11154
02-19 04:37:22.557  1349  1372 I libprocessgroup: Killing pid 11410 in uid 10060 as part of process group 11154
02-19 04:37:22.568  1349  1372 I libprocessgroup: Killing pid 11410 in uid 10060 as part of process group 11154
02-19 04:37:22.623  1349  1372 I libprocessgroup: Killing pid 11410 in uid 10060 as part of process group 11154
02-19 04:37:22.645  1349  1372 I libprocessgroup: Killing pid 11410 in uid 10060 as part of process group 11154
02-19 04:37:22.694  1349  1372 I libprocessgroup: Killing pid 11410 in uid 10060 as part of process group 11154
02-19 04:37:22.710  1349  1372 I libprocessgroup: Killing pid 11410 in uid 10060 as part of process group 11154
02-19 04:37:22.797  1349  1372 I libprocessgroup: Killing pid 11410 in uid 10060 as part of process group 11154
02-19 04:37:22.836  1349  1372 I libprocessgroup: Killing pid 11410 in uid 10060 as part of process group 11154
02-19 04:37:22.869  1349  1372 I libprocessgroup: Killing pid 11410 in uid 10060 as part of process group 11154
02-19 04:37:22.937  1349  1372 I libprocessgroup: Killing pid 11410 in uid 10060 as part of process group 11154
02-19 04:37:22.943  1349  1372 I libprocessgroup: Killing pid 11410 in uid 10060 as part of process group 11154
02-19 04:37:22.950  1349  1372 I libprocessgroup: Killing pid 11410 in uid 10060 as part of process group 11154
02-19 04:37:22.957  1349  1372 I libprocessgroup: Killing pid 11410 in uid 10060 as part of process group 11154
02-19 04:37:22.963  1349  1372 I libprocessgroup: Killing pid 11410 in uid 10060 as part of process group 11154
02-19 04:37:22.970  1349  1372 I libprocessgroup: Killing pid 11410 in uid 10060 as part of process group 11154
02-19 04:37:22.976  1349  1372 I libprocessgroup: Killing pid 11410 in uid 10060 as part of process group 11154
02-19 04:37:22.983  1349  1372 I libprocessgroup: Killing pid 11410 in uid 10060 as part of process group 11154
02-19 04:37:22.991  1349  1372 I libprocessgroup: Killing pid 11410 in uid 10060 as part of process group 11154
02-19 04:37:22.998  1349  1372 I libprocessgroup: Killing pid 11410 in uid 10060 as part of process group 11154
02-19 04:37:23.004  1349  1372 I libprocessgroup: Killing pid 11410 in uid 10060 as part of process group 11154
02-19 04:37:23.012  1349  1372 I libprocessgroup: Killing pid 11410 in uid 10060 as part of process group 11154
02-19 04:37:23.018  1349  1372 I libprocessgroup: Killing pid 11410 in uid 10060 as part of process group 11154
02-19 04:37:23.024  1349  1372 I libprocessgroup: Killing pid 11410 in uid 10060 as part of process group 11154
02-19 04:37:23.030  1349  1372 I libprocessgroup: Killing pid 11410 in uid 10060 as part of process group 11154
02-19 04:37:23.037  1349  1372 I libprocessgroup: Killing pid 11410 in uid 10060 as part of process group 11154
02-19 04:37:23.044  1349  1372 I libprocessgroup: Killing pid 11410 in uid 10060 as part of process group 11154
02-19 04:37:23.051  1349  1372 I libprocessgroup: Killing pid 11410 in uid 10060 as part of process group 11154
02-19 04:37:23.057  1349  1372 I libprocessgroup: Killing pid 11410 in uid 10060 as part of process group 11154
02-19 04:37:23.063  1349  1372 I libprocessgroup: Killing pid 11410 in uid 10060 as part of process group 11154
02-19 04:37:23.070  1349  1372 I libprocessgroup: Killing pid 11410 in uid 10060 as part of process group 11154
02-19 04:37:23.081  1349  1372 I libprocessgroup: Killing pid 11410 in uid 10060 as part of process group 11154
02-19 04:37:23.087  1349  1372 I libprocessgroup: Killing pid 11410 in uid 10060 as part of process group 11154
02-19 04:37:23.087  1349  1372 E libprocessgroup: failed to kill 1 processes for processgroup 11154
02-19 04:37:23.417  1349  1372 E libprocessgroup: failed to kill 1 processes for processgroup 11024
02-19 04:37:23.874  1349  1536 D ConnectivityService: ConnectivityService NetworkRequestInfo binderDied(NetworkRequest [ LISTEN id=11, [ Capabilities: INTERNET&NOT_RESTRICTED&TRUSTED] ], android.os.BinderProxy@47471dc)
02-19 04:37:23.887  1349  1433 E ConnectivityService: RemoteException caught trying to send a callback msg for NetworkRequest [ LISTEN id=11, [ Capabilities: INTERNET&NOT_RESTRICTED&TRUSTED] ]
02-19 04:37:26.850 11756 11756 D su      : sending code
02-19 04:37:26.906 11758 11758 D su      : client exited 0
02-19 04:37:26.910 11757 11757 D su      : child exited
02-19 04:37:27.396 11762 11762 D su      : sending code
02-19 04:37:27.444 11764 11764 D su      : client exited 0
02-19 04:37:27.451 11763 11763 D su      : child exited
02-19 04:37:58.320  1349  1429 D WifiStateMachine: setScanResults mScanResults.size=1
02-19 04:40:38.307  1349  1429 E WifiStateMachine: Error! unhandled message{ when=-1ms what=0 target=com.android.internal.util.StateMachine$SmHandler }
02-19 04:42:39.650  1191  1191 I         : free_cache(1809662) avail 15419863040
02-19 04:42:39.735  1191  1191 I         : free_cache(1554000) avail 15418052608
02-19 04:42:39.900  1349  1370 I ActivityManager: Force stopping io.appium.uiautomator2.server.test appid=10061 user=-1: deletePackageX
02-19 04:42:41.737  1349  1404 D NativeLibraryHelper: call FindSupportedAbi, param: supportedAbisArray=x86 armeabi-v7a armeabi 
02-19 04:42:41.737  1349  1404 D NativeLibraryHelper: cur file-size=1554000
02-19 04:42:41.737  1349  1404 D NativeLibraryHelper: abi-list=x86 armeabi-v7a armeabi 
02-19 04:42:41.737  1349  1404 D NativeLibraryHelper: 
02-19 04:42:41.737  1349  1404 D NativeLibraryHelper: cache file-size=78299738
02-19 04:42:41.737  1349  1404 D NativeLibraryHelper: abi-list=x86 armeabi-v7a armeabi 
02-19 04:42:41.738  1349  1404 D NativeLibraryHelper: native FindSupportedAbi return! ret=-114 abi=NULL
02-19 04:42:41.739  1349  1403 I art     : Starting a blocking GC Explicit
02-19 04:42:41.789  1349  1404 D NativeLibraryHelper: call FindSupportedAbi, param: supportedAbisArray=x86 armeabi-v7a armeabi 
02-19 04:42:41.790  1349  1404 D NativeLibraryHelper: cur file-size=1809662
02-19 04:42:41.790  1349  1404 D NativeLibraryHelper: abi-list=x86 armeabi-v7a armeabi 
02-19 04:42:41.790  1349  1404 D NativeLibraryHelper: 
02-19 04:42:41.790  1349  1404 D NativeLibraryHelper: cache file-size=78299738
02-19 04:42:41.790  1349  1404 D NativeLibraryHelper: abi-list=x86 armeabi-v7a armeabi 
02-19 04:42:41.791  1349  1404 D NativeLibraryHelper: native FindSupportedAbi return! ret=-114 abi=NULL
02-19 04:42:41.830  1349  1403 I art     : Explicit concurrent mark sweep GC freed 105976(4MB) AllocSpace objects, 22(632KB) LOS objects, 33% free, 10MB/16MB, paused 454us total 85.050ms
02-19 04:42:41.890  1782  1782 W ContextImpl: Calling a method in the system process without a qualified user: android.app.ContextImpl.startService:1357 android.content.ContextWrapper.startService:613 android.content.ContextWrapper.startService:613 com.android.coreservice.CoreBroadcastReceiver.onReceive:53 android.app.ActivityThread.handleReceiver:3045 
02-19 04:42:41.897  1349  1370 I ActivityManager: Force stopping io.appium.uiautomator2.server appid=10062 user=-1: deletePackageX
02-19 04:42:41.951  1349  1403 I art     : Starting a blocking GC Explicit
02-19 04:42:41.978  1349  1403 I art     : Explicit concurrent mark sweep GC freed 12118(742KB) AllocSpace objects, 4(80KB) LOS objects, 33% free, 10MB/16MB, paused 394us total 25.755ms
02-19 04:42:42.014  1782  1782 W ContextImpl: Calling a method in the system process without a qualified user: android.app.ContextImpl.startService:1357 android.content.ContextWrapper.startService:613 android.content.ContextWrapper.startService:613 com.android.coreservice.CoreBroadcastReceiver.onReceive:53 android.app.ActivityThread.handleReceiver:3045 
02-19 04:42:42.058  1349  1403 I ActivityManager: Force stopping io.appium.uiautomator2.server.test appid=10061 user=0: pkg removed
02-19 04:42:42.120  1349  1419 I InputReader: Reconfiguring input devices.  changes=0x00000010
02-19 04:42:42.138  1349  1349 D ZenLog  : config: removeAutomaticZenRules,ZenModeConfig[user=0,allowCalls=true,allowRepeatCallers=false,allowMessages=false,allowCallsFrom=contacts,allowMessagesFrom=contacts,allowReminders=true,allowEvents=true,allowWhenScreenOff=true,allowWhenScreenOn=true,automaticRules={4159016469c54c16907ad35953609802=ZenRule[enabled=false,snoozing=false,name=,zenMode=ZEN_MODE_ALARMS,conditionId=condition://android/event?userId=-10000&calendar=&reply=1,condition=Condition[id=condition://android/event?userId=-10000&calendar=&reply=1,summary=...,line1=...,line2=...,icon=0,state=STATE_FALSE,flags=2],component=ComponentInfo{android/com.android.server.notification.EventConditionProvider},id=4159016469c54c16907ad35953609802,creationTime=1612943538992,enabler=null], 885f680b27354587a4052924c361cf90=ZenRule[enabled=false,snoozing=false,name=,zenMode=ZEN_MODE_ALARMS,conditionId=condition://android/schedule?days=1.2.3.4.5&start=22.0&end=7.0&exitAtAlarm=false,condition=Condition[id=condition://android/schedule?days=1.2.3.4.5&start=22.0&end=7.0&exitAtAlarm=false,summary=...,line1=...,line2=...,icon=0,state=STATE_TRUE,flags=2],component=ComponentInfo{android/com.android.server.notification.ScheduleConditionProvider},id=885f680b27354587a4052924c361cf90,creationTime=1612943538991,enabler=null], 7012306ed3144dada676d2f5b0039fb7=ZenRule[enabled=false,snoozing=false,name=,zenMode=ZEN_MODE_ALARMS,conditionId=condition://android/schedule?days=6.7&start=23.30&end=10.0&exitAtAlarm=false,condition=Condition[id=condition://android/schedule?days=6.7&start=23.30&end=10.0&exitAtAlarm=false,summary=...,line1=...,line2=...,icon=0,state=STATE_FALSE,flags=2],component=ComponentInfo{android/com.android.server.notification.ScheduleConditionProvider},id=7012306ed3144dada676d2f5b0039fb7,creationTime=1612943538991,enabler=null]},manualRule=null],Diff[]
02-19 04:42:42.167  1516  1516 E PhoneInterfaceManager: [PhoneIntfMgr] getCarrierPackageNamesForIntent: No UICC
02-19 04:42:42.167  1516  1516 D CarrierSvcBindHelper: No carrier app for: 0
02-19 04:42:42.176  1349  1349 D ZenLog  : set_zen_mode: off,removeAutomaticZenRules
02-19 04:42:42.301  1349  1403 I ActivityManager: Force stopping io.appium.uiautomator2.server appid=10062 user=0: pkg removed
02-19 04:42:42.356  1349  1419 I InputReader: Reconfiguring input devices.  changes=0x00000010
02-19 04:42:42.365  1349  1349 D ZenLog  : config: removeAutomaticZenRules,ZenModeConfig[user=0,allowCalls=true,allowRepeatCallers=false,allowMessages=false,allowCallsFrom=contacts,allowMessagesFrom=contacts,allowReminders=true,allowEvents=true,allowWhenScreenOff=true,allowWhenScreenOn=true,automaticRules={4159016469c54c16907ad35953609802=ZenRule[enabled=false,snoozing=false,name=,zenMode=ZEN_MODE_ALARMS,conditionId=condition://android/event?userId=-10000&calendar=&reply=1,condition=Condition[id=condition://android/event?userId=-10000&calendar=&reply=1,summary=...,line1=...,line2=...,icon=0,state=STATE_FALSE,flags=2],component=ComponentInfo{android/com.android.server.notification.EventConditionProvider},id=4159016469c54c16907ad35953609802,creationTime=1612943538992,enabler=null], 885f680b27354587a4052924c361cf90=ZenRule[enabled=false,snoozing=false,name=,zenMode=ZEN_MODE_ALARMS,conditionId=condition://android/schedule?days=1.2.3.4.5&start=22.0&end=7.0&exitAtAlarm=false,condition=Condition[id=condition://android/schedule?days=1.2.3.4.5&start=22.0&end=7.0&exitAtAlarm=false,summary=...,line1=...,line2=...,icon=0,state=STATE_TRUE,flags=2],component=ComponentInfo{android/com.android.server.notification.ScheduleConditionProvider},id=885f680b27354587a4052924c361cf90,creationTime=1612943538991,enabler=null], 7012306ed3144dada676d2f5b0039fb7=ZenRule[enabled=false,snoozing=false,name=,zenMode=ZEN_MODE_ALARMS,conditionId=condition://android/schedule?days=6.7&start=23.30&end=10.0&exitAtAlarm=false,condition=Condition[id=condition://android/schedule?days=6.7&start=23.30&end=10.0&exitAtAlarm=false,summary=...,line1=...,line2=...,icon=0,state=STATE_FALSE,flags=2],component=ComponentInfo{android/com.android.server.notification.ScheduleConditionProvider},id=7012306ed3144dada676d2f5b0039fb7,creationTime=1612943538991,enabler=null]},manualRule=null],Diff[]
02-19 04:42:42.368  1349  1349 D ZenLog  : set_zen_mode: off,removeAutomaticZenRules
02-19 04:42:42.381  1516  1516 E PhoneInterfaceManager: [PhoneIntfMgr] getCarrierPackageNamesForIntent: No UICC
02-19 04:42:42.381  1516  1516 D CarrierSvcBindHelper: No carrier app for: 0
02-19 04:42:42.434  1782  1782 W ContextImpl: Calling a method in the system process without a qualified user: android.app.ContextImpl.startService:1357 android.content.ContextWrapper.startService:613 android.content.ContextWrapper.startService:613 com.android.coreservice.CoreBroadcastReceiver.onReceive:85 android.app.ActivityThread.handleReceiver:3045 
02-19 04:42:42.443  1961  1961 I appstore: app Not Started
02-19 04:42:42.477 11475 11475 W ContextImpl: Calling a method in the system process without a qualified user: android.app.ContextImpl.startService:1357 android.content.ContextWrapper.startService:613 android.content.ContextWrapper.startService:613 com.android.keychain.KeyChainBroadcastReceiver.onReceive:12 android.app.ActivityThread.handleReceiver:3045 
02-19 04:42:42.497  1816  1816 W Launcher: setApplicationContext called twice! old=com.android.launcher3.LauncherApplication@5462273 new=com.android.launcher3.LauncherApplication@5462273
02-19 04:42:42.561  4783 11846 D VoicemailCleanupService: Cleaning up data for package: io.appium.uiautomator2.server.test
02-19 04:42:42.729  1782  1782 W ContextImpl: Calling a method in the system process without a qualified user: android.app.ContextImpl.startService:1357 android.content.ContextWrapper.startService:613 android.content.ContextWrapper.startService:613 com.android.coreservice.CoreBroadcastReceiver.onReceive:85 android.app.ActivityThread.handleReceiver:3045 
02-19 04:42:42.735  1961  1961 I appstore: app Not Started
02-19 04:42:42.746 11475 11475 W ContextImpl: Calling a method in the system process without a qualified user: android.app.ContextImpl.startService:1357 android.content.ContextWrapper.startService:613 android.content.ContextWrapper.startService:613 com.android.keychain.KeyChainBroadcastReceiver.onReceive:12 android.app.ActivityThread.handleReceiver:3045 
02-19 04:42:42.751  1816  1816 W Launcher: setApplicationContext called twice! old=com.android.launcher3.LauncherApplication@5462273 new=com.android.launcher3.LauncherApplication@5462273
02-19 04:42:42.790  4783 11850 D VoicemailCleanupService: Cleaning up data for package: io.appium.uiautomator2.server
02-19 04:42:42.981  1349  1369 W Searchables: No global search activity found
02-19 04:42:43.051  4740  4756 D NativeLibraryHelper: call FindSupportedAbi, param: supportedAbisArray=x86 armeabi-v7a armeabi 
02-19 04:42:43.052  4740  4756 D NativeLibraryHelper: cur file-size=1554000
02-19 04:42:43.052  4740  4756 D NativeLibraryHelper: abi-list=x86 armeabi-v7a armeabi 
02-19 04:42:43.052  4740  4756 D NativeLibraryHelper: 
02-19 04:42:43.052  4740  4756 D NativeLibraryHelper: cache file-size=78299738
02-19 04:42:43.052  4740  4756 D NativeLibraryHelper: abi-list=x86 armeabi-v7a armeabi 
02-19 04:42:43.059  1816  1816 D Launcher.Workspace: 11683562 - stripEmptyScreens()
02-19 04:42:43.094  4740  4756 D NativeLibraryHelper: native FindSupportedAbi return! ret=-114 abi=NULL
02-19 04:42:43.342  1961  1961 D EventBus: No subscribers registered for event class java.lang.Integer
02-19 04:42:43.342  1961  1961 D EventBus: No subscribers registered for event class org.greenrobot.eventbus.h
02-19 04:42:43.414  1349  1369 W Searchables: No global search activity found
02-19 04:42:43.420  1816  1816 D Launcher.Workspace: 11683562 - stripEmptyScreens()
02-19 04:42:43.576  1349  1403 D NativeLibraryHelper: call FindSupportedAbi, param: supportedAbisArray=x86 armeabi-v7a armeabi 
02-19 04:42:43.629  1961  1961 D EventBus: No subscribers registered for event class java.lang.Integer
02-19 04:42:43.629  1961  1961 D EventBus: No subscribers registered for event class org.greenrobot.eventbus.h
02-19 04:42:43.664  1349  1403 D NativeLibraryHelper: cur file-size=1554000
02-19 04:42:43.664  1349  1403 D NativeLibraryHelper: abi-list=x86 armeabi-v7a armeabi 
02-19 04:42:43.664  1349  1403 D NativeLibraryHelper: 
02-19 04:42:43.664  1349  1403 D NativeLibraryHelper: cache file-size=78299738
02-19 04:42:43.664  1349  1403 D NativeLibraryHelper: abi-list=x86 armeabi-v7a armeabi 
02-19 04:42:43.664  1349  1403 D NativeLibraryHelper: native FindSupportedAbi return! ret=-114 abi=NULL
02-19 04:42:43.664  1349  1403 I PackageManager: do copyNativeBinariesForSupportedAbi copyRet=-114
02-19 04:42:44.161  1349  1403 V BackupManagerService: restoreAtInstall pkg=io.appium.uiautomator2.server token=17 restoreSet=0
02-19 04:42:44.161  1349  1403 W BackupManagerService: Requested unavailable transport: android/com.android.internal.backup.LocalTransport
02-19 04:42:44.161  1349  1403 W BackupManagerService: No transport
02-19 04:42:44.161  1349  1403 V BackupManagerService: Finishing install immediately
02-19 04:42:44.384  4740  4757 D NativeLibraryHelper: call FindSupportedAbi, param: supportedAbisArray=x86 armeabi-v7a armeabi 
02-19 04:42:44.384  4740  4757 D NativeLibraryHelper: cur file-size=1809662
02-19 04:42:44.384  4740  4757 D NativeLibraryHelper: abi-list=x86 armeabi-v7a armeabi 
02-19 04:42:44.384  4740  4757 D NativeLibraryHelper: 
02-19 04:42:44.384  4740  4757 D NativeLibraryHelper: cache file-size=78299738
02-19 04:42:44.384  4740  4757 D NativeLibraryHelper: abi-list=x86 armeabi-v7a armeabi 
02-19 04:42:44.385  4740  4757 D NativeLibraryHelper: native FindSupportedAbi return! ret=-114 abi=NULL
02-19 04:42:44.460  1349  1403 I art     : Starting a blocking GC Explicit
02-19 04:42:45.171  1349  1403 I art     : Explicit concurrent mark sweep GC freed 30935(1953KB) AllocSpace objects, 18(456KB) LOS objects, 33% free, 10MB/16MB, paused 370us total 648.103ms
02-19 04:42:45.180  1191  1191 E         : Couldn't opendir /data/app/vmdl1684094635.tmp: No such file or directory
02-19 04:42:45.212 11870 11870 I appproc : exec app_process! cmdline: /system/bin com.android.commands.settings.SettingsCmd get secure default_input_method 
02-19 04:42:45.226 11870 11870 D AndroidRuntime: >>>>>> START com.android.internal.os.RuntimeInit uid 0 <<<<<<
02-19 04:42:45.287 11870 11870 D AndroidRuntime: CheckJNI is OFF
02-19 04:42:45.696  1349  1403 D NativeLibraryHelper: call FindSupportedAbi, param: supportedAbisArray=x86 armeabi-v7a armeabi 
02-19 04:42:45.696  1349  1403 D NativeLibraryHelper: cur file-size=1809662
02-19 04:42:45.696  1349  1403 D NativeLibraryHelper: abi-list=x86 armeabi-v7a armeabi 
02-19 04:42:45.696  1349  1403 D NativeLibraryHelper: 
02-19 04:42:45.696  1349  1403 D NativeLibraryHelper: cache file-size=78299738
02-19 04:42:45.696  1349  1403 D NativeLibraryHelper: abi-list=x86 armeabi-v7a armeabi 
02-19 04:42:45.718  1349  1403 D NativeLibraryHelper: native FindSupportedAbi return! ret=-114 abi=NULL
02-19 04:42:45.719  1349  1403 I PackageManager: do copyNativeBinariesForSupportedAbi copyRet=-114
02-19 04:42:45.851 11870 11870 D ICU     : No timezone override file found: /data/misc/zoneinfo/current/icu/icu_tzdata.dat
02-19 04:42:45.916 11870 11870 D libnativebridge: PreInitializeNativeBridge name=unknown instruction_set=x86
02-19 04:42:45.916 11870 11870 D libnativebridge: call UnloadNativeBridge! state=1
02-19 04:42:45.965 11870 11870 E memtrack: Couldn't load memtrack module (No such file or directory)
02-19 04:42:45.965 11870 11870 E android.os.Debug: failed to load memtrack module: -2
02-19 04:42:45.971 11870 11870 I Radio-JNI: register_android_hardware_Radio DONE
02-19 04:42:46.003 11870 11870 D AndroidRuntime: Calling main entry com.android.commands.settings.SettingsCmd
02-19 04:42:46.041 11870 11870 D AndroidRuntime: Shutting down VM
02-19 04:42:47.313 11880 11880 I appproc : exec app_process! cmdline: /system/bin com.android.commands.ime.Ime enable io.appium.settings/.UnicodeIME 
02-19 04:42:47.314 11880 11880 D AndroidRuntime: >>>>>> START com.android.internal.os.RuntimeInit uid 0 <<<<<<
02-19 04:42:47.325  1349  1369 W art     : Long monitor contention with owner PackageManager (1403) at void com.android.server.pm.PackageManagerService.updateSettingsInternalLI(android.content.pm.PackageParser$Package, java.lang.String, int[], int[], com.android.server.pm.PackageManagerService$PackageInstalledInfo, android.os.UserHandle)(PackageManagerService.java:15478) waiters=0 in void com.android.server.pm.Settings$RuntimePermissionPersistence.writePermissionsSync(int) for 515ms
02-19 04:42:47.326  1349  1403 V BackupManagerService: restoreAtInstall pkg=io.appium.uiautomator2.server.test token=18 restoreSet=0
02-19 04:42:47.326  1349  1403 W BackupManagerService: Requested unavailable transport: android/com.android.internal.backup.LocalTransport
02-19 04:42:47.326  1349  1403 W BackupManagerService: No transport
02-19 04:42:47.326  1349  1403 V BackupManagerService: Finishing install immediately
02-19 04:42:47.353  1816  1816 D LdHotSeatAdImp: Test: updateAHotSetIcon viewItem=null
02-19 04:42:47.360  1349  1419 I InputReader: Reconfiguring input devices.  changes=0x00000010
02-19 04:42:47.401  1782  1782 W ContextImpl: Calling a method in the system process without a qualified user: android.app.ContextImpl.startService:1357 android.content.ContextWrapper.startService:613 android.content.ContextWrapper.startService:613 com.android.coreservice.CoreBroadcastReceiver.onReceive:77 android.app.ActivityThread.handleReceiver:3045 
02-19 04:42:47.407  1516  1516 E PhoneInterfaceManager: [PhoneIntfMgr] getCarrierPackageNamesForIntent: No UICC
02-19 04:42:47.407  1516  1516 D CarrierSvcBindHelper: No carrier app for: 0
02-19 04:42:47.411  1516  1516 D CarrierConfigLoader: mHandler: 9 phoneId: 0
02-19 04:42:47.459 11880 11880 D AndroidRuntime: CheckJNI is OFF
02-19 04:42:47.523  1349  1403 I art     : Starting a blocking GC Explicit
02-19 04:42:47.530 11889 11889 D su      : su invoked.
02-19 04:42:47.584 11890 11890 D su      : starting daemon client 10018 10018
02-19 04:42:47.628 11892 11892 D su      : connecting client 11888
02-19 04:42:47.704 11895 11895 D su      : remote pid: 11888
02-19 04:42:47.801 11896 11896 D su      : remote pts_slave: 
02-19 04:42:47.882 11897 11897 D su      : remote uid: 10018
02-19 04:42:47.971 11898 11898 D su      : remote req pid: 1961
02-19 04:42:48.076 11899 11899 D su      : remote args: 1
02-19 04:42:48.199 11902 11902 D su      : waiting for child exit
02-19 04:42:48.241 11904 11904 D su      : su invoked.
02-19 04:42:48.305 11880 11880 D ICU     : No timezone override file found: /data/misc/zoneinfo/current/icu/icu_tzdata.dat
02-19 04:42:48.423 11905 11905 D su      : db allowed
02-19 04:42:48.449 11880 11880 D libnativebridge: PreInitializeNativeBridge name=unknown instruction_set=x86
02-19 04:42:48.467 11880 11880 D libnativebridge: call UnloadNativeBridge! state=1
02-19 04:42:48.553  1349  1403 I art     : Explicit concurrent mark sweep GC freed 23962(1463KB) AllocSpace objects, 13(260KB) LOS objects, 33% free, 10MB/16MB, paused 649us total 983.106ms
02-19 04:42:48.565  1191  1191 E         : Couldn't opendir /data/app/vmdl1422316862.tmp: No such file or directory
02-19 04:42:48.599  1349  1369 W Searchables: No global search activity found
02-19 04:42:48.622 11908 11908 D su      : 10018 /system/bin/app_process32 executing 0 /system/bin/sh using binary /system/bin/sh : sh
02-19 04:42:48.659 11880 11880 E memtrack: Couldn't load memtrack module (No such file or directory)
02-19 04:42:48.659 11880 11880 E android.os.Debug: failed to load memtrack module: -2
02-19 04:42:48.675 11880 11880 I Radio-JNI: register_android_hardware_Radio DONE
02-19 04:42:48.718  1349  1419 I InputReader: Reconfiguring input devices.  changes=0x00000010
02-19 04:42:48.722  1816  1816 D LdHotSeatAdImp: Test: updateAHotSetIcon viewItem=null
02-19 04:42:48.732  1349  1369 W VoiceInteractionManagerService: no available voice recognition services found for user 0
02-19 04:42:48.757  1516  1516 E PhoneInterfaceManager: [PhoneIntfMgr] getCarrierPackageNamesForIntent: No UICC
02-19 04:42:48.757  1516  1516 D CarrierSvcBindHelper: No carrier app for: 0
02-19 04:42:48.758  1516  1516 D CarrierConfigLoader: mHandler: 9 phoneId: 0
02-19 04:42:48.797 11880 11880 D AndroidRuntime: Calling main entry com.android.commands.ime.Ime
02-19 04:42:48.829 11880 11880 D AndroidRuntime: Shutting down VM
02-19 04:42:48.849 11880 11916 W art     : Thread attaching while runtime is shutting down: Binder:11880_2
02-19 04:42:48.849 11880 11916 I AndroidRuntime: NOTE: attach of thread 'Binder:11880_2' failed
02-19 04:42:49.115 11918 11918 D su      : sending code
02-19 04:42:49.173 11920 11920 D su      : client exited 255
02-19 04:42:49.260 11919 11919 D su      : child exited
02-19 04:42:49.287  1961  1961 W System.err: android.content.pm.PackageManager$NameNotFoundException: com.gbits.atm.leiting
02-19 04:42:49.288  1961  1961 W System.err: 	at android.app.ApplicationPackageManager.getPackageInfoAsUser(ApplicationPackageManager.java:147)
02-19 04:42:49.288  1961  1961 W System.err: 	at android.app.ApplicationPackageManager.getPackageInfo(ApplicationPackageManager.java:132)
02-19 04:42:49.288  1961  1961 W System.err: 	at com.android.flysilkworm.a.c.c(ApkPackageMgr.java:3)
02-19 04:42:49.288  1961  1961 W System.err: 	at com.android.flysilkworm.common.utils.r.b(LdIdUtils.java:40)
02-19 04:42:49.288  1961  1961 W System.err: 	at com.android.flysilkworm.common.utils.r.b(LdIdUtils.java:33)
02-19 04:42:49.288  1961  1961 W System.err: 	at com.android.flysilkworm.app.service.ApkReceiver.a(ApkReceiver.java:12)
02-19 04:42:49.288  1961  1961 W System.err: 	at com.android.flysilkworm.app.service.ApkReceiver.onReceive(ApkReceiver.java:3)
02-19 04:42:49.288  1961  1961 W System.err: 	at android.app.ActivityThread.handleReceiver(ActivityThread.java:3045)
02-19 04:42:49.288  1961  1961 W System.err: 	at android.app.ActivityThread.-wrap18(ActivityThread.java)
02-19 04:42:49.288  1961  1961 W System.err: 	at android.app.ActivityThread$H.handleMessage(ActivityThread.java:1566)
02-19 04:42:49.288  1961  1961 W System.err: 	at android.os.Handler.dispatchMessage(Handler.java:102)
02-19 04:42:49.288  1961  1961 W System.err: 	at android.os.Looper.loop(Looper.java:154)
02-19 04:42:49.288  1961  1961 W System.err: 	at android.app.ActivityThread.main(ActivityThread.java:6146)
